{
  "Entries": [
    {
      "RequestUri": "/subscriptions/f34b22a3-2202-4fb1-b040-1332bd928c84/providers/Microsoft.Resources?api-version=2016-09-01",
      "EncodedRequestUri": "L3N1YnNjcmlwdGlvbnMvZjM0YjIyYTMtMjIwMi00ZmIxLWIwNDAtMTMzMmJkOTI4Yzg0L3Byb3ZpZGVycy9NaWNyb3NvZnQuUmVzb3VyY2VzP2FwaS12ZXJzaW9uPTIwMTYtMDktMDE=",
      "RequestMethod": "GET",
      "RequestBody": "",
      "RequestHeaders": {
        "x-ms-client-request-id": [
          "c78b2c94-450b-4d27-9b7a-2f7a10c34156"
        ],
        "Accept-Language": [
          "en-US"
        ],
        "User-Agent": [
          "FxVersion/4.6.27019.06",
          "OSName/Windows",
          "OSVersion/Microsoft.Windows.10.0.17763.",
          "Microsoft.Azure.Management.Internal.Resources.ResourceManagementClient/1.1.11"
        ]
      },
      "ResponseHeaders": {
        "Cache-Control": [
          "no-cache"
        ],
        "Pragma": [
          "no-cache"
        ],
        "x-ms-ratelimit-remaining-subscription-reads": [
          "11997"
        ],
        "x-ms-request-id": [
          "26368ece-79e8-4243-a5a4-6d355f2befd9"
        ],
        "x-ms-correlation-request-id": [
          "26368ece-79e8-4243-a5a4-6d355f2befd9"
        ],
        "x-ms-routing-request-id": [
          "WESTUS2:20181213T232336Z:26368ece-79e8-4243-a5a4-6d355f2befd9"
        ],
        "Strict-Transport-Security": [
          "max-age=31536000; includeSubDomains"
        ],
        "X-Content-Type-Options": [
          "nosniff"
        ],
        "Date": [
          "Thu, 13 Dec 2018 23:23:36 GMT"
        ],
        "Content-Type": [
          "application/json; charset=utf-8"
        ],
        "Expires": [
          "-1"
        ],
        "Content-Length": [
          "7108"
        ]
      },
      "ResponseBody": "{\r\n  \"id\": \"/subscriptions/f34b22a3-2202-4fb1-b040-1332bd928c84/providers/Microsoft.Resources\",\r\n  \"namespace\": \"Microsoft.Resources\",\r\n  \"resourceTypes\": [\r\n    {\r\n      \"resourceType\": \"tenants\",\r\n      \"locations\": [],\r\n      \"apiVersions\": [\r\n        \"2018-09-01\",\r\n        \"2018-08-01\",\r\n        \"2018-07-01\",\r\n        \"2018-05-01\",\r\n        \"2018-02-01\",\r\n        \"2018-01-01\",\r\n        \"2017-08-01\",\r\n        \"2017-06-01\",\r\n        \"2017-05-10\",\r\n        \"2017-05-01\",\r\n        \"2017-03-01\",\r\n        \"2016-09-01\",\r\n        \"2016-07-01\",\r\n        \"2016-06-01\",\r\n        \"2016-02-01\",\r\n        \"2015-11-01\",\r\n        \"2015-01-01\",\r\n        \"2014-04-01-preview\"\r\n      ]\r\n    },\r\n    {\r\n      \"resourceType\": \"locations\",\r\n      \"locations\": [],\r\n      \"apiVersions\": [\r\n        \"2018-09-01\",\r\n        \"2018-08-01\",\r\n        \"2018-07-01\",\r\n        \"2018-05-01\",\r\n        \"2018-02-01\",\r\n        \"2018-01-01\",\r\n        \"2017-08-01\",\r\n        \"2017-06-01\",\r\n        \"2017-05-10\",\r\n        \"2017-05-01\",\r\n        \"2017-03-01\",\r\n        \"2016-09-01\",\r\n        \"2016-07-01\",\r\n        \"2016-06-01\",\r\n        \"2016-02-01\",\r\n        \"2015-11-01\",\r\n        \"2015-01-01\",\r\n        \"2014-04-01-preview\"\r\n      ]\r\n    },\r\n    {\r\n      \"resourceType\": \"notifyResourceJobs\",\r\n      \"locations\": [],\r\n      \"apiVersions\": [\r\n        \"2018-02-01\"\r\n      ]\r\n    },\r\n    {\r\n      \"resourceType\": \"checkPolicyCompliance\",\r\n      \"locations\": [],\r\n      \"apiVersions\": [\r\n        \"2018-09-01\",\r\n        \"2018-08-01\",\r\n        \"2018-07-01\",\r\n        \"2018-05-01\",\r\n        \"2018-02-01\",\r\n        \"2018-01-01\",\r\n        \"2017-08-01\",\r\n        \"2017-06-01\",\r\n        \"2017-05-10\",\r\n        \"2017-05-01\",\r\n        \"2017-03-01\",\r\n        \"2016-09-01\",\r\n        \"2016-07-01\",\r\n        \"2016-06-01\",\r\n        \"2016-02-01\",\r\n        \"2015-11-01\",\r\n        \"2015-01-01\",\r\n        \"2014-04-01-preview\"\r\n      ]\r\n    },\r\n    {\r\n      \"resourceType\": \"providers\",\r\n      \"locations\": [],\r\n      \"apiVersions\": [\r\n        \"2018-09-01\",\r\n        \"2018-08-01\",\r\n        \"2018-07-01\",\r\n        \"2018-05-01\",\r\n        \"2018-02-01\",\r\n        \"2018-01-01\",\r\n        \"2017-08-01\",\r\n        \"2017-06-01\",\r\n        \"2017-05-10\",\r\n        \"2017-05-01\",\r\n        \"2017-03-01\",\r\n        \"2016-09-01\",\r\n        \"2016-07-01\",\r\n        \"2016-06-01\",\r\n        \"2016-02-01\",\r\n        \"2015-11-01\",\r\n        \"2015-01-01\",\r\n        \"2014-04-01-preview\"\r\n      ]\r\n    },\r\n    {\r\n      \"resourceType\": \"checkresourcename\",\r\n      \"locations\": [],\r\n      \"apiVersions\": [\r\n        \"2018-09-01\",\r\n        \"2018-08-01\",\r\n        \"2018-07-01\",\r\n        \"2018-05-01\",\r\n        \"2018-02-01\",\r\n        \"2018-01-01\",\r\n        \"2017-08-01\",\r\n        \"2017-06-01\",\r\n        \"2017-05-10\",\r\n        \"2017-05-01\",\r\n        \"2017-03-01\",\r\n        \"2016-09-01\",\r\n        \"2016-07-01\",\r\n        \"2016-06-01\",\r\n        \"2016-02-01\",\r\n        \"2015-11-01\",\r\n        \"2015-01-01\",\r\n        \"2014-04-01-preview\"\r\n      ]\r\n    },\r\n    {\r\n      \"resourceType\": \"resources\",\r\n      \"locations\": [],\r\n      \"apiVersions\": [\r\n        \"2018-09-01\",\r\n        \"2018-08-01\",\r\n        \"2018-07-01\",\r\n        \"2018-05-01\",\r\n        \"2018-02-01\",\r\n        \"2018-01-01\",\r\n        \"2017-08-01\",\r\n        \"2017-06-01\",\r\n        \"2017-05-10\",\r\n        \"2017-05-01\",\r\n        \"2017-03-01\",\r\n        \"2016-09-01\",\r\n        \"2016-07-01\",\r\n        \"2016-06-01\",\r\n        \"2016-02-01\",\r\n        \"2015-11-01\",\r\n        \"2015-01-01\",\r\n        \"2014-04-01-preview\"\r\n      ]\r\n    },\r\n    {\r\n      \"resourceType\": \"subscriptions\",\r\n      \"locations\": [],\r\n      \"apiVersions\": [\r\n        \"2018-09-01\",\r\n        \"2018-08-01\",\r\n        \"2018-07-01\",\r\n        \"2018-05-01\",\r\n        \"2018-02-01\",\r\n        \"2018-01-01\",\r\n        \"2017-08-01\",\r\n        \"2017-06-01\",\r\n        \"2017-05-10\",\r\n        \"2017-05-01\",\r\n        \"2017-03-01\",\r\n        \"2016-09-01\",\r\n        \"2016-07-01\",\r\n        \"2016-06-01\",\r\n        \"2016-02-01\",\r\n        \"2015-11-01\",\r\n        \"2015-01-01\",\r\n        \"2014-04-01-preview\"\r\n      ]\r\n    },\r\n    {\r\n      \"resourceType\": \"subscriptions/resources\",\r\n      \"locations\": [],\r\n      \"apiVersions\": [\r\n        \"2018-09-01\",\r\n        \"2018-08-01\",\r\n        \"2018-07-01\",\r\n        \"2018-05-01\",\r\n        \"2018-02-01\",\r\n        \"2018-01-01\",\r\n        \"2017-08-01\",\r\n        \"2017-06-01\",\r\n        \"2017-05-10\",\r\n        \"2017-05-01\",\r\n        \"2017-03-01\",\r\n        \"2016-09-01\",\r\n        \"2016-07-01\",\r\n        \"2016-06-01\",\r\n        \"2016-02-01\",\r\n        \"2015-11-01\",\r\n        \"2015-01-01\",\r\n        \"2014-04-01-preview\"\r\n      ]\r\n    },\r\n    {\r\n      \"resourceType\": \"subscriptions/providers\",\r\n      \"locations\": [],\r\n      \"apiVersions\": [\r\n        \"2018-09-01\",\r\n        \"2018-08-01\",\r\n        \"2018-07-01\",\r\n        \"2018-05-01\",\r\n        \"2018-02-01\",\r\n        \"2018-01-01\",\r\n        \"2017-08-01\",\r\n        \"2017-06-01\",\r\n        \"2017-05-10\",\r\n        \"2017-05-01\",\r\n        \"2017-03-01\",\r\n        \"2016-09-01\",\r\n        \"2016-07-01\",\r\n        \"2016-06-01\",\r\n        \"2016-02-01\",\r\n        \"2015-11-01\",\r\n        \"2015-01-01\",\r\n        \"2014-04-01-preview\"\r\n      ]\r\n    },\r\n    {\r\n      \"resourceType\": \"subscriptions/operationresults\",\r\n      \"locations\": [],\r\n      \"apiVersions\": [\r\n        \"2018-09-01\",\r\n        \"2018-08-01\",\r\n        \"2018-07-01\",\r\n        \"2018-05-01\",\r\n        \"2018-02-01\",\r\n        \"2018-01-01\",\r\n        \"2017-08-01\",\r\n        \"2017-06-01\",\r\n        \"2017-05-10\",\r\n        \"2017-05-01\",\r\n        \"2017-03-01\",\r\n        \"2016-09-01\",\r\n        \"2016-07-01\",\r\n        \"2016-06-01\",\r\n        \"2016-02-01\",\r\n        \"2015-11-01\",\r\n        \"2015-01-01\",\r\n        \"2014-04-01-preview\"\r\n      ]\r\n    },\r\n    {\r\n      \"resourceType\": \"resourceGroups\",\r\n      \"locations\": [\r\n        \"Central US\",\r\n        \"East Asia\",\r\n        \"Southeast Asia\",\r\n        \"East US\",\r\n        \"East US 2\",\r\n        \"West US\",\r\n        \"West US 2\",\r\n        \"North Central US\",\r\n        \"South Central US\",\r\n        \"West Central US\",\r\n        \"North Europe\",\r\n        \"West Europe\",\r\n        \"Japan East\",\r\n        \"Japan West\",\r\n        \"Brazil South\",\r\n        \"Australia Southeast\",\r\n        \"Australia East\",\r\n        \"West India\",\r\n        \"South India\",\r\n        \"Central India\",\r\n        \"Canada Central\",\r\n        \"Canada East\",\r\n        \"UK South\",\r\n        \"UK West\",\r\n        \"Korea Central\",\r\n        \"Korea South\",\r\n        \"France Central\",\r\n        \"East US 2 EUAP\",\r\n        \"Central US EUAP\"\r\n      ],\r\n      \"apiVersions\": [\r\n        \"2018-09-01\",\r\n        \"2018-08-01\",\r\n        \"2018-07-01\",\r\n        \"2018-05-01\",\r\n        \"2018-02-01\",\r\n        \"2018-01-01\",\r\n        \"2017-08-01\",\r\n        \"2017-06-01\",\r\n        \"2017-05-10\",\r\n        \"2017-05-01\",\r\n        \"2017-03-01\",\r\n        \"2016-09-01\",\r\n        \"2016-07-01\",\r\n        \"2016-06-01\",\r\n        \"2016-02-01\",\r\n        \"2015-11-01\",\r\n        \"2015-01-01\",\r\n        \"2014-04-01-preview\"\r\n      ]\r\n    },\r\n    {\r\n      \"resourceType\": \"subscriptions/resourceGroups\",\r\n      \"locations\": [\r\n        \"Central US\",\r\n        \"East Asia\",\r\n        \"Southeast Asia\",\r\n        \"East US\",\r\n        \"East US 2\",\r\n        \"West US\",\r\n        \"West US 2\",\r\n        \"North Central US\",\r\n        \"South Central US\",\r\n        \"West Central US\",\r\n        \"North Europe\",\r\n        \"West Europe\",\r\n        \"Japan East\",\r\n        \"Japan West\",\r\n        \"Brazil South\",\r\n        \"Australia Southeast\",\r\n        \"Australia East\",\r\n        \"West India\",\r\n        \"South India\",\r\n        \"Central India\",\r\n        \"Canada Central\",\r\n        \"Canada East\",\r\n        \"UK South\",\r\n        \"UK West\",\r\n        \"Korea Central\",\r\n        \"Korea South\",\r\n        \"France Central\",\r\n        \"East US 2 EUAP\",\r\n        \"Central US EUAP\"\r\n      ],\r\n      \"apiVersions\": [\r\n        \"2018-09-01\",\r\n        \"2018-08-01\",\r\n        \"2018-07-01\",\r\n        \"2018-05-01\",\r\n        \"2018-02-01\",\r\n        \"2018-01-01\",\r\n        \"2017-08-01\",\r\n        \"2017-06-01\",\r\n        \"2017-05-10\",\r\n        \"2017-05-01\",\r\n        \"2017-03-01\",\r\n        \"2016-09-01\",\r\n        \"2016-07-01\",\r\n        \"2016-06-01\",\r\n        \"2016-02-01\",\r\n        \"2015-11-01\",\r\n        \"2015-01-01\",\r\n        \"2014-04-01-preview\"\r\n      ]\r\n    },\r\n    {\r\n      \"resourceType\": \"subscriptions/resourcegroups/resources\",\r\n      \"locations\": [],\r\n      \"apiVersions\": [\r\n        \"2018-09-01\",\r\n        \"2018-08-01\",\r\n        \"2018-07-01\",\r\n        \"2018-05-01\",\r\n        \"2018-02-01\",\r\n        \"2018-01-01\",\r\n        \"2017-08-01\",\r\n        \"2017-06-01\",\r\n        \"2017-05-10\",\r\n        \"2017-05-01\",\r\n        \"2017-03-01\",\r\n        \"2016-09-01\",\r\n        \"2016-07-01\",\r\n        \"2016-06-01\",\r\n        \"2016-02-01\",\r\n        \"2015-11-01\",\r\n        \"2015-01-01\",\r\n        \"2014-04-01-preview\"\r\n      ]\r\n    },\r\n    {\r\n      \"resourceType\": \"subscriptions/locations\",\r\n      \"locations\": [],\r\n      \"apiVersions\": [\r\n        \"2018-09-01\",\r\n        \"2018-08-01\",\r\n        \"2018-07-01\",\r\n        \"2018-05-01\",\r\n        \"2018-02-01\",\r\n        \"2018-01-01\",\r\n        \"2017-08-01\",\r\n        \"2017-06-01\",\r\n        \"2017-05-10\",\r\n        \"2017-05-01\",\r\n        \"2017-03-01\",\r\n        \"2016-09-01\",\r\n        \"2016-07-01\",\r\n        \"2016-06-01\",\r\n        \"2016-02-01\",\r\n        \"2015-11-01\",\r\n        \"2015-01-01\",\r\n        \"2014-04-01-preview\"\r\n      ]\r\n    },\r\n    {\r\n      \"resourceType\": \"subscriptions/tagnames\",\r\n      \"locations\": [],\r\n      \"apiVersions\": [\r\n        \"2018-09-01\",\r\n        \"2018-08-01\",\r\n        \"2018-07-01\",\r\n        \"2018-05-01\",\r\n        \"2018-02-01\",\r\n        \"2018-01-01\",\r\n        \"2017-08-01\",\r\n        \"2017-06-01\",\r\n        \"2017-05-10\",\r\n        \"2017-05-01\",\r\n        \"2017-03-01\",\r\n        \"2016-09-01\",\r\n        \"2016-07-01\",\r\n        \"2016-06-01\",\r\n        \"2016-02-01\",\r\n        \"2015-11-01\",\r\n        \"2015-01-01\",\r\n        \"2014-04-01-preview\"\r\n      ]\r\n    },\r\n    {\r\n      \"resourceType\": \"subscriptions/tagNames/tagValues\",\r\n      \"locations\": [],\r\n      \"apiVersions\": [\r\n        \"2018-09-01\",\r\n        \"2018-08-01\",\r\n        \"2018-07-01\",\r\n        \"2018-05-01\",\r\n        \"2018-02-01\",\r\n        \"2018-01-01\",\r\n        \"2017-08-01\",\r\n        \"2017-06-01\",\r\n        \"2017-05-10\",\r\n        \"2017-05-01\",\r\n        \"2017-03-01\",\r\n        \"2016-09-01\",\r\n        \"2016-07-01\",\r\n        \"2016-06-01\",\r\n        \"2016-02-01\",\r\n        \"2015-11-01\",\r\n        \"2015-01-01\",\r\n        \"2014-04-01-preview\"\r\n      ]\r\n    },\r\n    {\r\n      \"resourceType\": \"deployments\",\r\n      \"locations\": [],\r\n      \"apiVersions\": [\r\n        \"2018-09-01\",\r\n        \"2018-08-01\",\r\n        \"2018-07-01\",\r\n        \"2018-05-01\",\r\n        \"2018-02-01\",\r\n        \"2018-01-01\",\r\n        \"2017-08-01\",\r\n        \"2017-06-01\",\r\n        \"2017-05-10\",\r\n        \"2017-05-01\",\r\n        \"2017-03-01\",\r\n        \"2016-09-01\",\r\n        \"2016-07-01\",\r\n        \"2016-06-01\",\r\n        \"2016-02-01\",\r\n        \"2015-11-01\",\r\n        \"2015-01-01\",\r\n        \"2014-04-01-preview\"\r\n      ]\r\n    },\r\n    {\r\n      \"resourceType\": \"deployments/operations\",\r\n      \"locations\": [],\r\n      \"apiVersions\": [\r\n        \"2018-09-01\",\r\n        \"2018-08-01\",\r\n        \"2018-07-01\",\r\n        \"2018-05-01\",\r\n        \"2018-02-01\",\r\n        \"2018-01-01\",\r\n        \"2017-08-01\",\r\n        \"2017-06-01\",\r\n        \"2017-05-10\",\r\n        \"2017-05-01\",\r\n        \"2017-03-01\",\r\n        \"2016-09-01\",\r\n        \"2016-07-01\",\r\n        \"2016-06-01\",\r\n        \"2016-02-01\",\r\n        \"2015-11-01\",\r\n        \"2015-01-01\",\r\n        \"2014-04-01-preview\"\r\n      ]\r\n    },\r\n    {\r\n      \"resourceType\": \"links\",\r\n      \"locations\": [],\r\n      \"apiVersions\": [\r\n        \"2018-09-01\",\r\n        \"2018-08-01\",\r\n        \"2018-07-01\",\r\n        \"2018-05-01\",\r\n        \"2018-02-01\",\r\n        \"2018-01-01\",\r\n        \"2017-08-01\",\r\n        \"2017-06-01\",\r\n        \"2017-05-10\",\r\n        \"2017-05-01\",\r\n        \"2017-03-01\",\r\n        \"2016-09-01\",\r\n        \"2016-07-01\",\r\n        \"2016-06-01\",\r\n        \"2016-02-01\",\r\n        \"2015-11-01\",\r\n        \"2015-01-01\",\r\n        \"2014-04-01-preview\"\r\n      ]\r\n    },\r\n    {\r\n      \"resourceType\": \"operations\",\r\n      \"locations\": [],\r\n      \"apiVersions\": [\r\n        \"2015-01-01\"\r\n      ]\r\n    }\r\n  ],\r\n  \"registrationState\": \"Registered\"\r\n}",
      "StatusCode": 200
    },
    {
      "RequestUri": "/subscriptions/f34b22a3-2202-4fb1-b040-1332bd928c84/resourcegroups/RG-ps9750?api-version=2016-09-01",
      "EncodedRequestUri": "L3N1YnNjcmlwdGlvbnMvZjM0YjIyYTMtMjIwMi00ZmIxLWIwNDAtMTMzMmJkOTI4Yzg0L3Jlc291cmNlZ3JvdXBzL1JHLXBzOTc1MD9hcGktdmVyc2lvbj0yMDE2LTA5LTAx",
      "RequestMethod": "PUT",
      "RequestBody": "{\r\n  \"location\": \"West US\"\r\n}",
      "RequestHeaders": {
        "x-ms-client-request-id": [
          "e17ae95e-367b-459a-b201-5cbd04be7393"
        ],
        "Accept-Language": [
          "en-US"
        ],
        "User-Agent": [
          "FxVersion/4.6.27019.06",
          "OSName/Windows",
          "OSVersion/Microsoft.Windows.10.0.17763.",
          "Microsoft.Azure.Management.Internal.Resources.ResourceManagementClient/1.1.11"
        ],
        "Content-Type": [
          "application/json; charset=utf-8"
        ],
        "Content-Length": [
          "29"
        ]
      },
      "ResponseHeaders": {
        "Cache-Control": [
          "no-cache"
        ],
        "Pragma": [
          "no-cache"
        ],
        "x-ms-ratelimit-remaining-subscription-writes": [
          "1198"
        ],
        "x-ms-request-id": [
          "d5e62783-ef9a-4154-be5c-95a38fa85f13"
        ],
        "x-ms-correlation-request-id": [
          "d5e62783-ef9a-4154-be5c-95a38fa85f13"
        ],
        "x-ms-routing-request-id": [
          "WESTUS2:20181213T232337Z:d5e62783-ef9a-4154-be5c-95a38fa85f13"
        ],
        "Strict-Transport-Security": [
          "max-age=31536000; includeSubDomains"
        ],
        "X-Content-Type-Options": [
          "nosniff"
        ],
        "Date": [
          "Thu, 13 Dec 2018 23:23:37 GMT"
        ],
        "Content-Length": [
          "171"
        ],
        "Content-Type": [
          "application/json; charset=utf-8"
        ],
        "Expires": [
          "-1"
        ]
      },
      "ResponseBody": "{\r\n  \"id\": \"/subscriptions/f34b22a3-2202-4fb1-b040-1332bd928c84/resourceGroups/RG-ps9750\",\r\n  \"name\": \"RG-ps9750\",\r\n  \"location\": \"westus\",\r\n  \"properties\": {\r\n    \"provisioningState\": \"Succeeded\"\r\n  }\r\n}",
      "StatusCode": 201
    },
    {
      "RequestUri": "/subscriptions/f34b22a3-2202-4fb1-b040-1332bd928c84/providers/Microsoft.Logic?api-version=2016-09-01",
      "EncodedRequestUri": "L3N1YnNjcmlwdGlvbnMvZjM0YjIyYTMtMjIwMi00ZmIxLWIwNDAtMTMzMmJkOTI4Yzg0L3Byb3ZpZGVycy9NaWNyb3NvZnQuTG9naWM/YXBpLXZlcnNpb249MjAxNi0wOS0wMQ==",
      "RequestMethod": "GET",
      "RequestBody": "",
      "RequestHeaders": {
        "x-ms-client-request-id": [
          "40a19f82-91f5-44d5-8044-dc4bf9603c28"
        ],
        "Accept-Language": [
          "en-US"
        ],
        "User-Agent": [
          "FxVersion/4.6.27019.06",
          "OSName/Windows",
          "OSVersion/Microsoft.Windows.10.0.17763.",
          "Microsoft.Azure.Management.Internal.Resources.ResourceManagementClient/1.1.11"
        ]
      },
      "ResponseHeaders": {
        "Cache-Control": [
          "no-cache"
        ],
        "Pragma": [
          "no-cache"
        ],
        "x-ms-ratelimit-remaining-subscription-reads": [
          "11996"
        ],
        "x-ms-request-id": [
          "a2ca2b74-81d4-4739-a2f2-dd6235d36e63"
        ],
        "x-ms-correlation-request-id": [
          "a2ca2b74-81d4-4739-a2f2-dd6235d36e63"
        ],
        "x-ms-routing-request-id": [
          "WESTUS2:20181213T232337Z:a2ca2b74-81d4-4739-a2f2-dd6235d36e63"
        ],
        "Strict-Transport-Security": [
          "max-age=31536000; includeSubDomains"
        ],
        "X-Content-Type-Options": [
          "nosniff"
        ],
        "Date": [
          "Thu, 13 Dec 2018 23:23:37 GMT"
        ],
        "Content-Type": [
          "application/json; charset=utf-8"
        ],
        "Expires": [
          "-1"
        ],
        "Content-Length": [
          "3710"
        ]
      },
      "ResponseBody": "{\r\n  \"id\": \"/subscriptions/f34b22a3-2202-4fb1-b040-1332bd928c84/providers/Microsoft.Logic\",\r\n  \"namespace\": \"Microsoft.Logic\",\r\n  \"authorization\": {\r\n    \"applicationId\": \"7cd684f4-8a78-49b0-91ec-6a35d38739ba\",\r\n    \"roleDefinitionId\": \"cb3ef1fb-6e31-49e2-9d87-ed821053fe58\"\r\n  },\r\n  \"resourceTypes\": [\r\n    {\r\n      \"resourceType\": \"workflows\",\r\n      \"locations\": [\r\n        \"North Central US\",\r\n        \"Central US\",\r\n        \"South Central US\",\r\n        \"North Europe\",\r\n        \"West Europe\",\r\n        \"East Asia\",\r\n        \"Southeast Asia\",\r\n        \"West US\",\r\n        \"East US\",\r\n        \"East US 2\",\r\n        \"Japan West\",\r\n        \"Japan East\",\r\n        \"Australia East\",\r\n        \"Australia Southeast\",\r\n        \"South India\",\r\n        \"Central India\",\r\n        \"West India\",\r\n        \"Canada Central\",\r\n        \"Canada East\",\r\n        \"West US 2\",\r\n        \"West Central US\",\r\n        \"UK South\",\r\n        \"UK West\",\r\n        \"Brazil South\",\r\n        \"Central US EUAP\",\r\n        \"East US 2 EUAP\"\r\n      ],\r\n      \"apiVersions\": [\r\n        \"2018-07-01-preview\",\r\n        \"2017-07-01\",\r\n        \"2016-10-01\",\r\n        \"2016-06-01\",\r\n        \"2015-08-01-preview\",\r\n        \"2015-02-01-preview\"\r\n      ],\r\n      \"capabilities\": \"CrossResourceGroupResourceMove, CrossSubscriptionResourceMove, SystemAssignedResourceIdentity\"\r\n    },\r\n    {\r\n      \"resourceType\": \"locations/workflows\",\r\n      \"locations\": [\r\n        \"North Central US\",\r\n        \"Central US\",\r\n        \"South Central US\",\r\n        \"North Europe\",\r\n        \"West Europe\",\r\n        \"East Asia\",\r\n        \"Southeast Asia\",\r\n        \"West US\",\r\n        \"East US\",\r\n        \"East US 2\",\r\n        \"Japan West\",\r\n        \"Japan East\",\r\n        \"Australia East\",\r\n        \"Australia Southeast\",\r\n        \"South India\",\r\n        \"Central India\",\r\n        \"West India\",\r\n        \"Canada Central\",\r\n        \"Canada East\",\r\n        \"West US 2\",\r\n        \"West Central US\",\r\n        \"UK South\",\r\n        \"UK West\",\r\n        \"Brazil South\",\r\n        \"Central US EUAP\",\r\n        \"East US 2 EUAP\"\r\n      ],\r\n      \"apiVersions\": [\r\n        \"2018-07-01-preview\",\r\n        \"2017-07-01\",\r\n        \"2016-10-01\",\r\n        \"2016-06-01\",\r\n        \"2015-08-01-preview\",\r\n        \"2015-02-01-preview\"\r\n      ]\r\n    },\r\n    {\r\n      \"resourceType\": \"locations\",\r\n      \"locations\": [\r\n        \"North Central US\"\r\n      ],\r\n      \"apiVersions\": [\r\n        \"2018-07-01-preview\",\r\n        \"2017-07-01\",\r\n        \"2016-10-01\",\r\n        \"2016-06-01\",\r\n        \"2015-08-01-preview\",\r\n        \"2015-02-01-preview\"\r\n      ]\r\n    },\r\n    {\r\n      \"resourceType\": \"operations\",\r\n      \"locations\": [\r\n        \"North Central US\",\r\n        \"Central US\",\r\n        \"South Central US\",\r\n        \"North Europe\",\r\n        \"West Europe\",\r\n        \"East Asia\",\r\n        \"Southeast Asia\",\r\n        \"West US\",\r\n        \"East US\",\r\n        \"East US 2\",\r\n        \"Japan West\",\r\n        \"Japan East\",\r\n        \"Brazil South\",\r\n        \"Australia East\",\r\n        \"Australia Southeast\",\r\n        \"South India\",\r\n        \"Central India\",\r\n        \"West India\",\r\n        \"Canada Central\",\r\n        \"Canada East\",\r\n        \"West US 2\",\r\n        \"West Central US\",\r\n        \"UK South\",\r\n        \"UK West\"\r\n      ],\r\n      \"apiVersions\": [\r\n        \"2018-07-01-preview\",\r\n        \"2017-07-01\",\r\n        \"2016-10-01\",\r\n        \"2016-06-01\",\r\n        \"2015-08-01-preview\",\r\n        \"2015-02-01-preview\"\r\n      ]\r\n    },\r\n    {\r\n      \"resourceType\": \"integrationAccounts\",\r\n      \"locations\": [\r\n        \"North Central US\",\r\n        \"Central US\",\r\n        \"South Central US\",\r\n        \"North Europe\",\r\n        \"West Europe\",\r\n        \"East Asia\",\r\n        \"Southeast Asia\",\r\n        \"West US\",\r\n        \"East US\",\r\n        \"East US 2\",\r\n        \"Japan West\",\r\n        \"Japan East\",\r\n        \"Australia East\",\r\n        \"Australia Southeast\",\r\n        \"South India\",\r\n        \"Central India\",\r\n        \"West India\",\r\n        \"Canada Central\",\r\n        \"Canada East\",\r\n        \"West US 2\",\r\n        \"West Central US\",\r\n        \"UK South\",\r\n        \"UK West\",\r\n        \"Brazil South\",\r\n        \"Central US EUAP\",\r\n        \"East US 2 EUAP\"\r\n      ],\r\n      \"apiVersions\": [\r\n        \"2018-07-01-preview\",\r\n        \"2016-06-01\",\r\n        \"2015-08-01-preview\"\r\n      ],\r\n      \"capabilities\": \"CrossResourceGroupResourceMove, CrossSubscriptionResourceMove\"\r\n    },\r\n    {\r\n      \"resourceType\": \"hostingEnvironments\",\r\n      \"locations\": [\r\n        \"Brazil South\",\r\n        \"Central US EUAP\",\r\n        \"East US 2 EUAP\"\r\n      ],\r\n      \"apiVersions\": [\r\n        \"2018-04-01-privatepreview\"\r\n      ],\r\n      \"capabilities\": \"CrossResourceGroupResourceMove, CrossSubscriptionResourceMove\"\r\n    },\r\n    {\r\n      \"resourceType\": \"isolatedEnvironments\",\r\n      \"locations\": [\r\n        \"Brazil South\",\r\n        \"Central US EUAP\",\r\n        \"East US 2 EUAP\"\r\n      ],\r\n      \"apiVersions\": [\r\n        \"2018-07-01-preview\",\r\n        \"2018-03-01-preview\"\r\n      ],\r\n      \"capabilities\": \"None\"\r\n    },\r\n    {\r\n      \"resourceType\": \"integrationServiceEnvironments\",\r\n      \"locations\": [\r\n        \"North Central US\",\r\n        \"Central US\",\r\n        \"South Central US\",\r\n        \"North Europe\",\r\n        \"West Europe\",\r\n        \"East Asia\",\r\n        \"Southeast Asia\",\r\n        \"West US\",\r\n        \"East US\",\r\n        \"East US 2\",\r\n        \"Japan West\",\r\n        \"Japan East\",\r\n        \"Brazil South\",\r\n        \"Central US EUAP\",\r\n        \"East US 2 EUAP\",\r\n        \"Australia East\",\r\n        \"Australia Southeast\",\r\n        \"South India\",\r\n        \"Central India\",\r\n        \"West India\",\r\n        \"Canada Central\",\r\n        \"Canada East\",\r\n        \"West US 2\",\r\n        \"West Central US\",\r\n        \"UK South\",\r\n        \"UK West\"\r\n      ],\r\n      \"apiVersions\": [\r\n        \"2018-07-01-preview\",\r\n        \"2018-03-01-preview\"\r\n      ],\r\n      \"capabilities\": \"None\"\r\n    }\r\n  ],\r\n  \"registrationState\": \"Registered\"\r\n}",
      "StatusCode": 200
    },
    {
      "RequestUri": "/subscriptions/f34b22a3-2202-4fb1-b040-1332bd928c84/resourceGroups/RG-ps9750/providers/Microsoft.Logic/integrationAccounts/IA-ps6238?api-version=2018-07-01-preview",
      "EncodedRequestUri": "L3N1YnNjcmlwdGlvbnMvZjM0YjIyYTMtMjIwMi00ZmIxLWIwNDAtMTMzMmJkOTI4Yzg0L3Jlc291cmNlR3JvdXBzL1JHLXBzOTc1MC9wcm92aWRlcnMvTWljcm9zb2Z0LkxvZ2ljL2ludGVncmF0aW9uQWNjb3VudHMvSUEtcHM2MjM4P2FwaS12ZXJzaW9uPTIwMTgtMDctMDEtcHJldmlldw==",
      "RequestMethod": "GET",
      "RequestBody": "",
      "RequestHeaders": {
        "x-ms-client-request-id": [
          "5da688fa-fe73-4b89-9e7a-5b542b3dd5bd"
        ],
        "Accept-Language": [
          "en-US"
        ],
        "User-Agent": [
          "FxVersion/4.6.27019.06",
          "OSName/Windows",
          "OSVersion/Microsoft.Windows.10.0.17763.",
          "Microsoft.Azure.Management.Logic.LogicManagementClient/4.0.0.0"
        ]
      },
      "ResponseHeaders": {
        "Cache-Control": [
          "no-cache"
        ],
        "Pragma": [
          "no-cache"
        ],
        "x-ms-failure-cause": [
          "gateway"
        ],
        "x-ms-request-id": [
          "3025cab0-595d-4fe0-b3bd-37ba1c810ef3"
        ],
        "x-ms-correlation-request-id": [
          "3025cab0-595d-4fe0-b3bd-37ba1c810ef3"
        ],
        "x-ms-routing-request-id": [
          "WESTUS2:20181213T232338Z:3025cab0-595d-4fe0-b3bd-37ba1c810ef3"
        ],
        "Strict-Transport-Security": [
          "max-age=31536000; includeSubDomains"
        ],
        "X-Content-Type-Options": [
          "nosniff"
        ],
        "Date": [
          "Thu, 13 Dec 2018 23:23:37 GMT"
        ],
        "Content-Type": [
          "application/json; charset=utf-8"
        ],
        "Expires": [
          "-1"
        ],
        "Content-Length": [
          "158"
        ]
      },
      "ResponseBody": "{\r\n  \"error\": {\r\n    \"code\": \"ResourceNotFound\",\r\n    \"message\": \"The Resource 'Microsoft.Logic/integrationAccounts/IA-ps6238' under resource group 'RG-ps9750' was not found.\"\r\n  }\r\n}",
      "StatusCode": 404
    },
    {
      "RequestUri": "/subscriptions/f34b22a3-2202-4fb1-b040-1332bd928c84/resourceGroups/RG-ps9750/providers/Microsoft.Logic/integrationAccounts/IA-ps6238?api-version=2018-07-01-preview",
      "EncodedRequestUri": "L3N1YnNjcmlwdGlvbnMvZjM0YjIyYTMtMjIwMi00ZmIxLWIwNDAtMTMzMmJkOTI4Yzg0L3Jlc291cmNlR3JvdXBzL1JHLXBzOTc1MC9wcm92aWRlcnMvTWljcm9zb2Z0LkxvZ2ljL2ludGVncmF0aW9uQWNjb3VudHMvSUEtcHM2MjM4P2FwaS12ZXJzaW9uPTIwMTgtMDctMDEtcHJldmlldw==",
      "RequestMethod": "GET",
      "RequestBody": "",
      "RequestHeaders": {
        "x-ms-client-request-id": [
          "d603d418-2c80-4f42-aebf-fe834a2d3c7b"
        ],
        "Accept-Language": [
          "en-US"
        ],
        "User-Agent": [
          "FxVersion/4.6.27019.06",
          "OSName/Windows",
          "OSVersion/Microsoft.Windows.10.0.17763.",
          "Microsoft.Azure.Management.Logic.LogicManagementClient/4.0.0.0"
        ]
      },
      "ResponseHeaders": {
        "Cache-Control": [
          "no-cache"
        ],
        "Pragma": [
          "no-cache"
        ],
        "Vary": [
          "Accept-Encoding"
        ],
        "x-ms-request-id": [
          "westus:0f624adb-3447-44a2-9a34-feef6ee6bd64"
        ],
        "Strict-Transport-Security": [
          "max-age=31536000; includeSubDomains"
        ],
        "x-ms-ratelimit-remaining-subscription-reads": [
          "11975"
        ],
        "x-ms-correlation-request-id": [
          "da0df779-6b70-4b91-90cc-01f8177533db"
        ],
        "x-ms-routing-request-id": [
          "WESTUS2:20181213T232339Z:da0df779-6b70-4b91-90cc-01f8177533db"
        ],
        "X-Content-Type-Options": [
          "nosniff"
        ],
        "Date": [
          "Thu, 13 Dec 2018 23:23:38 GMT"
        ],
        "Content-Length": [
          "285"
        ],
        "Content-Type": [
          "application/json; charset=utf-8"
        ],
        "Expires": [
          "-1"
        ]
      },
      "ResponseBody": "{\r\n  \"properties\": {\r\n    \"state\": \"Enabled\"\r\n  },\r\n  \"sku\": {\r\n    \"name\": \"Standard\"\r\n  },\r\n  \"id\": \"/subscriptions/f34b22a3-2202-4fb1-b040-1332bd928c84/resourceGroups/RG-ps9750/providers/Microsoft.Logic/integrationAccounts/IA-ps6238\",\r\n  \"name\": \"IA-ps6238\",\r\n  \"type\": \"Microsoft.Logic/integrationAccounts\",\r\n  \"location\": \"West US\"\r\n}",
      "StatusCode": 200
    },
    {
      "RequestUri": "/subscriptions/f34b22a3-2202-4fb1-b040-1332bd928c84/resourceGroups/RG-ps9750/providers/Microsoft.Logic/integrationAccounts/IA-ps6238?api-version=2018-07-01-preview",
      "EncodedRequestUri": "L3N1YnNjcmlwdGlvbnMvZjM0YjIyYTMtMjIwMi00ZmIxLWIwNDAtMTMzMmJkOTI4Yzg0L3Jlc291cmNlR3JvdXBzL1JHLXBzOTc1MC9wcm92aWRlcnMvTWljcm9zb2Z0LkxvZ2ljL2ludGVncmF0aW9uQWNjb3VudHMvSUEtcHM2MjM4P2FwaS12ZXJzaW9uPTIwMTgtMDctMDEtcHJldmlldw==",
      "RequestMethod": "GET",
      "RequestBody": "",
      "RequestHeaders": {
        "x-ms-client-request-id": [
          "7ecea19c-90d7-4686-95e1-8f7a254110be"
        ],
        "Accept-Language": [
          "en-US"
        ],
        "User-Agent": [
          "FxVersion/4.6.27019.06",
          "OSName/Windows",
          "OSVersion/Microsoft.Windows.10.0.17763.",
          "Microsoft.Azure.Management.Logic.LogicManagementClient/4.0.0.0"
        ]
      },
      "ResponseHeaders": {
        "Cache-Control": [
          "no-cache"
        ],
        "Pragma": [
          "no-cache"
        ],
        "Vary": [
          "Accept-Encoding"
        ],
        "x-ms-request-id": [
          "westus:1ad37293-7998-4515-ac4a-5f996a49f534"
        ],
        "Strict-Transport-Security": [
          "max-age=31536000; includeSubDomains"
        ],
        "x-ms-ratelimit-remaining-subscription-reads": [
          "11973"
        ],
        "x-ms-correlation-request-id": [
          "dec8c2d2-8e47-4751-9cd7-40ac22bd0c39"
        ],
        "x-ms-routing-request-id": [
          "WESTUS2:20181213T232339Z:dec8c2d2-8e47-4751-9cd7-40ac22bd0c39"
        ],
        "X-Content-Type-Options": [
          "nosniff"
        ],
        "Date": [
          "Thu, 13 Dec 2018 23:23:38 GMT"
        ],
        "Content-Length": [
          "285"
        ],
        "Content-Type": [
          "application/json; charset=utf-8"
        ],
        "Expires": [
          "-1"
        ]
      },
      "ResponseBody": "{\r\n  \"properties\": {\r\n    \"state\": \"Enabled\"\r\n  },\r\n  \"sku\": {\r\n    \"name\": \"Standard\"\r\n  },\r\n  \"id\": \"/subscriptions/f34b22a3-2202-4fb1-b040-1332bd928c84/resourceGroups/RG-ps9750/providers/Microsoft.Logic/integrationAccounts/IA-ps6238\",\r\n  \"name\": \"IA-ps6238\",\r\n  \"type\": \"Microsoft.Logic/integrationAccounts\",\r\n  \"location\": \"West US\"\r\n}",
      "StatusCode": 200
    },
    {
      "RequestUri": "/subscriptions/f34b22a3-2202-4fb1-b040-1332bd928c84/resourceGroups/RG-ps9750/providers/Microsoft.Logic/integrationAccounts/IA-ps6238?api-version=2018-07-01-preview",
      "EncodedRequestUri": "L3N1YnNjcmlwdGlvbnMvZjM0YjIyYTMtMjIwMi00ZmIxLWIwNDAtMTMzMmJkOTI4Yzg0L3Jlc291cmNlR3JvdXBzL1JHLXBzOTc1MC9wcm92aWRlcnMvTWljcm9zb2Z0LkxvZ2ljL2ludGVncmF0aW9uQWNjb3VudHMvSUEtcHM2MjM4P2FwaS12ZXJzaW9uPTIwMTgtMDctMDEtcHJldmlldw==",
      "RequestMethod": "GET",
      "RequestBody": "",
      "RequestHeaders": {
        "x-ms-client-request-id": [
          "c9732955-079c-41f2-ae5e-f89b1dca5084"
        ],
        "Accept-Language": [
          "en-US"
        ],
        "User-Agent": [
          "FxVersion/4.6.27019.06",
          "OSName/Windows",
          "OSVersion/Microsoft.Windows.10.0.17763.",
          "Microsoft.Azure.Management.Logic.LogicManagementClient/4.0.0.0"
        ]
      },
      "ResponseHeaders": {
        "Cache-Control": [
          "no-cache"
        ],
        "Pragma": [
          "no-cache"
        ],
        "Vary": [
          "Accept-Encoding"
        ],
        "x-ms-request-id": [
          "westus:7daccf65-d9a5-4d0c-ba8d-8df08d30cb76"
        ],
        "Strict-Transport-Security": [
          "max-age=31536000; includeSubDomains"
        ],
        "x-ms-ratelimit-remaining-subscription-reads": [
          "11971"
        ],
        "x-ms-correlation-request-id": [
          "889420b6-27d9-4e09-ab36-b65cfcdd980e"
        ],
        "x-ms-routing-request-id": [
          "WESTUS2:20181213T232339Z:889420b6-27d9-4e09-ab36-b65cfcdd980e"
        ],
        "X-Content-Type-Options": [
          "nosniff"
        ],
        "Date": [
          "Thu, 13 Dec 2018 23:23:39 GMT"
        ],
        "Content-Length": [
          "285"
        ],
        "Content-Type": [
          "application/json; charset=utf-8"
        ],
        "Expires": [
          "-1"
        ]
      },
      "ResponseBody": "{\r\n  \"properties\": {\r\n    \"state\": \"Enabled\"\r\n  },\r\n  \"sku\": {\r\n    \"name\": \"Standard\"\r\n  },\r\n  \"id\": \"/subscriptions/f34b22a3-2202-4fb1-b040-1332bd928c84/resourceGroups/RG-ps9750/providers/Microsoft.Logic/integrationAccounts/IA-ps6238\",\r\n  \"name\": \"IA-ps6238\",\r\n  \"type\": \"Microsoft.Logic/integrationAccounts\",\r\n  \"location\": \"West US\"\r\n}",
      "StatusCode": 200
    },
    {
      "RequestUri": "/subscriptions/f34b22a3-2202-4fb1-b040-1332bd928c84/resourceGroups/RG-ps9750/providers/Microsoft.Logic/integrationAccounts/IA-ps6238?api-version=2018-07-01-preview",
      "EncodedRequestUri": "L3N1YnNjcmlwdGlvbnMvZjM0YjIyYTMtMjIwMi00ZmIxLWIwNDAtMTMzMmJkOTI4Yzg0L3Jlc291cmNlR3JvdXBzL1JHLXBzOTc1MC9wcm92aWRlcnMvTWljcm9zb2Z0LkxvZ2ljL2ludGVncmF0aW9uQWNjb3VudHMvSUEtcHM2MjM4P2FwaS12ZXJzaW9uPTIwMTgtMDctMDEtcHJldmlldw==",
      "RequestMethod": "GET",
      "RequestBody": "",
      "RequestHeaders": {
        "x-ms-client-request-id": [
          "0cdc4776-9a34-4b5b-945a-af0a4cce1f5f"
        ],
        "Accept-Language": [
          "en-US"
        ],
        "User-Agent": [
          "FxVersion/4.6.27019.06",
          "OSName/Windows",
          "OSVersion/Microsoft.Windows.10.0.17763.",
          "Microsoft.Azure.Management.Logic.LogicManagementClient/4.0.0.0"
        ]
      },
      "ResponseHeaders": {
        "Cache-Control": [
          "no-cache"
        ],
        "Pragma": [
          "no-cache"
        ],
        "Vary": [
          "Accept-Encoding"
        ],
        "x-ms-request-id": [
          "westus:e568e650-c801-4d6f-b5c5-df89934c5606"
        ],
        "Strict-Transport-Security": [
          "max-age=31536000; includeSubDomains"
        ],
        "x-ms-ratelimit-remaining-subscription-reads": [
          "11969"
        ],
        "x-ms-correlation-request-id": [
          "ac118105-5715-4825-881d-39cf3316c66c"
        ],
        "x-ms-routing-request-id": [
          "WESTUS2:20181213T232340Z:ac118105-5715-4825-881d-39cf3316c66c"
        ],
        "X-Content-Type-Options": [
          "nosniff"
        ],
        "Date": [
          "Thu, 13 Dec 2018 23:23:39 GMT"
        ],
        "Content-Length": [
          "285"
        ],
        "Content-Type": [
          "application/json; charset=utf-8"
        ],
        "Expires": [
          "-1"
        ]
      },
      "ResponseBody": "{\r\n  \"properties\": {\r\n    \"state\": \"Enabled\"\r\n  },\r\n  \"sku\": {\r\n    \"name\": \"Standard\"\r\n  },\r\n  \"id\": \"/subscriptions/f34b22a3-2202-4fb1-b040-1332bd928c84/resourceGroups/RG-ps9750/providers/Microsoft.Logic/integrationAccounts/IA-ps6238\",\r\n  \"name\": \"IA-ps6238\",\r\n  \"type\": \"Microsoft.Logic/integrationAccounts\",\r\n  \"location\": \"West US\"\r\n}",
      "StatusCode": 200
    },
    {
      "RequestUri": "/subscriptions/f34b22a3-2202-4fb1-b040-1332bd928c84/resourceGroups/RG-ps9750/providers/Microsoft.Logic/integrationAccounts/IA-ps6238?api-version=2018-07-01-preview",
      "EncodedRequestUri": "L3N1YnNjcmlwdGlvbnMvZjM0YjIyYTMtMjIwMi00ZmIxLWIwNDAtMTMzMmJkOTI4Yzg0L3Jlc291cmNlR3JvdXBzL1JHLXBzOTc1MC9wcm92aWRlcnMvTWljcm9zb2Z0LkxvZ2ljL2ludGVncmF0aW9uQWNjb3VudHMvSUEtcHM2MjM4P2FwaS12ZXJzaW9uPTIwMTgtMDctMDEtcHJldmlldw==",
      "RequestMethod": "GET",
      "RequestBody": "",
      "RequestHeaders": {
        "x-ms-client-request-id": [
          "dd62d957-18a1-432f-8239-e9bc2c5157f3"
        ],
        "Accept-Language": [
          "en-US"
        ],
        "User-Agent": [
          "FxVersion/4.6.27019.06",
          "OSName/Windows",
          "OSVersion/Microsoft.Windows.10.0.17763.",
          "Microsoft.Azure.Management.Logic.LogicManagementClient/4.0.0.0"
        ]
      },
      "ResponseHeaders": {
        "Cache-Control": [
          "no-cache"
        ],
        "Pragma": [
          "no-cache"
        ],
        "Vary": [
          "Accept-Encoding"
        ],
        "x-ms-request-id": [
          "westus:8894fb0a-4857-4dd6-8ec9-a5aa8287598e"
        ],
        "Strict-Transport-Security": [
          "max-age=31536000; includeSubDomains"
        ],
        "x-ms-ratelimit-remaining-subscription-reads": [
          "11967"
        ],
        "x-ms-correlation-request-id": [
          "6042bd17-dea0-4427-ac52-b32b9f7ce866"
        ],
        "x-ms-routing-request-id": [
          "WESTUS2:20181213T232340Z:6042bd17-dea0-4427-ac52-b32b9f7ce866"
        ],
        "X-Content-Type-Options": [
          "nosniff"
        ],
        "Date": [
          "Thu, 13 Dec 2018 23:23:39 GMT"
        ],
        "Content-Length": [
          "285"
        ],
        "Content-Type": [
          "application/json; charset=utf-8"
        ],
        "Expires": [
          "-1"
        ]
      },
      "ResponseBody": "{\r\n  \"properties\": {\r\n    \"state\": \"Enabled\"\r\n  },\r\n  \"sku\": {\r\n    \"name\": \"Standard\"\r\n  },\r\n  \"id\": \"/subscriptions/f34b22a3-2202-4fb1-b040-1332bd928c84/resourceGroups/RG-ps9750/providers/Microsoft.Logic/integrationAccounts/IA-ps6238\",\r\n  \"name\": \"IA-ps6238\",\r\n  \"type\": \"Microsoft.Logic/integrationAccounts\",\r\n  \"location\": \"West US\"\r\n}",
      "StatusCode": 200
    },
    {
      "RequestUri": "/subscriptions/f34b22a3-2202-4fb1-b040-1332bd928c84/resourceGroups/RG-ps9750/providers/Microsoft.Logic/integrationAccounts/IA-ps6238?api-version=2018-07-01-preview",
      "EncodedRequestUri": "L3N1YnNjcmlwdGlvbnMvZjM0YjIyYTMtMjIwMi00ZmIxLWIwNDAtMTMzMmJkOTI4Yzg0L3Jlc291cmNlR3JvdXBzL1JHLXBzOTc1MC9wcm92aWRlcnMvTWljcm9zb2Z0LkxvZ2ljL2ludGVncmF0aW9uQWNjb3VudHMvSUEtcHM2MjM4P2FwaS12ZXJzaW9uPTIwMTgtMDctMDEtcHJldmlldw==",
      "RequestMethod": "GET",
      "RequestBody": "",
      "RequestHeaders": {
        "x-ms-client-request-id": [
          "e68007c2-1813-4a09-930d-52dc74ae6e6f"
        ],
        "Accept-Language": [
          "en-US"
        ],
        "User-Agent": [
          "FxVersion/4.6.27019.06",
          "OSName/Windows",
          "OSVersion/Microsoft.Windows.10.0.17763.",
          "Microsoft.Azure.Management.Logic.LogicManagementClient/4.0.0.0"
        ]
      },
      "ResponseHeaders": {
        "Cache-Control": [
          "no-cache"
        ],
        "Pragma": [
          "no-cache"
        ],
        "Vary": [
          "Accept-Encoding"
        ],
        "x-ms-request-id": [
          "westus:fe893622-ca0e-4704-8802-53a74988bbe6"
        ],
        "Strict-Transport-Security": [
          "max-age=31536000; includeSubDomains"
        ],
        "x-ms-ratelimit-remaining-subscription-reads": [
          "11965"
        ],
        "x-ms-correlation-request-id": [
          "ae41c07e-b007-4267-953f-7a902a7904d1"
        ],
        "x-ms-routing-request-id": [
          "WESTUS2:20181213T232340Z:ae41c07e-b007-4267-953f-7a902a7904d1"
        ],
        "X-Content-Type-Options": [
          "nosniff"
        ],
        "Date": [
          "Thu, 13 Dec 2018 23:23:39 GMT"
        ],
        "Content-Length": [
          "285"
        ],
        "Content-Type": [
          "application/json; charset=utf-8"
        ],
        "Expires": [
          "-1"
        ]
      },
      "ResponseBody": "{\r\n  \"properties\": {\r\n    \"state\": \"Enabled\"\r\n  },\r\n  \"sku\": {\r\n    \"name\": \"Standard\"\r\n  },\r\n  \"id\": \"/subscriptions/f34b22a3-2202-4fb1-b040-1332bd928c84/resourceGroups/RG-ps9750/providers/Microsoft.Logic/integrationAccounts/IA-ps6238\",\r\n  \"name\": \"IA-ps6238\",\r\n  \"type\": \"Microsoft.Logic/integrationAccounts\",\r\n  \"location\": \"West US\"\r\n}",
      "StatusCode": 200
    },
    {
      "RequestUri": "/subscriptions/f34b22a3-2202-4fb1-b040-1332bd928c84/resourceGroups/RG-ps9750/providers/Microsoft.Logic/integrationAccounts/IA-ps6238?api-version=2018-07-01-preview",
      "EncodedRequestUri": "L3N1YnNjcmlwdGlvbnMvZjM0YjIyYTMtMjIwMi00ZmIxLWIwNDAtMTMzMmJkOTI4Yzg0L3Jlc291cmNlR3JvdXBzL1JHLXBzOTc1MC9wcm92aWRlcnMvTWljcm9zb2Z0LkxvZ2ljL2ludGVncmF0aW9uQWNjb3VudHMvSUEtcHM2MjM4P2FwaS12ZXJzaW9uPTIwMTgtMDctMDEtcHJldmlldw==",
      "RequestMethod": "GET",
      "RequestBody": "",
      "RequestHeaders": {
        "x-ms-client-request-id": [
          "e370a376-0b53-450d-90d2-1b7d86c60268"
        ],
        "Accept-Language": [
          "en-US"
        ],
        "User-Agent": [
          "FxVersion/4.6.27019.06",
          "OSName/Windows",
          "OSVersion/Microsoft.Windows.10.0.17763.",
          "Microsoft.Azure.Management.Logic.LogicManagementClient/4.0.0.0"
        ]
      },
      "ResponseHeaders": {
        "Cache-Control": [
          "no-cache"
        ],
        "Pragma": [
          "no-cache"
        ],
        "Vary": [
          "Accept-Encoding"
        ],
        "x-ms-request-id": [
          "westus:e9b9b3c8-787f-4b70-8a67-6a83bd1d2205"
        ],
        "Strict-Transport-Security": [
          "max-age=31536000; includeSubDomains"
        ],
        "x-ms-ratelimit-remaining-subscription-reads": [
          "11963"
        ],
        "x-ms-correlation-request-id": [
          "93d9228e-0195-4426-a37e-0e98dc9cfd12"
        ],
        "x-ms-routing-request-id": [
          "WESTUS2:20181213T232340Z:93d9228e-0195-4426-a37e-0e98dc9cfd12"
        ],
        "X-Content-Type-Options": [
          "nosniff"
        ],
        "Date": [
          "Thu, 13 Dec 2018 23:23:40 GMT"
        ],
        "Content-Length": [
          "285"
        ],
        "Content-Type": [
          "application/json; charset=utf-8"
        ],
        "Expires": [
          "-1"
        ]
      },
      "ResponseBody": "{\r\n  \"properties\": {\r\n    \"state\": \"Enabled\"\r\n  },\r\n  \"sku\": {\r\n    \"name\": \"Standard\"\r\n  },\r\n  \"id\": \"/subscriptions/f34b22a3-2202-4fb1-b040-1332bd928c84/resourceGroups/RG-ps9750/providers/Microsoft.Logic/integrationAccounts/IA-ps6238\",\r\n  \"name\": \"IA-ps6238\",\r\n  \"type\": \"Microsoft.Logic/integrationAccounts\",\r\n  \"location\": \"West US\"\r\n}",
      "StatusCode": 200
    },
    {
      "RequestUri": "/subscriptions/f34b22a3-2202-4fb1-b040-1332bd928c84/resourceGroups/RG-ps9750/providers/Microsoft.Logic/integrationAccounts/IA-ps6238?api-version=2018-07-01-preview",
      "EncodedRequestUri": "L3N1YnNjcmlwdGlvbnMvZjM0YjIyYTMtMjIwMi00ZmIxLWIwNDAtMTMzMmJkOTI4Yzg0L3Jlc291cmNlR3JvdXBzL1JHLXBzOTc1MC9wcm92aWRlcnMvTWljcm9zb2Z0LkxvZ2ljL2ludGVncmF0aW9uQWNjb3VudHMvSUEtcHM2MjM4P2FwaS12ZXJzaW9uPTIwMTgtMDctMDEtcHJldmlldw==",
      "RequestMethod": "PUT",
      "RequestBody": "{\r\n  \"properties\": {},\r\n  \"sku\": {\r\n    \"name\": \"Standard\"\r\n  },\r\n  \"location\": \"West US\"\r\n}",
      "RequestHeaders": {
        "x-ms-client-request-id": [
          "d2b6a1fb-9020-41f0-9fda-f2ede8a0e5da"
        ],
        "Accept-Language": [
          "en-US"
        ],
        "User-Agent": [
          "FxVersion/4.6.27019.06",
          "OSName/Windows",
          "OSVersion/Microsoft.Windows.10.0.17763.",
          "Microsoft.Azure.Management.Logic.LogicManagementClient/4.0.0.0"
        ],
        "Content-Type": [
          "application/json; charset=utf-8"
        ],
        "Content-Length": [
          "92"
        ]
      },
      "ResponseHeaders": {
        "Cache-Control": [
          "no-cache"
        ],
        "Pragma": [
          "no-cache"
        ],
        "x-ms-request-id": [
          "westus:8ea310fd-2380-4e93-a88d-ea02d75a0198"
        ],
        "Strict-Transport-Security": [
          "max-age=31536000; includeSubDomains"
        ],
        "x-ms-ratelimit-remaining-subscription-writes": [
          "1188"
        ],
        "x-ms-correlation-request-id": [
          "c85ff7e1-33b9-4693-9549-f13787799825"
        ],
        "x-ms-routing-request-id": [
          "WESTUS2:20181213T232338Z:c85ff7e1-33b9-4693-9549-f13787799825"
        ],
        "X-Content-Type-Options": [
          "nosniff"
        ],
        "Date": [
          "Thu, 13 Dec 2018 23:23:38 GMT"
        ],
        "Content-Length": [
          "285"
        ],
        "Content-Type": [
          "application/json; charset=utf-8"
        ],
        "Expires": [
          "-1"
        ]
      },
      "ResponseBody": "{\r\n  \"properties\": {\r\n    \"state\": \"Enabled\"\r\n  },\r\n  \"sku\": {\r\n    \"name\": \"Standard\"\r\n  },\r\n  \"id\": \"/subscriptions/f34b22a3-2202-4fb1-b040-1332bd928c84/resourceGroups/RG-ps9750/providers/Microsoft.Logic/integrationAccounts/IA-ps6238\",\r\n  \"name\": \"IA-ps6238\",\r\n  \"type\": \"Microsoft.Logic/integrationAccounts\",\r\n  \"location\": \"West US\"\r\n}",
      "StatusCode": 201
    },
    {
      "RequestUri": "/subscriptions/f34b22a3-2202-4fb1-b040-1332bd928c84/resourceGroups/RG-ps9750/providers/Microsoft.Logic/integrationAccounts/IA-ps6238/maps/XSLT-ps1548?api-version=2018-07-01-preview",
      "EncodedRequestUri": "L3N1YnNjcmlwdGlvbnMvZjM0YjIyYTMtMjIwMi00ZmIxLWIwNDAtMTMzMmJkOTI4Yzg0L3Jlc291cmNlR3JvdXBzL1JHLXBzOTc1MC9wcm92aWRlcnMvTWljcm9zb2Z0LkxvZ2ljL2ludGVncmF0aW9uQWNjb3VudHMvSUEtcHM2MjM4L21hcHMvWFNMVC1wczE1NDg/YXBpLXZlcnNpb249MjAxOC0wNy0wMS1wcmV2aWV3",
      "RequestMethod": "GET",
      "RequestBody": "",
      "RequestHeaders": {
        "x-ms-client-request-id": [
          "db619139-7e83-4f80-96c7-b8005787e29a"
        ],
        "Accept-Language": [
          "en-US"
        ],
        "User-Agent": [
          "FxVersion/4.6.27019.06",
          "OSName/Windows",
          "OSVersion/Microsoft.Windows.10.0.17763.",
          "Microsoft.Azure.Management.Logic.LogicManagementClient/4.0.0.0"
        ]
      },
      "ResponseHeaders": {
        "Cache-Control": [
          "no-cache"
        ],
        "Pragma": [
          "no-cache"
        ],
        "x-ms-request-id": [
          "westus:5dd48026-85ab-4c8d-872d-d985a342b833"
        ],
        "Strict-Transport-Security": [
          "max-age=31536000; includeSubDomains"
        ],
        "x-ms-ratelimit-remaining-subscription-reads": [
          "11974"
        ],
        "x-ms-correlation-request-id": [
          "78b67c0a-8365-44b1-a2af-e74296ccacab"
        ],
        "x-ms-routing-request-id": [
          "WESTUS2:20181213T232339Z:78b67c0a-8365-44b1-a2af-e74296ccacab"
        ],
        "X-Content-Type-Options": [
          "nosniff"
        ],
        "Date": [
          "Thu, 13 Dec 2018 23:23:38 GMT"
        ],
        "Content-Length": [
          "125"
        ],
        "Content-Type": [
          "application/json; charset=utf-8"
        ],
        "Expires": [
          "-1"
        ]
      },
      "ResponseBody": "{\r\n  \"error\": {\r\n    \"code\": \"MapNotFound\",\r\n    \"message\": \"The map 'XSLT-ps1548' could not be found in the integration account 'IA-ps6238'.\"\r\n  }\r\n}",
      "StatusCode": 404
    },
    {
      "RequestUri": "/subscriptions/f34b22a3-2202-4fb1-b040-1332bd928c84/resourceGroups/RG-ps9750/providers/Microsoft.Logic/integrationAccounts/IA-ps6238/maps/XSLT-ps1548?api-version=2018-07-01-preview",
      "EncodedRequestUri": "L3N1YnNjcmlwdGlvbnMvZjM0YjIyYTMtMjIwMi00ZmIxLWIwNDAtMTMzMmJkOTI4Yzg0L3Jlc291cmNlR3JvdXBzL1JHLXBzOTc1MC9wcm92aWRlcnMvTWljcm9zb2Z0LkxvZ2ljL2ludGVncmF0aW9uQWNjb3VudHMvSUEtcHM2MjM4L21hcHMvWFNMVC1wczE1NDg/YXBpLXZlcnNpb249MjAxOC0wNy0wMS1wcmV2aWV3",
      "RequestMethod": "PUT",
      "RequestBody": "{\r\n  \"properties\": {\r\n    \"mapType\": \"Xslt\",\r\n    \"content\": \"<?xml version=\\\"1.0\\\" encoding=\\\"UTF-16\\\"?>\\r\\n<xsl:stylesheet xmlns:xsl=\\\"http://www.w3.org/1999/XSL/Transform\\\" xmlns:msxsl=\\\"urn:schemas-microsoft-com:xslt\\\" xmlns:var=\\\"http://schemas.microsoft.com/BizTalk/2003/var\\\" exclude-result-prefixes=\\\"msxsl var s0 userCSharp\\\" version=\\\"1.0\\\" xmlns:ns0=\\\"http://BizTalk_Server_Project4.StringFunctoidsDestinationSchema\\\" xmlns:s0=\\\"http://BizTalk_Server_Project4.StringFunctoidsSourceSchema\\\" xmlns:userCSharp=\\\"http://schemas.microsoft.com/BizTalk/2003/userCSharp\\\">\\r\\n  <xsl:import href=\\\"http://btsfunctoids.blob.core.windows.net/functoids/functoids.xslt\\\" />\\r\\n  <xsl:output omit-xml-declaration=\\\"yes\\\" method=\\\"xml\\\" version=\\\"1.0\\\" />\\r\\n  <xsl:template match=\\\"/\\\">\\r\\n    <xsl:apply-templates select=\\\"/s0:Root\\\" />\\r\\n  </xsl:template>\\r\\n  <xsl:template match=\\\"/s0:Root\\\">\\r\\n    <xsl:variable name=\\\"var:v1\\\" select=\\\"userCSharp:StringFind(string(StringFindSource/text()) , &quot;SearchString&quot;)\\\" />\\r\\n    <xsl:variable name=\\\"var:v2\\\" select=\\\"userCSharp:StringLeft(string(StringLeftSource/text()) , &quot;2&quot;)\\\" />\\r\\n    <xsl:variable name=\\\"var:v3\\\" select=\\\"userCSharp:StringRight(string(StringRightSource/text()) , &quot;2&quot;)\\\" />\\r\\n    <xsl:variable name=\\\"var:v4\\\" select=\\\"userCSharp:StringUpperCase(string(UppercaseSource/text()))\\\" />\\r\\n    <xsl:variable name=\\\"var:v5\\\" select=\\\"userCSharp:StringLowerCase(string(LowercaseSource/text()))\\\" />\\r\\n    <xsl:variable name=\\\"var:v6\\\" select=\\\"userCSharp:StringSize(string(SizeSource/text()))\\\" />\\r\\n    <xsl:variable name=\\\"var:v7\\\" select=\\\"userCSharp:StringSubstring(string(StringExtractSource/text()) , &quot;0&quot; , &quot;2&quot;)\\\" />\\r\\n    <xsl:variable name=\\\"var:v8\\\" select=\\\"userCSharp:StringConcat(string(StringConcatSource/text()))\\\" />\\r\\n    <xsl:variable name=\\\"var:v9\\\" select=\\\"userCSharp:StringTrimLeft(string(StringLeftTrimSource/text()))\\\" />\\r\\n    <xsl:variable name=\\\"var:v10\\\" select=\\\"userCSharp:StringTrimRight(string(StringRightTrimSource/text()))\\\" />\\r\\n    <ns0:Root>\\r\\n      <StringFindDestination>\\r\\n        <xsl:value-of select=\\\"$var:v1\\\" />\\r\\n      </StringFindDestination>\\r\\n      <StringLeftDestination>\\r\\n        <xsl:value-of select=\\\"$var:v2\\\" />\\r\\n      </StringLeftDestination>\\r\\n      <StringRightDestination>\\r\\n        <xsl:value-of select=\\\"$var:v3\\\" />\\r\\n      </StringRightDestination>\\r\\n      <UppercaseDestination>\\r\\n        <xsl:value-of select=\\\"$var:v4\\\" />\\r\\n      </UppercaseDestination>\\r\\n      <LowercaseDestination>\\r\\n        <xsl:value-of select=\\\"$var:v5\\\" />\\r\\n      </LowercaseDestination>\\r\\n      <SizeDestination>\\r\\n        <xsl:value-of select=\\\"$var:v6\\\" />\\r\\n      </SizeDestination>\\r\\n      <StringExtractDestination>\\r\\n        <xsl:value-of select=\\\"$var:v7\\\" />\\r\\n      </StringExtractDestination>\\r\\n      <StringConcatDestination>\\r\\n        <xsl:value-of select=\\\"$var:v8\\\" />\\r\\n      </StringConcatDestination>\\r\\n      <StringLeftTrimDestination>\\r\\n        <xsl:value-of select=\\\"$var:v9\\\" />\\r\\n      </StringLeftTrimDestination>\\r\\n      <StringRightTrimDestination>\\r\\n        <xsl:value-of select=\\\"$var:v10\\\" />\\r\\n      </StringRightTrimDestination>\\r\\n    </ns0:Root>\\r\\n  </xsl:template>\\r\\n</xsl:stylesheet>\",\r\n    \"contentType\": \"application/xml\"\r\n  }\r\n}",
      "RequestHeaders": {
        "x-ms-client-request-id": [
          "bb87405c-f933-4611-897e-04cae858ded1"
        ],
        "Accept-Language": [
          "en-US"
        ],
        "User-Agent": [
          "FxVersion/4.6.27019.06",
          "OSName/Windows",
          "OSVersion/Microsoft.Windows.10.0.17763.",
          "Microsoft.Azure.Management.Logic.LogicManagementClient/4.0.0.0"
        ],
        "Content-Type": [
          "application/json; charset=utf-8"
        ],
        "Content-Length": [
          "3362"
        ]
      },
      "ResponseHeaders": {
        "Cache-Control": [
          "no-cache"
        ],
        "Pragma": [
          "no-cache"
        ],
        "x-ms-request-id": [
          "westus:17242851-b09c-4ff3-80bf-e7019ef55800"
        ],
        "Strict-Transport-Security": [
          "max-age=31536000; includeSubDomains"
        ],
        "x-ms-ratelimit-remaining-subscription-writes": [
          "1187"
        ],
        "x-ms-correlation-request-id": [
          "47ed275b-564d-4052-8ff3-35c25c2d77fc"
        ],
        "x-ms-routing-request-id": [
          "WESTUS2:20181213T232339Z:47ed275b-564d-4052-8ff3-35c25c2d77fc"
        ],
        "X-Content-Type-Options": [
          "nosniff"
        ],
        "Date": [
          "Thu, 13 Dec 2018 23:23:38 GMT"
        ],
        "Content-Length": [
          "676"
        ],
        "Content-Type": [
          "application/json; charset=utf-8"
        ],
        "Expires": [
          "-1"
        ]
      },
      "ResponseBody": "{\r\n  \"properties\": {\r\n    \"mapType\": \"Xslt\",\r\n    \"contentLink\": {\r\n      \"uri\": \"https://prod-71.westus.logic.azure.com:443/integrationAccounts/1b58453e146a468ba0656d389617092e/maps/XSLT-ps1548/contents/Value?api-version=2015-08-01-preview&se=2018-12-14T03%3A23%3A39.4645041Z&sp=%2Fmaps%2FXSLT-ps1548%2Fread&sv=1.0&sig=ptavWftV07I1RfIBFEGiKpQUhALUmgQb6x2cX4MMzq8\",\r\n      \"contentSize\": 3056\r\n    },\r\n    \"createdTime\": \"2018-12-13T23:23:39.4181965Z\",\r\n    \"changedTime\": \"2018-12-13T23:23:39.4184259Z\"\r\n  },\r\n  \"id\": \"/subscriptions/f34b22a3-2202-4fb1-b040-1332bd928c84/resourceGroups/RG-ps9750/providers/Microsoft.Logic/integrationAccounts/IA-ps6238/maps/XSLT-ps1548\",\r\n  \"name\": \"XSLT-ps1548\",\r\n  \"type\": \"Microsoft.Logic/integrationAccounts/maps\"\r\n}",
      "StatusCode": 201
    },
    {
      "RequestUri": "/subscriptions/f34b22a3-2202-4fb1-b040-1332bd928c84/resourceGroups/RG-ps9750/providers/Microsoft.Logic/integrationAccounts/IA-ps6238/maps/XSLT-ps7253?api-version=2018-07-01-preview",
      "EncodedRequestUri": "L3N1YnNjcmlwdGlvbnMvZjM0YjIyYTMtMjIwMi00ZmIxLWIwNDAtMTMzMmJkOTI4Yzg0L3Jlc291cmNlR3JvdXBzL1JHLXBzOTc1MC9wcm92aWRlcnMvTWljcm9zb2Z0LkxvZ2ljL2ludGVncmF0aW9uQWNjb3VudHMvSUEtcHM2MjM4L21hcHMvWFNMVC1wczcyNTM/YXBpLXZlcnNpb249MjAxOC0wNy0wMS1wcmV2aWV3",
      "RequestMethod": "GET",
      "RequestBody": "",
      "RequestHeaders": {
        "x-ms-client-request-id": [
          "2fb6ad15-be8f-4dc7-b367-dac4a1b2b71e"
        ],
        "Accept-Language": [
          "en-US"
        ],
        "User-Agent": [
          "FxVersion/4.6.27019.06",
          "OSName/Windows",
          "OSVersion/Microsoft.Windows.10.0.17763.",
          "Microsoft.Azure.Management.Logic.LogicManagementClient/4.0.0.0"
        ]
      },
      "ResponseHeaders": {
        "Cache-Control": [
          "no-cache"
        ],
        "Pragma": [
          "no-cache"
        ],
        "x-ms-request-id": [
          "westus:9b95ac2c-8fa7-441c-8447-6003940b697e"
        ],
        "Strict-Transport-Security": [
          "max-age=31536000; includeSubDomains"
        ],
        "x-ms-ratelimit-remaining-subscription-reads": [
          "11972"
        ],
        "x-ms-correlation-request-id": [
          "630c1248-32af-4280-b8c1-b5afaa2e5f0b"
        ],
        "x-ms-routing-request-id": [
          "WESTUS2:20181213T232339Z:630c1248-32af-4280-b8c1-b5afaa2e5f0b"
        ],
        "X-Content-Type-Options": [
          "nosniff"
        ],
        "Date": [
          "Thu, 13 Dec 2018 23:23:38 GMT"
        ],
        "Content-Length": [
          "125"
        ],
        "Content-Type": [
          "application/json; charset=utf-8"
        ],
        "Expires": [
          "-1"
        ]
      },
      "ResponseBody": "{\r\n  \"error\": {\r\n    \"code\": \"MapNotFound\",\r\n    \"message\": \"The map 'XSLT-ps7253' could not be found in the integration account 'IA-ps6238'.\"\r\n  }\r\n}",
      "StatusCode": 404
    },
    {
      "RequestUri": "/subscriptions/f34b22a3-2202-4fb1-b040-1332bd928c84/resourceGroups/RG-ps9750/providers/Microsoft.Logic/integrationAccounts/IA-ps6238/maps/XSLT-ps7253?api-version=2018-07-01-preview",
      "EncodedRequestUri": "L3N1YnNjcmlwdGlvbnMvZjM0YjIyYTMtMjIwMi00ZmIxLWIwNDAtMTMzMmJkOTI4Yzg0L3Jlc291cmNlR3JvdXBzL1JHLXBzOTc1MC9wcm92aWRlcnMvTWljcm9zb2Z0LkxvZ2ljL2ludGVncmF0aW9uQWNjb3VudHMvSUEtcHM2MjM4L21hcHMvWFNMVC1wczcyNTM/YXBpLXZlcnNpb249MjAxOC0wNy0wMS1wcmV2aWV3",
      "RequestMethod": "PUT",
      "RequestBody": "{\r\n  \"properties\": {\r\n    \"mapType\": \"Xslt\",\r\n    \"content\": \"<?xml version=\\\"1.0\\\" encoding=\\\"UTF-16\\\"?>\\r\\n<xsl:stylesheet xmlns:xsl=\\\"http://www.w3.org/1999/XSL/Transform\\\" xmlns:msxsl=\\\"urn:schemas-microsoft-com:xslt\\\" xmlns:var=\\\"http://schemas.microsoft.com/BizTalk/2003/var\\\" exclude-result-prefixes=\\\"msxsl var s0 userCSharp\\\" version=\\\"1.0\\\" xmlns:ns0=\\\"http://BizTalk_Server_Project4.StringFunctoidsDestinationSchema\\\" xmlns:s0=\\\"http://BizTalk_Server_Project4.StringFunctoidsSourceSchema\\\" xmlns:userCSharp=\\\"http://schemas.microsoft.com/BizTalk/2003/userCSharp\\\">\\r\\n  <xsl:import href=\\\"http://btsfunctoids.blob.core.windows.net/functoids/functoids.xslt\\\" />\\r\\n  <xsl:output omit-xml-declaration=\\\"yes\\\" method=\\\"xml\\\" version=\\\"1.0\\\" />\\r\\n  <xsl:template match=\\\"/\\\">\\r\\n    <xsl:apply-templates select=\\\"/s0:Root\\\" />\\r\\n  </xsl:template>\\r\\n  <xsl:template match=\\\"/s0:Root\\\">\\r\\n    <xsl:variable name=\\\"var:v1\\\" select=\\\"userCSharp:StringFind(string(StringFindSource/text()) , &quot;SearchString&quot;)\\\" />\\r\\n    <xsl:variable name=\\\"var:v2\\\" select=\\\"userCSharp:StringLeft(string(StringLeftSource/text()) , &quot;2&quot;)\\\" />\\r\\n    <xsl:variable name=\\\"var:v3\\\" select=\\\"userCSharp:StringRight(string(StringRightSource/text()) , &quot;2&quot;)\\\" />\\r\\n    <xsl:variable name=\\\"var:v4\\\" select=\\\"userCSharp:StringUpperCase(string(UppercaseSource/text()))\\\" />\\r\\n    <xsl:variable name=\\\"var:v5\\\" select=\\\"userCSharp:StringLowerCase(string(LowercaseSource/text()))\\\" />\\r\\n    <xsl:variable name=\\\"var:v6\\\" select=\\\"userCSharp:StringSize(string(SizeSource/text()))\\\" />\\r\\n    <xsl:variable name=\\\"var:v7\\\" select=\\\"userCSharp:StringSubstring(string(StringExtractSource/text()) , &quot;0&quot; , &quot;2&quot;)\\\" />\\r\\n    <xsl:variable name=\\\"var:v8\\\" select=\\\"userCSharp:StringConcat(string(StringConcatSource/text()))\\\" />\\r\\n    <xsl:variable name=\\\"var:v9\\\" select=\\\"userCSharp:StringTrimLeft(string(StringLeftTrimSource/text()))\\\" />\\r\\n    <xsl:variable name=\\\"var:v10\\\" select=\\\"userCSharp:StringTrimRight(string(StringRightTrimSource/text()))\\\" />\\r\\n    <ns0:Root>\\r\\n      <StringFindDestination>\\r\\n        <xsl:value-of select=\\\"$var:v1\\\" />\\r\\n      </StringFindDestination>\\r\\n      <StringLeftDestination>\\r\\n        <xsl:value-of select=\\\"$var:v2\\\" />\\r\\n      </StringLeftDestination>\\r\\n      <StringRightDestination>\\r\\n        <xsl:value-of select=\\\"$var:v3\\\" />\\r\\n      </StringRightDestination>\\r\\n      <UppercaseDestination>\\r\\n        <xsl:value-of select=\\\"$var:v4\\\" />\\r\\n      </UppercaseDestination>\\r\\n      <LowercaseDestination>\\r\\n        <xsl:value-of select=\\\"$var:v5\\\" />\\r\\n      </LowercaseDestination>\\r\\n      <SizeDestination>\\r\\n        <xsl:value-of select=\\\"$var:v6\\\" />\\r\\n      </SizeDestination>\\r\\n      <StringExtractDestination>\\r\\n        <xsl:value-of select=\\\"$var:v7\\\" />\\r\\n      </StringExtractDestination>\\r\\n      <StringConcatDestination>\\r\\n        <xsl:value-of select=\\\"$var:v8\\\" />\\r\\n      </StringConcatDestination>\\r\\n      <StringLeftTrimDestination>\\r\\n        <xsl:value-of select=\\\"$var:v9\\\" />\\r\\n      </StringLeftTrimDestination>\\r\\n      <StringRightTrimDestination>\\r\\n        <xsl:value-of select=\\\"$var:v10\\\" />\\r\\n      </StringRightTrimDestination>\\r\\n    </ns0:Root>\\r\\n  </xsl:template>\\r\\n</xsl:stylesheet>\",\r\n    \"contentType\": \"application/xml\"\r\n  }\r\n}",
      "RequestHeaders": {
        "x-ms-client-request-id": [
          "38de3a76-b4d0-45e3-9c9d-7d3e5e18f60c"
        ],
        "Accept-Language": [
          "en-US"
        ],
        "User-Agent": [
          "FxVersion/4.6.27019.06",
          "OSName/Windows",
          "OSVersion/Microsoft.Windows.10.0.17763.",
          "Microsoft.Azure.Management.Logic.LogicManagementClient/4.0.0.0"
        ],
        "Content-Type": [
          "application/json; charset=utf-8"
        ],
        "Content-Length": [
          "3362"
        ]
      },
      "ResponseHeaders": {
        "Cache-Control": [
          "no-cache"
        ],
        "Pragma": [
          "no-cache"
        ],
        "x-ms-request-id": [
          "westus:3b7cdac2-11d7-4c55-a54b-87c4597ac991"
        ],
        "Strict-Transport-Security": [
          "max-age=31536000; includeSubDomains"
        ],
        "x-ms-ratelimit-remaining-subscription-writes": [
          "1186"
        ],
        "x-ms-correlation-request-id": [
          "dce4ffbf-54b3-471a-909a-4ea486f59819"
        ],
        "x-ms-routing-request-id": [
          "WESTUS2:20181213T232339Z:dce4ffbf-54b3-471a-909a-4ea486f59819"
        ],
        "X-Content-Type-Options": [
          "nosniff"
        ],
        "Date": [
          "Thu, 13 Dec 2018 23:23:39 GMT"
        ],
        "Content-Length": [
          "676"
        ],
        "Content-Type": [
          "application/json; charset=utf-8"
        ],
        "Expires": [
          "-1"
        ]
      },
      "ResponseBody": "{\r\n  \"properties\": {\r\n    \"mapType\": \"Xslt\",\r\n    \"contentLink\": {\r\n      \"uri\": \"https://prod-71.westus.logic.azure.com:443/integrationAccounts/1b58453e146a468ba0656d389617092e/maps/XSLT-ps7253/contents/Value?api-version=2015-08-01-preview&se=2018-12-14T03%3A23%3A39.7145123Z&sp=%2Fmaps%2FXSLT-ps7253%2Fread&sv=1.0&sig=D-yhYr7uqtcpf7yoQL63PaCMuJmRu0N5c9Sh0SjOpls\",\r\n      \"contentSize\": 3056\r\n    },\r\n    \"createdTime\": \"2018-12-13T23:23:39.7010175Z\",\r\n    \"changedTime\": \"2018-12-13T23:23:39.7019694Z\"\r\n  },\r\n  \"id\": \"/subscriptions/f34b22a3-2202-4fb1-b040-1332bd928c84/resourceGroups/RG-ps9750/providers/Microsoft.Logic/integrationAccounts/IA-ps6238/maps/XSLT-ps7253\",\r\n  \"name\": \"XSLT-ps7253\",\r\n  \"type\": \"Microsoft.Logic/integrationAccounts/maps\"\r\n}",
      "StatusCode": 201
    },
    {
      "RequestUri": "/subscriptions/f34b22a3-2202-4fb1-b040-1332bd928c84/resourceGroups/RG-ps9750/providers/Microsoft.Logic/integrationAccounts/IA-ps6238/maps/XSLT-ps1913?api-version=2018-07-01-preview",
      "EncodedRequestUri": "L3N1YnNjcmlwdGlvbnMvZjM0YjIyYTMtMjIwMi00ZmIxLWIwNDAtMTMzMmJkOTI4Yzg0L3Jlc291cmNlR3JvdXBzL1JHLXBzOTc1MC9wcm92aWRlcnMvTWljcm9zb2Z0LkxvZ2ljL2ludGVncmF0aW9uQWNjb3VudHMvSUEtcHM2MjM4L21hcHMvWFNMVC1wczE5MTM/YXBpLXZlcnNpb249MjAxOC0wNy0wMS1wcmV2aWV3",
      "RequestMethod": "GET",
      "RequestBody": "",
      "RequestHeaders": {
        "x-ms-client-request-id": [
          "17b4bb90-422c-4c6a-a6bf-4c07a9cb2e63"
        ],
        "Accept-Language": [
          "en-US"
        ],
        "User-Agent": [
          "FxVersion/4.6.27019.06",
          "OSName/Windows",
          "OSVersion/Microsoft.Windows.10.0.17763.",
          "Microsoft.Azure.Management.Logic.LogicManagementClient/4.0.0.0"
        ]
      },
      "ResponseHeaders": {
        "Cache-Control": [
          "no-cache"
        ],
        "Pragma": [
          "no-cache"
        ],
        "x-ms-request-id": [
          "westus:2d802734-711c-430b-8ac7-49fe96fbfce6"
        ],
        "Strict-Transport-Security": [
          "max-age=31536000; includeSubDomains"
        ],
        "x-ms-ratelimit-remaining-subscription-reads": [
          "11970"
        ],
        "x-ms-correlation-request-id": [
          "f2af82e9-7e92-45e4-8e27-24ffdeba002b"
        ],
        "x-ms-routing-request-id": [
          "WESTUS2:20181213T232339Z:f2af82e9-7e92-45e4-8e27-24ffdeba002b"
        ],
        "X-Content-Type-Options": [
          "nosniff"
        ],
        "Date": [
          "Thu, 13 Dec 2018 23:23:39 GMT"
        ],
        "Content-Length": [
          "125"
        ],
        "Content-Type": [
          "application/json; charset=utf-8"
        ],
        "Expires": [
          "-1"
        ]
      },
      "ResponseBody": "{\r\n  \"error\": {\r\n    \"code\": \"MapNotFound\",\r\n    \"message\": \"The map 'XSLT-ps1913' could not be found in the integration account 'IA-ps6238'.\"\r\n  }\r\n}",
      "StatusCode": 404
    },
    {
      "RequestUri": "/subscriptions/f34b22a3-2202-4fb1-b040-1332bd928c84/resourceGroups/RG-ps9750/providers/Microsoft.Logic/integrationAccounts/IA-ps6238/maps/XSLT-ps1913?api-version=2018-07-01-preview",
      "EncodedRequestUri": "L3N1YnNjcmlwdGlvbnMvZjM0YjIyYTMtMjIwMi00ZmIxLWIwNDAtMTMzMmJkOTI4Yzg0L3Jlc291cmNlR3JvdXBzL1JHLXBzOTc1MC9wcm92aWRlcnMvTWljcm9zb2Z0LkxvZ2ljL2ludGVncmF0aW9uQWNjb3VudHMvSUEtcHM2MjM4L21hcHMvWFNMVC1wczE5MTM/YXBpLXZlcnNpb249MjAxOC0wNy0wMS1wcmV2aWV3",
      "RequestMethod": "PUT",
      "RequestBody": "{\r\n  \"properties\": {\r\n    \"mapType\": \"Xslt\",\r\n    \"content\": \"<?xml version=\\\"1.0\\\" encoding=\\\"UTF-16\\\"?>\\r\\n<xsl:stylesheet xmlns:xsl=\\\"http://www.w3.org/1999/XSL/Transform\\\" xmlns:msxsl=\\\"urn:schemas-microsoft-com:xslt\\\" xmlns:var=\\\"http://schemas.microsoft.com/BizTalk/2003/var\\\" exclude-result-prefixes=\\\"msxsl var s0 userCSharp\\\" version=\\\"1.0\\\" xmlns:ns0=\\\"http://BizTalk_Server_Project4.StringFunctoidsDestinationSchema\\\" xmlns:s0=\\\"http://BizTalk_Server_Project4.StringFunctoidsSourceSchema\\\" xmlns:userCSharp=\\\"http://schemas.microsoft.com/BizTalk/2003/userCSharp\\\">\\r\\n  <xsl:import href=\\\"http://btsfunctoids.blob.core.windows.net/functoids/functoids.xslt\\\" />\\r\\n  <xsl:output omit-xml-declaration=\\\"yes\\\" method=\\\"xml\\\" version=\\\"1.0\\\" />\\r\\n  <xsl:template match=\\\"/\\\">\\r\\n    <xsl:apply-templates select=\\\"/s0:Root\\\" />\\r\\n  </xsl:template>\\r\\n  <xsl:template match=\\\"/s0:Root\\\">\\r\\n    <xsl:variable name=\\\"var:v1\\\" select=\\\"userCSharp:StringFind(string(StringFindSource/text()) , &quot;SearchString&quot;)\\\" />\\r\\n    <xsl:variable name=\\\"var:v2\\\" select=\\\"userCSharp:StringLeft(string(StringLeftSource/text()) , &quot;2&quot;)\\\" />\\r\\n    <xsl:variable name=\\\"var:v3\\\" select=\\\"userCSharp:StringRight(string(StringRightSource/text()) , &quot;2&quot;)\\\" />\\r\\n    <xsl:variable name=\\\"var:v4\\\" select=\\\"userCSharp:StringUpperCase(string(UppercaseSource/text()))\\\" />\\r\\n    <xsl:variable name=\\\"var:v5\\\" select=\\\"userCSharp:StringLowerCase(string(LowercaseSource/text()))\\\" />\\r\\n    <xsl:variable name=\\\"var:v6\\\" select=\\\"userCSharp:StringSize(string(SizeSource/text()))\\\" />\\r\\n    <xsl:variable name=\\\"var:v7\\\" select=\\\"userCSharp:StringSubstring(string(StringExtractSource/text()) , &quot;0&quot; , &quot;2&quot;)\\\" />\\r\\n    <xsl:variable name=\\\"var:v8\\\" select=\\\"userCSharp:StringConcat(string(StringConcatSource/text()))\\\" />\\r\\n    <xsl:variable name=\\\"var:v9\\\" select=\\\"userCSharp:StringTrimLeft(string(StringLeftTrimSource/text()))\\\" />\\r\\n    <xsl:variable name=\\\"var:v10\\\" select=\\\"userCSharp:StringTrimRight(string(StringRightTrimSource/text()))\\\" />\\r\\n    <ns0:Root>\\r\\n      <StringFindDestination>\\r\\n        <xsl:value-of select=\\\"$var:v1\\\" />\\r\\n      </StringFindDestination>\\r\\n      <StringLeftDestination>\\r\\n        <xsl:value-of select=\\\"$var:v2\\\" />\\r\\n      </StringLeftDestination>\\r\\n      <StringRightDestination>\\r\\n        <xsl:value-of select=\\\"$var:v3\\\" />\\r\\n      </StringRightDestination>\\r\\n      <UppercaseDestination>\\r\\n        <xsl:value-of select=\\\"$var:v4\\\" />\\r\\n      </UppercaseDestination>\\r\\n      <LowercaseDestination>\\r\\n        <xsl:value-of select=\\\"$var:v5\\\" />\\r\\n      </LowercaseDestination>\\r\\n      <SizeDestination>\\r\\n        <xsl:value-of select=\\\"$var:v6\\\" />\\r\\n      </SizeDestination>\\r\\n      <StringExtractDestination>\\r\\n        <xsl:value-of select=\\\"$var:v7\\\" />\\r\\n      </StringExtractDestination>\\r\\n      <StringConcatDestination>\\r\\n        <xsl:value-of select=\\\"$var:v8\\\" />\\r\\n      </StringConcatDestination>\\r\\n      <StringLeftTrimDestination>\\r\\n        <xsl:value-of select=\\\"$var:v9\\\" />\\r\\n      </StringLeftTrimDestination>\\r\\n      <StringRightTrimDestination>\\r\\n        <xsl:value-of select=\\\"$var:v10\\\" />\\r\\n      </StringRightTrimDestination>\\r\\n    </ns0:Root>\\r\\n  </xsl:template>\\r\\n</xsl:stylesheet>\",\r\n    \"contentType\": \"application/xml\"\r\n  }\r\n}",
      "RequestHeaders": {
        "x-ms-client-request-id": [
          "621aff2a-0e3a-4880-a274-0ddf687c04b2"
        ],
        "Accept-Language": [
          "en-US"
        ],
        "User-Agent": [
          "FxVersion/4.6.27019.06",
          "OSName/Windows",
          "OSVersion/Microsoft.Windows.10.0.17763.",
          "Microsoft.Azure.Management.Logic.LogicManagementClient/4.0.0.0"
        ],
        "Content-Type": [
          "application/json; charset=utf-8"
        ],
        "Content-Length": [
          "3362"
        ]
      },
      "ResponseHeaders": {
        "Cache-Control": [
          "no-cache"
        ],
        "Pragma": [
          "no-cache"
        ],
        "x-ms-request-id": [
          "westus:f5cd19cc-9e4c-4b1a-8698-1d0ba4d26088"
        ],
        "Strict-Transport-Security": [
          "max-age=31536000; includeSubDomains"
        ],
        "x-ms-ratelimit-remaining-subscription-writes": [
          "1185"
        ],
        "x-ms-correlation-request-id": [
          "c72cd9a2-ca04-4e24-96d1-c918ce5977d5"
        ],
        "x-ms-routing-request-id": [
          "WESTUS2:20181213T232340Z:c72cd9a2-ca04-4e24-96d1-c918ce5977d5"
        ],
        "X-Content-Type-Options": [
          "nosniff"
        ],
        "Date": [
          "Thu, 13 Dec 2018 23:23:39 GMT"
        ],
        "Content-Length": [
          "676"
        ],
        "Content-Type": [
          "application/json; charset=utf-8"
        ],
        "Expires": [
          "-1"
        ]
      },
      "ResponseBody": "{\r\n  \"properties\": {\r\n    \"mapType\": \"Xslt\",\r\n    \"contentLink\": {\r\n      \"uri\": \"https://prod-71.westus.logic.azure.com:443/integrationAccounts/1b58453e146a468ba0656d389617092e/maps/XSLT-ps1913/contents/Value?api-version=2015-08-01-preview&se=2018-12-14T03%3A23%3A40.0584498Z&sp=%2Fmaps%2FXSLT-ps1913%2Fread&sv=1.0&sig=T-t1jX3GbLRJUT94JYOlRNxezhtASDa6-_o1mUKbnm4\",\r\n      \"contentSize\": 3056\r\n    },\r\n    \"createdTime\": \"2018-12-13T23:23:39.9766169Z\",\r\n    \"changedTime\": \"2018-12-13T23:23:39.9770345Z\"\r\n  },\r\n  \"id\": \"/subscriptions/f34b22a3-2202-4fb1-b040-1332bd928c84/resourceGroups/RG-ps9750/providers/Microsoft.Logic/integrationAccounts/IA-ps6238/maps/XSLT-ps1913\",\r\n  \"name\": \"XSLT-ps1913\",\r\n  \"type\": \"Microsoft.Logic/integrationAccounts/maps\"\r\n}",
      "StatusCode": 201
    },
    {
      "RequestUri": "/subscriptions/f34b22a3-2202-4fb1-b040-1332bd928c84/resourceGroups/RG-ps9750/providers/Microsoft.Logic/integrationAccounts/IA-ps6238/maps/XSLT2-ps22?api-version=2018-07-01-preview",
      "EncodedRequestUri": "L3N1YnNjcmlwdGlvbnMvZjM0YjIyYTMtMjIwMi00ZmIxLWIwNDAtMTMzMmJkOTI4Yzg0L3Jlc291cmNlR3JvdXBzL1JHLXBzOTc1MC9wcm92aWRlcnMvTWljcm9zb2Z0LkxvZ2ljL2ludGVncmF0aW9uQWNjb3VudHMvSUEtcHM2MjM4L21hcHMvWFNMVDItcHMyMj9hcGktdmVyc2lvbj0yMDE4LTA3LTAxLXByZXZpZXc=",
      "RequestMethod": "GET",
      "RequestBody": "",
      "RequestHeaders": {
        "x-ms-client-request-id": [
          "178bdc5d-c222-43b1-a282-aac9b8bd6b5c"
        ],
        "Accept-Language": [
          "en-US"
        ],
        "User-Agent": [
          "FxVersion/4.6.27019.06",
          "OSName/Windows",
          "OSVersion/Microsoft.Windows.10.0.17763.",
          "Microsoft.Azure.Management.Logic.LogicManagementClient/4.0.0.0"
        ]
      },
      "ResponseHeaders": {
        "Cache-Control": [
          "no-cache"
        ],
        "Pragma": [
          "no-cache"
        ],
        "x-ms-request-id": [
          "westus:ec065d87-815e-4ee5-999d-1305f851ac1f"
        ],
        "Strict-Transport-Security": [
          "max-age=31536000; includeSubDomains"
        ],
        "x-ms-ratelimit-remaining-subscription-reads": [
          "11968"
        ],
        "x-ms-correlation-request-id": [
          "b68cb1be-cfc0-4c13-9e2b-4180b197f252"
        ],
        "x-ms-routing-request-id": [
          "WESTUS2:20181213T232340Z:b68cb1be-cfc0-4c13-9e2b-4180b197f252"
        ],
        "X-Content-Type-Options": [
          "nosniff"
        ],
        "Date": [
          "Thu, 13 Dec 2018 23:23:39 GMT"
        ],
        "Content-Length": [
          "124"
        ],
        "Content-Type": [
          "application/json; charset=utf-8"
        ],
        "Expires": [
          "-1"
        ]
      },
      "ResponseBody": "{\r\n  \"error\": {\r\n    \"code\": \"MapNotFound\",\r\n    \"message\": \"The map 'XSLT2-ps22' could not be found in the integration account 'IA-ps6238'.\"\r\n  }\r\n}",
      "StatusCode": 404
    },
    {
      "RequestUri": "/subscriptions/f34b22a3-2202-4fb1-b040-1332bd928c84/resourceGroups/RG-ps9750/providers/Microsoft.Logic/integrationAccounts/IA-ps6238/maps/XSLT2-ps22?api-version=2018-07-01-preview",
      "EncodedRequestUri": "L3N1YnNjcmlwdGlvbnMvZjM0YjIyYTMtMjIwMi00ZmIxLWIwNDAtMTMzMmJkOTI4Yzg0L3Jlc291cmNlR3JvdXBzL1JHLXBzOTc1MC9wcm92aWRlcnMvTWljcm9zb2Z0LkxvZ2ljL2ludGVncmF0aW9uQWNjb3VudHMvSUEtcHM2MjM4L21hcHMvWFNMVDItcHMyMj9hcGktdmVyc2lvbj0yMDE4LTA3LTAxLXByZXZpZXc=",
      "RequestMethod": "PUT",
      "RequestBody": "{\r\n  \"properties\": {\r\n    \"mapType\": \"Xslt20\",\r\n    \"content\": \"<xsl:stylesheet\\r\\n  xmlns:xsl=\\\"http://www.w3.org/1999/XSL/Transform\\\"\\r\\n  version=\\\"2.0\\\">\\r\\n \\t<xsl:template match=\\\"@*|node()\\\">\\r\\n\\t\\t<xsl:copy>\\r\\n\\t\\t\\t<xsl:apply-templates select=\\\"@*|node()\\\"/>\\r\\n\\t\\t</xsl:copy>\\r\\n\\t</xsl:template>\\r\\n </xsl:stylesheet>\",\r\n    \"contentType\": \"application/xml\"\r\n  }\r\n}",
      "RequestHeaders": {
        "x-ms-client-request-id": [
          "6456c31f-b646-4cc5-b107-ca5156236385"
        ],
        "Accept-Language": [
          "en-US"
        ],
        "User-Agent": [
          "FxVersion/4.6.27019.06",
          "OSName/Windows",
          "OSVersion/Microsoft.Windows.10.0.17763.",
          "Microsoft.Azure.Management.Logic.LogicManagementClient/4.0.0.0"
        ],
        "Content-Type": [
          "application/json; charset=utf-8"
        ],
        "Content-Length": [
          "379"
        ]
      },
      "ResponseHeaders": {
        "Cache-Control": [
          "no-cache"
        ],
        "Pragma": [
          "no-cache"
        ],
        "x-ms-request-id": [
          "westus:ae1f72ee-624b-4406-9beb-655a71faf6cb"
        ],
        "Strict-Transport-Security": [
          "max-age=31536000; includeSubDomains"
        ],
        "x-ms-ratelimit-remaining-subscription-writes": [
          "1184"
        ],
        "x-ms-correlation-request-id": [
          "bd53fd8b-9242-44e3-99ca-ad72fba3c02a"
        ],
        "x-ms-routing-request-id": [
          "WESTUS2:20181213T232340Z:bd53fd8b-9242-44e3-99ca-ad72fba3c02a"
        ],
        "X-Content-Type-Options": [
          "nosniff"
        ],
        "Date": [
          "Thu, 13 Dec 2018 23:23:39 GMT"
        ],
        "Content-Length": [
          "673"
        ],
        "Content-Type": [
          "application/json; charset=utf-8"
        ],
        "Expires": [
          "-1"
        ]
      },
      "ResponseBody": "{\r\n  \"properties\": {\r\n    \"mapType\": \"Xslt20\",\r\n    \"contentLink\": {\r\n      \"uri\": \"https://prod-71.westus.logic.azure.com:443/integrationAccounts/1b58453e146a468ba0656d389617092e/maps/XSLT2-ps22/contents/Value?api-version=2015-08-01-preview&se=2018-12-14T03%3A23%3A40.2928013Z&sp=%2Fmaps%2FXSLT2-ps22%2Fread&sv=1.0&sig=0MKSKMCqH_9jQLlpEmv9C79xELhDLfz0E3v6qOvtrQs\",\r\n      \"contentSize\": 234\r\n    },\r\n    \"createdTime\": \"2018-12-13T23:23:40.2724597Z\",\r\n    \"changedTime\": \"2018-12-13T23:23:40.2732592Z\"\r\n  },\r\n  \"id\": \"/subscriptions/f34b22a3-2202-4fb1-b040-1332bd928c84/resourceGroups/RG-ps9750/providers/Microsoft.Logic/integrationAccounts/IA-ps6238/maps/XSLT2-ps22\",\r\n  \"name\": \"XSLT2-ps22\",\r\n  \"type\": \"Microsoft.Logic/integrationAccounts/maps\"\r\n}",
      "StatusCode": 201
    },
    {
      "RequestUri": "/subscriptions/f34b22a3-2202-4fb1-b040-1332bd928c84/resourceGroups/RG-ps9750/providers/Microsoft.Logic/integrationAccounts/IA-ps6238/maps/XSLT3-ps7209?api-version=2018-07-01-preview",
      "EncodedRequestUri": "L3N1YnNjcmlwdGlvbnMvZjM0YjIyYTMtMjIwMi00ZmIxLWIwNDAtMTMzMmJkOTI4Yzg0L3Jlc291cmNlR3JvdXBzL1JHLXBzOTc1MC9wcm92aWRlcnMvTWljcm9zb2Z0LkxvZ2ljL2ludGVncmF0aW9uQWNjb3VudHMvSUEtcHM2MjM4L21hcHMvWFNMVDMtcHM3MjA5P2FwaS12ZXJzaW9uPTIwMTgtMDctMDEtcHJldmlldw==",
      "RequestMethod": "GET",
      "RequestBody": "",
      "RequestHeaders": {
        "x-ms-client-request-id": [
          "da08e0f4-2d80-41f5-8821-4af3c7c1311d"
        ],
        "Accept-Language": [
          "en-US"
        ],
        "User-Agent": [
          "FxVersion/4.6.27019.06",
          "OSName/Windows",
          "OSVersion/Microsoft.Windows.10.0.17763.",
          "Microsoft.Azure.Management.Logic.LogicManagementClient/4.0.0.0"
        ]
      },
      "ResponseHeaders": {
        "Cache-Control": [
          "no-cache"
        ],
        "Pragma": [
          "no-cache"
        ],
        "x-ms-request-id": [
          "westus:5709b6b5-e137-4242-8b2d-8eb612a651db"
        ],
        "Strict-Transport-Security": [
          "max-age=31536000; includeSubDomains"
        ],
        "x-ms-ratelimit-remaining-subscription-reads": [
          "11966"
        ],
        "x-ms-correlation-request-id": [
          "6c76dc28-b68f-46a7-bed8-1e56c690c851"
        ],
        "x-ms-routing-request-id": [
          "WESTUS2:20181213T232340Z:6c76dc28-b68f-46a7-bed8-1e56c690c851"
        ],
        "X-Content-Type-Options": [
          "nosniff"
        ],
        "Date": [
          "Thu, 13 Dec 2018 23:23:39 GMT"
        ],
        "Content-Length": [
          "126"
        ],
        "Content-Type": [
          "application/json; charset=utf-8"
        ],
        "Expires": [
          "-1"
        ]
      },
      "ResponseBody": "{\r\n  \"error\": {\r\n    \"code\": \"MapNotFound\",\r\n    \"message\": \"The map 'XSLT3-ps7209' could not be found in the integration account 'IA-ps6238'.\"\r\n  }\r\n}",
      "StatusCode": 404
    },
    {
      "RequestUri": "/subscriptions/f34b22a3-2202-4fb1-b040-1332bd928c84/resourceGroups/RG-ps9750/providers/Microsoft.Logic/integrationAccounts/IA-ps6238/maps/XSLT3-ps7209?api-version=2018-07-01-preview",
      "EncodedRequestUri": "L3N1YnNjcmlwdGlvbnMvZjM0YjIyYTMtMjIwMi00ZmIxLWIwNDAtMTMzMmJkOTI4Yzg0L3Jlc291cmNlR3JvdXBzL1JHLXBzOTc1MC9wcm92aWRlcnMvTWljcm9zb2Z0LkxvZ2ljL2ludGVncmF0aW9uQWNjb3VudHMvSUEtcHM2MjM4L21hcHMvWFNMVDMtcHM3MjA5P2FwaS12ZXJzaW9uPTIwMTgtMDctMDEtcHJldmlldw==",
      "RequestMethod": "PUT",
      "RequestBody": "{\r\n  \"properties\": {\r\n    \"mapType\": \"Xslt30\",\r\n    \"content\": \"<xsl:stylesheet version=\\\"3.0\\\" xmlns:xsl=\\\"http://www.w3.org/1999/XSL/Transform\\\"\\r\\n  xmlns:xs=\\\"http://www.w3.org/2001/XMLSchema\\\">\\r\\n\\t<xsl:output method=\\\"text\\\"/>\\r\\n \\t<xsl:template match=\\\"/\\\">\\r\\n\\t\\t<xsl:value-of select=\\\"company/employee/name\\\"/>\\r\\n \\t\\t<xsl:variable name=\\\"test\\\">\\r\\n\\t\\t\\t<xsl:text>company/employee/name</xsl:text>\\r\\n\\t\\t</xsl:variable>\\r\\n \\t\\t<xsl:evaluate xpath=\\\"$test\\\"/>\\r\\n \\t</xsl:template>\\r\\n</xsl:stylesheet>\",\r\n    \"contentType\": \"application/xml\"\r\n  }\r\n}",
      "RequestHeaders": {
        "x-ms-client-request-id": [
          "aa4522be-a95d-44fc-be97-540460bd1364"
        ],
        "Accept-Language": [
          "en-US"
        ],
        "User-Agent": [
          "FxVersion/4.6.27019.06",
          "OSName/Windows",
          "OSVersion/Microsoft.Windows.10.0.17763.",
          "Microsoft.Azure.Management.Logic.LogicManagementClient/4.0.0.0"
        ],
        "Content-Type": [
          "application/json; charset=utf-8"
        ],
        "Content-Length": [
          "565"
        ]
      },
      "ResponseHeaders": {
        "Cache-Control": [
          "no-cache"
        ],
        "Pragma": [
          "no-cache"
        ],
        "x-ms-request-id": [
          "westus:084a8d9e-92e8-4e5d-a28a-b640a13962b6"
        ],
        "Strict-Transport-Security": [
          "max-age=31536000; includeSubDomains"
        ],
        "x-ms-ratelimit-remaining-subscription-writes": [
          "1183"
        ],
        "x-ms-correlation-request-id": [
          "48fe7f12-1d70-4b9e-b393-852c277afead"
        ],
        "x-ms-routing-request-id": [
          "WESTUS2:20181213T232340Z:48fe7f12-1d70-4b9e-b393-852c277afead"
        ],
        "X-Content-Type-Options": [
          "nosniff"
        ],
        "Date": [
          "Thu, 13 Dec 2018 23:23:39 GMT"
        ],
        "Content-Length": [
          "681"
        ],
        "Content-Type": [
          "application/json; charset=utf-8"
        ],
        "Expires": [
          "-1"
        ]
      },
      "ResponseBody": "{\r\n  \"properties\": {\r\n    \"mapType\": \"Xslt30\",\r\n    \"contentLink\": {\r\n      \"uri\": \"https://prod-71.westus.logic.azure.com:443/integrationAccounts/1b58453e146a468ba0656d389617092e/maps/XSLT3-ps7209/contents/Value?api-version=2015-08-01-preview&se=2018-12-14T03%3A23%3A40.5272067Z&sp=%2Fmaps%2FXSLT3-ps7209%2Fread&sv=1.0&sig=omhn69RV96EQreCHSXI6Hli594NEr_fpmwxZyF5yX2U\",\r\n      \"contentSize\": 403\r\n    },\r\n    \"createdTime\": \"2018-12-13T23:23:40.5091397Z\",\r\n    \"changedTime\": \"2018-12-13T23:23:40.5100185Z\"\r\n  },\r\n  \"id\": \"/subscriptions/f34b22a3-2202-4fb1-b040-1332bd928c84/resourceGroups/RG-ps9750/providers/Microsoft.Logic/integrationAccounts/IA-ps6238/maps/XSLT3-ps7209\",\r\n  \"name\": \"XSLT3-ps7209\",\r\n  \"type\": \"Microsoft.Logic/integrationAccounts/maps\"\r\n}",
      "StatusCode": 201
    },
    {
      "RequestUri": "/subscriptions/f34b22a3-2202-4fb1-b040-1332bd928c84/resourceGroups/RG-ps9750/providers/Microsoft.Logic/integrationAccounts/IA-ps6238/maps/Liquid-ps9747?api-version=2018-07-01-preview",
      "EncodedRequestUri": "L3N1YnNjcmlwdGlvbnMvZjM0YjIyYTMtMjIwMi00ZmIxLWIwNDAtMTMzMmJkOTI4Yzg0L3Jlc291cmNlR3JvdXBzL1JHLXBzOTc1MC9wcm92aWRlcnMvTWljcm9zb2Z0LkxvZ2ljL2ludGVncmF0aW9uQWNjb3VudHMvSUEtcHM2MjM4L21hcHMvTGlxdWlkLXBzOTc0Nz9hcGktdmVyc2lvbj0yMDE4LTA3LTAxLXByZXZpZXc=",
      "RequestMethod": "GET",
      "RequestBody": "",
      "RequestHeaders": {
        "x-ms-client-request-id": [
          "84fc6d30-042b-44ff-8e88-934594d8a5d7"
        ],
        "Accept-Language": [
          "en-US"
        ],
        "User-Agent": [
          "FxVersion/4.6.27019.06",
          "OSName/Windows",
          "OSVersion/Microsoft.Windows.10.0.17763.",
          "Microsoft.Azure.Management.Logic.LogicManagementClient/4.0.0.0"
        ]
      },
      "ResponseHeaders": {
        "Cache-Control": [
          "no-cache"
        ],
        "Pragma": [
          "no-cache"
        ],
        "x-ms-request-id": [
          "westus:55c2847e-0221-4afb-9650-5c73083792b6"
        ],
        "Strict-Transport-Security": [
          "max-age=31536000; includeSubDomains"
        ],
        "x-ms-ratelimit-remaining-subscription-reads": [
          "11964"
        ],
        "x-ms-correlation-request-id": [
          "a1adf88d-7e73-4f16-a74a-023d6e0ac6e0"
        ],
        "x-ms-routing-request-id": [
          "WESTUS2:20181213T232340Z:a1adf88d-7e73-4f16-a74a-023d6e0ac6e0"
        ],
        "X-Content-Type-Options": [
          "nosniff"
        ],
        "Date": [
          "Thu, 13 Dec 2018 23:23:40 GMT"
        ],
        "Content-Length": [
          "127"
        ],
        "Content-Type": [
          "application/json; charset=utf-8"
        ],
        "Expires": [
          "-1"
        ]
      },
      "ResponseBody": "{\r\n  \"error\": {\r\n    \"code\": \"MapNotFound\",\r\n    \"message\": \"The map 'Liquid-ps9747' could not be found in the integration account 'IA-ps6238'.\"\r\n  }\r\n}",
      "StatusCode": 404
    },
    {
      "RequestUri": "/subscriptions/f34b22a3-2202-4fb1-b040-1332bd928c84/resourceGroups/RG-ps9750/providers/Microsoft.Logic/integrationAccounts/IA-ps6238/maps/Liquid-ps9747?api-version=2018-07-01-preview",
      "EncodedRequestUri": "L3N1YnNjcmlwdGlvbnMvZjM0YjIyYTMtMjIwMi00ZmIxLWIwNDAtMTMzMmJkOTI4Yzg0L3Jlc291cmNlR3JvdXBzL1JHLXBzOTc1MC9wcm92aWRlcnMvTWljcm9zb2Z0LkxvZ2ljL2ludGVncmF0aW9uQWNjb3VudHMvSUEtcHM2MjM4L21hcHMvTGlxdWlkLXBzOTc0Nz9hcGktdmVyc2lvbj0yMDE4LTA3LTAxLXByZXZpZXc=",
      "RequestMethod": "PUT",
      "RequestBody": "{\r\n  \"properties\": {\r\n    \"mapType\": \"Liquid\",\r\n    \"content\": \"{% if user %}\\r\\nHello, {{ user.firstname }}\\r\\n{% else %}\\r\\nHello World!\\r\\n{% endif %} \",\r\n    \"contentType\": \"text/plain\"\r\n  }\r\n}",
      "RequestHeaders": {
        "x-ms-client-request-id": [
          "8ca1d662-9362-4355-becd-ad479c5db8bc"
        ],
        "Accept-Language": [
          "en-US"
        ],
        "User-Agent": [
          "FxVersion/4.6.27019.06",
          "OSName/Windows",
          "OSVersion/Microsoft.Windows.10.0.17763.",
          "Microsoft.Azure.Management.Logic.LogicManagementClient/4.0.0.0"
        ],
        "Content-Type": [
          "application/json; charset=utf-8"
        ],
        "Content-Length": [
          "197"
        ]
      },
      "ResponseHeaders": {
        "Cache-Control": [
          "no-cache"
        ],
        "Pragma": [
          "no-cache"
        ],
        "x-ms-request-id": [
          "westus:87404f34-3e94-4d3e-af47-7a3729e561cb"
        ],
        "Strict-Transport-Security": [
          "max-age=31536000; includeSubDomains"
        ],
        "x-ms-ratelimit-remaining-subscription-writes": [
          "1182"
        ],
        "x-ms-correlation-request-id": [
          "d1a7da95-27ea-411d-946e-cd0b30f835f1"
        ],
        "x-ms-routing-request-id": [
          "WESTUS2:20181213T232340Z:d1a7da95-27ea-411d-946e-cd0b30f835f1"
        ],
        "X-Content-Type-Options": [
          "nosniff"
        ],
        "Date": [
          "Thu, 13 Dec 2018 23:23:40 GMT"
        ],
        "Content-Length": [
          "684"
        ],
        "Content-Type": [
          "application/json; charset=utf-8"
        ],
        "Expires": [
          "-1"
        ]
      },
      "ResponseBody": "{\r\n  \"properties\": {\r\n    \"mapType\": \"Liquid\",\r\n    \"contentLink\": {\r\n      \"uri\": \"https://prod-71.westus.logic.azure.com:443/integrationAccounts/1b58453e146a468ba0656d389617092e/maps/Liquid-ps9747/contents/Value?api-version=2015-08-01-preview&se=2018-12-14T03%3A23%3A40.8709436Z&sp=%2Fmaps%2FLiquid-ps9747%2Fread&sv=1.0&sig=WYWTK7gWkPaxRDkavZqIoiGMMCI5U-5wamb8569N7YY\",\r\n      \"contentSize\": 82\r\n    },\r\n    \"createdTime\": \"2018-12-13T23:23:40.8630233Z\",\r\n    \"changedTime\": \"2018-12-13T23:23:40.8640164Z\"\r\n  },\r\n  \"id\": \"/subscriptions/f34b22a3-2202-4fb1-b040-1332bd928c84/resourceGroups/RG-ps9750/providers/Microsoft.Logic/integrationAccounts/IA-ps6238/maps/Liquid-ps9747\",\r\n  \"name\": \"Liquid-ps9747\",\r\n  \"type\": \"Microsoft.Logic/integrationAccounts/maps\"\r\n}",
      "StatusCode": 201
    },
    {
      "RequestUri": "/subscriptions/f34b22a3-2202-4fb1-b040-1332bd928c84/resourceGroups/RG-ps9750/providers/Microsoft.Logic/integrationAccounts/IA-ps6238/maps/Liquid2-ps912?api-version=2018-07-01-preview",
      "EncodedRequestUri": "L3N1YnNjcmlwdGlvbnMvZjM0YjIyYTMtMjIwMi00ZmIxLWIwNDAtMTMzMmJkOTI4Yzg0L3Jlc291cmNlR3JvdXBzL1JHLXBzOTc1MC9wcm92aWRlcnMvTWljcm9zb2Z0LkxvZ2ljL2ludGVncmF0aW9uQWNjb3VudHMvSUEtcHM2MjM4L21hcHMvTGlxdWlkMi1wczkxMj9hcGktdmVyc2lvbj0yMDE4LTA3LTAxLXByZXZpZXc=",
      "RequestMethod": "GET",
      "RequestBody": "",
      "RequestHeaders": {
        "x-ms-client-request-id": [
          "6cb6a47a-c5c3-4c4a-88ce-6b61c143e291"
        ],
        "Accept-Language": [
          "en-US"
        ],
        "User-Agent": [
          "FxVersion/4.6.27019.06",
          "OSName/Windows",
          "OSVersion/Microsoft.Windows.10.0.17763.",
          "Microsoft.Azure.Management.Logic.LogicManagementClient/4.0.0.0"
        ]
      },
      "ResponseHeaders": {
        "Cache-Control": [
          "no-cache"
        ],
        "Pragma": [
          "no-cache"
        ],
        "x-ms-request-id": [
          "westus:b329d2af-4fe3-45d7-b77a-33030e8c2102"
        ],
        "Strict-Transport-Security": [
          "max-age=31536000; includeSubDomains"
        ],
        "x-ms-ratelimit-remaining-subscription-reads": [
          "11962"
        ],
        "x-ms-correlation-request-id": [
          "39ddb026-0338-4b38-b578-6fe5cf1bc211"
        ],
        "x-ms-routing-request-id": [
          "WESTUS2:20181213T232341Z:39ddb026-0338-4b38-b578-6fe5cf1bc211"
        ],
        "X-Content-Type-Options": [
          "nosniff"
        ],
        "Date": [
          "Thu, 13 Dec 2018 23:23:40 GMT"
        ],
        "Content-Length": [
          "127"
        ],
        "Content-Type": [
          "application/json; charset=utf-8"
        ],
        "Expires": [
          "-1"
        ]
      },
      "ResponseBody": "{\r\n  \"error\": {\r\n    \"code\": \"MapNotFound\",\r\n    \"message\": \"The map 'Liquid2-ps912' could not be found in the integration account 'IA-ps6238'.\"\r\n  }\r\n}",
      "StatusCode": 404
    },
    {
      "RequestUri": "/subscriptions/f34b22a3-2202-4fb1-b040-1332bd928c84/resourceGroups/RG-ps9750/providers/Microsoft.Logic/integrationAccounts/IA-ps6238/maps/Liquid2-ps912?api-version=2018-07-01-preview",
      "EncodedRequestUri": "L3N1YnNjcmlwdGlvbnMvZjM0YjIyYTMtMjIwMi00ZmIxLWIwNDAtMTMzMmJkOTI4Yzg0L3Jlc291cmNlR3JvdXBzL1JHLXBzOTc1MC9wcm92aWRlcnMvTWljcm9zb2Z0LkxvZ2ljL2ludGVncmF0aW9uQWNjb3VudHMvSUEtcHM2MjM4L21hcHMvTGlxdWlkMi1wczkxMj9hcGktdmVyc2lvbj0yMDE4LTA3LTAxLXByZXZpZXc=",
      "RequestMethod": "PUT",
      "RequestBody": "{\r\n  \"properties\": {\r\n    \"mapType\": \"liquid\",\r\n    \"content\": \"{% if user %}\\r\\nHello, {{ user.firstname }}\\r\\n{% else %}\\r\\nHello World!\\r\\n{% endif %} \",\r\n    \"contentType\": \"text/plain\"\r\n  }\r\n}",
      "RequestHeaders": {
        "x-ms-client-request-id": [
          "4bfbb0f2-d33d-476b-bf8b-86a4f93651d7"
        ],
        "Accept-Language": [
          "en-US"
        ],
        "User-Agent": [
          "FxVersion/4.6.27019.06",
          "OSName/Windows",
          "OSVersion/Microsoft.Windows.10.0.17763.",
          "Microsoft.Azure.Management.Logic.LogicManagementClient/4.0.0.0"
        ],
        "Content-Type": [
          "application/json; charset=utf-8"
        ],
        "Content-Length": [
          "197"
        ]
      },
      "ResponseHeaders": {
        "Cache-Control": [
          "no-cache"
        ],
        "Pragma": [
          "no-cache"
        ],
        "x-ms-request-id": [
          "westus:cda86886-006b-4312-9922-20248e2972f3"
        ],
        "Strict-Transport-Security": [
          "max-age=31536000; includeSubDomains"
        ],
        "x-ms-ratelimit-remaining-subscription-writes": [
          "1181"
        ],
        "x-ms-correlation-request-id": [
          "a8738b29-ebd4-4010-8111-afeae0160ba6"
        ],
        "x-ms-routing-request-id": [
          "WESTUS2:20181213T232341Z:a8738b29-ebd4-4010-8111-afeae0160ba6"
        ],
        "X-Content-Type-Options": [
          "nosniff"
        ],
        "Date": [
          "Thu, 13 Dec 2018 23:23:40 GMT"
        ],
        "Content-Length": [
          "684"
        ],
        "Content-Type": [
          "application/json; charset=utf-8"
        ],
        "Expires": [
          "-1"
        ]
      },
      "ResponseBody": "{\r\n  \"properties\": {\r\n    \"mapType\": \"Liquid\",\r\n    \"contentLink\": {\r\n      \"uri\": \"https://prod-71.westus.logic.azure.com:443/integrationAccounts/1b58453e146a468ba0656d389617092e/maps/Liquid2-ps912/contents/Value?api-version=2015-08-01-preview&se=2018-12-14T03%3A23%3A41.1522270Z&sp=%2Fmaps%2FLiquid2-ps912%2Fread&sv=1.0&sig=SqindTGBiVT8ICdjVA4jDx0T7mJ-QEW1ukgEfPQGHrs\",\r\n      \"contentSize\": 82\r\n    },\r\n    \"createdTime\": \"2018-12-13T23:23:41.0995361Z\",\r\n    \"changedTime\": \"2018-12-13T23:23:41.0999799Z\"\r\n  },\r\n  \"id\": \"/subscriptions/f34b22a3-2202-4fb1-b040-1332bd928c84/resourceGroups/RG-ps9750/providers/Microsoft.Logic/integrationAccounts/IA-ps6238/maps/Liquid2-ps912\",\r\n  \"name\": \"Liquid2-ps912\",\r\n  \"type\": \"Microsoft.Logic/integrationAccounts/maps\"\r\n}",
      "StatusCode": 201
    },
    {
      "RequestUri": "/subscriptions/f34b22a3-2202-4fb1-b040-1332bd928c84/resourceGroups/RG-ps9750/providers/Microsoft.Logic/integrationAccounts/IA-ps6238?api-version=2018-07-01-preview",
      "EncodedRequestUri": "L3N1YnNjcmlwdGlvbnMvZjM0YjIyYTMtMjIwMi00ZmIxLWIwNDAtMTMzMmJkOTI4Yzg0L3Jlc291cmNlR3JvdXBzL1JHLXBzOTc1MC9wcm92aWRlcnMvTWljcm9zb2Z0LkxvZ2ljL2ludGVncmF0aW9uQWNjb3VudHMvSUEtcHM2MjM4P2FwaS12ZXJzaW9uPTIwMTgtMDctMDEtcHJldmlldw==",
      "RequestMethod": "DELETE",
      "RequestBody": "",
      "RequestHeaders": {
        "x-ms-client-request-id": [
          "8de0e4fa-f65e-4b16-9c09-6a4ed54bcbe3"
        ],
        "Accept-Language": [
          "en-US"
        ],
        "User-Agent": [
          "FxVersion/4.6.27019.06",
          "OSName/Windows",
          "OSVersion/Microsoft.Windows.10.0.17763.",
          "Microsoft.Azure.Management.Logic.LogicManagementClient/4.0.0.0"
        ]
      },
      "ResponseHeaders": {
        "Cache-Control": [
          "no-cache"
        ],
        "Pragma": [
          "no-cache"
        ],
        "x-ms-request-id": [
          "westus:0facbec4-1aee-4a25-a5b5-2d54c284629d"
        ],
        "Strict-Transport-Security": [
          "max-age=31536000; includeSubDomains"
        ],
        "x-ms-ratelimit-remaining-subscription-deletes": [
          "14993"
        ],
        "x-ms-correlation-request-id": [
          "1eb964f2-2c55-402a-ba06-dcca72a36ecf"
        ],
        "x-ms-routing-request-id": [
          "WESTUS2:20181213T232341Z:1eb964f2-2c55-402a-ba06-dcca72a36ecf"
        ],
        "X-Content-Type-Options": [
          "nosniff"
        ],
        "Date": [
          "Thu, 13 Dec 2018 23:23:41 GMT"
        ],
        "Expires": [
          "-1"
        ],
        "Content-Length": [
          "0"
        ]
      },
      "ResponseBody": "",
      "StatusCode": 200
    }
  ],
  "Names": {
    "Test-CreateIntegrationAccountMap": [
      "ps9750",
      "ps6238",
      "ps1548",
      "ps7253",
      "ps1913",
      "ps22",
      "ps7209",
      "ps9747",
      "ps912"
    ]
  },
  "Variables": {
    "SubscriptionId": "f34b22a3-2202-4fb1-b040-1332bd928c84"
  }
}