{
  "Entries": [
    {
      "RequestUri": "/subscriptions/f34b22a3-2202-4fb1-b040-1332bd928c84/providers/Microsoft.Resources?api-version=2016-09-01",
      "EncodedRequestUri": "L3N1YnNjcmlwdGlvbnMvZjM0YjIyYTMtMjIwMi00ZmIxLWIwNDAtMTMzMmJkOTI4Yzg0L3Byb3ZpZGVycy9NaWNyb3NvZnQuUmVzb3VyY2VzP2FwaS12ZXJzaW9uPTIwMTYtMDktMDE=",
      "RequestMethod": "GET",
      "RequestBody": "",
      "RequestHeaders": {
        "x-ms-client-request-id": [
          "393b9877-1aff-472e-a6c5-01bbce44b3a8"
        ],
        "Accept-Language": [
          "en-US"
        ],
        "User-Agent": [
          "FxVersion/4.6.27019.06",
          "OSName/Windows",
          "OSVersion/Microsoft.Windows.10.0.17763.",
          "Microsoft.Azure.Management.Internal.Resources.ResourceManagementClient/1.1.11"
        ]
      },
      "ResponseHeaders": {
        "Cache-Control": [
          "no-cache"
        ],
        "Pragma": [
          "no-cache"
        ],
        "x-ms-ratelimit-remaining-subscription-reads": [
          "11983"
        ],
        "x-ms-request-id": [
          "3f428aab-0a8b-4555-b16a-c37d89b04716"
        ],
        "x-ms-correlation-request-id": [
          "3f428aab-0a8b-4555-b16a-c37d89b04716"
        ],
        "x-ms-routing-request-id": [
          "WESTUS2:20181213T232204Z:3f428aab-0a8b-4555-b16a-c37d89b04716"
        ],
        "Strict-Transport-Security": [
          "max-age=31536000; includeSubDomains"
        ],
        "X-Content-Type-Options": [
          "nosniff"
        ],
        "Date": [
          "Thu, 13 Dec 2018 23:22:04 GMT"
        ],
        "Content-Type": [
          "application/json; charset=utf-8"
        ],
        "Expires": [
          "-1"
        ],
        "Content-Length": [
          "7108"
        ]
      },
      "ResponseBody": "{\r\n  \"id\": \"/subscriptions/f34b22a3-2202-4fb1-b040-1332bd928c84/providers/Microsoft.Resources\",\r\n  \"namespace\": \"Microsoft.Resources\",\r\n  \"resourceTypes\": [\r\n    {\r\n      \"resourceType\": \"tenants\",\r\n      \"locations\": [],\r\n      \"apiVersions\": [\r\n        \"2018-09-01\",\r\n        \"2018-08-01\",\r\n        \"2018-07-01\",\r\n        \"2018-05-01\",\r\n        \"2018-02-01\",\r\n        \"2018-01-01\",\r\n        \"2017-08-01\",\r\n        \"2017-06-01\",\r\n        \"2017-05-10\",\r\n        \"2017-05-01\",\r\n        \"2017-03-01\",\r\n        \"2016-09-01\",\r\n        \"2016-07-01\",\r\n        \"2016-06-01\",\r\n        \"2016-02-01\",\r\n        \"2015-11-01\",\r\n        \"2015-01-01\",\r\n        \"2014-04-01-preview\"\r\n      ]\r\n    },\r\n    {\r\n      \"resourceType\": \"locations\",\r\n      \"locations\": [],\r\n      \"apiVersions\": [\r\n        \"2018-09-01\",\r\n        \"2018-08-01\",\r\n        \"2018-07-01\",\r\n        \"2018-05-01\",\r\n        \"2018-02-01\",\r\n        \"2018-01-01\",\r\n        \"2017-08-01\",\r\n        \"2017-06-01\",\r\n        \"2017-05-10\",\r\n        \"2017-05-01\",\r\n        \"2017-03-01\",\r\n        \"2016-09-01\",\r\n        \"2016-07-01\",\r\n        \"2016-06-01\",\r\n        \"2016-02-01\",\r\n        \"2015-11-01\",\r\n        \"2015-01-01\",\r\n        \"2014-04-01-preview\"\r\n      ]\r\n    },\r\n    {\r\n      \"resourceType\": \"notifyResourceJobs\",\r\n      \"locations\": [],\r\n      \"apiVersions\": [\r\n        \"2018-02-01\"\r\n      ]\r\n    },\r\n    {\r\n      \"resourceType\": \"checkPolicyCompliance\",\r\n      \"locations\": [],\r\n      \"apiVersions\": [\r\n        \"2018-09-01\",\r\n        \"2018-08-01\",\r\n        \"2018-07-01\",\r\n        \"2018-05-01\",\r\n        \"2018-02-01\",\r\n        \"2018-01-01\",\r\n        \"2017-08-01\",\r\n        \"2017-06-01\",\r\n        \"2017-05-10\",\r\n        \"2017-05-01\",\r\n        \"2017-03-01\",\r\n        \"2016-09-01\",\r\n        \"2016-07-01\",\r\n        \"2016-06-01\",\r\n        \"2016-02-01\",\r\n        \"2015-11-01\",\r\n        \"2015-01-01\",\r\n        \"2014-04-01-preview\"\r\n      ]\r\n    },\r\n    {\r\n      \"resourceType\": \"providers\",\r\n      \"locations\": [],\r\n      \"apiVersions\": [\r\n        \"2018-09-01\",\r\n        \"2018-08-01\",\r\n        \"2018-07-01\",\r\n        \"2018-05-01\",\r\n        \"2018-02-01\",\r\n        \"2018-01-01\",\r\n        \"2017-08-01\",\r\n        \"2017-06-01\",\r\n        \"2017-05-10\",\r\n        \"2017-05-01\",\r\n        \"2017-03-01\",\r\n        \"2016-09-01\",\r\n        \"2016-07-01\",\r\n        \"2016-06-01\",\r\n        \"2016-02-01\",\r\n        \"2015-11-01\",\r\n        \"2015-01-01\",\r\n        \"2014-04-01-preview\"\r\n      ]\r\n    },\r\n    {\r\n      \"resourceType\": \"checkresourcename\",\r\n      \"locations\": [],\r\n      \"apiVersions\": [\r\n        \"2018-09-01\",\r\n        \"2018-08-01\",\r\n        \"2018-07-01\",\r\n        \"2018-05-01\",\r\n        \"2018-02-01\",\r\n        \"2018-01-01\",\r\n        \"2017-08-01\",\r\n        \"2017-06-01\",\r\n        \"2017-05-10\",\r\n        \"2017-05-01\",\r\n        \"2017-03-01\",\r\n        \"2016-09-01\",\r\n        \"2016-07-01\",\r\n        \"2016-06-01\",\r\n        \"2016-02-01\",\r\n        \"2015-11-01\",\r\n        \"2015-01-01\",\r\n        \"2014-04-01-preview\"\r\n      ]\r\n    },\r\n    {\r\n      \"resourceType\": \"resources\",\r\n      \"locations\": [],\r\n      \"apiVersions\": [\r\n        \"2018-09-01\",\r\n        \"2018-08-01\",\r\n        \"2018-07-01\",\r\n        \"2018-05-01\",\r\n        \"2018-02-01\",\r\n        \"2018-01-01\",\r\n        \"2017-08-01\",\r\n        \"2017-06-01\",\r\n        \"2017-05-10\",\r\n        \"2017-05-01\",\r\n        \"2017-03-01\",\r\n        \"2016-09-01\",\r\n        \"2016-07-01\",\r\n        \"2016-06-01\",\r\n        \"2016-02-01\",\r\n        \"2015-11-01\",\r\n        \"2015-01-01\",\r\n        \"2014-04-01-preview\"\r\n      ]\r\n    },\r\n    {\r\n      \"resourceType\": \"subscriptions\",\r\n      \"locations\": [],\r\n      \"apiVersions\": [\r\n        \"2018-09-01\",\r\n        \"2018-08-01\",\r\n        \"2018-07-01\",\r\n        \"2018-05-01\",\r\n        \"2018-02-01\",\r\n        \"2018-01-01\",\r\n        \"2017-08-01\",\r\n        \"2017-06-01\",\r\n        \"2017-05-10\",\r\n        \"2017-05-01\",\r\n        \"2017-03-01\",\r\n        \"2016-09-01\",\r\n        \"2016-07-01\",\r\n        \"2016-06-01\",\r\n        \"2016-02-01\",\r\n        \"2015-11-01\",\r\n        \"2015-01-01\",\r\n        \"2014-04-01-preview\"\r\n      ]\r\n    },\r\n    {\r\n      \"resourceType\": \"subscriptions/resources\",\r\n      \"locations\": [],\r\n      \"apiVersions\": [\r\n        \"2018-09-01\",\r\n        \"2018-08-01\",\r\n        \"2018-07-01\",\r\n        \"2018-05-01\",\r\n        \"2018-02-01\",\r\n        \"2018-01-01\",\r\n        \"2017-08-01\",\r\n        \"2017-06-01\",\r\n        \"2017-05-10\",\r\n        \"2017-05-01\",\r\n        \"2017-03-01\",\r\n        \"2016-09-01\",\r\n        \"2016-07-01\",\r\n        \"2016-06-01\",\r\n        \"2016-02-01\",\r\n        \"2015-11-01\",\r\n        \"2015-01-01\",\r\n        \"2014-04-01-preview\"\r\n      ]\r\n    },\r\n    {\r\n      \"resourceType\": \"subscriptions/providers\",\r\n      \"locations\": [],\r\n      \"apiVersions\": [\r\n        \"2018-09-01\",\r\n        \"2018-08-01\",\r\n        \"2018-07-01\",\r\n        \"2018-05-01\",\r\n        \"2018-02-01\",\r\n        \"2018-01-01\",\r\n        \"2017-08-01\",\r\n        \"2017-06-01\",\r\n        \"2017-05-10\",\r\n        \"2017-05-01\",\r\n        \"2017-03-01\",\r\n        \"2016-09-01\",\r\n        \"2016-07-01\",\r\n        \"2016-06-01\",\r\n        \"2016-02-01\",\r\n        \"2015-11-01\",\r\n        \"2015-01-01\",\r\n        \"2014-04-01-preview\"\r\n      ]\r\n    },\r\n    {\r\n      \"resourceType\": \"subscriptions/operationresults\",\r\n      \"locations\": [],\r\n      \"apiVersions\": [\r\n        \"2018-09-01\",\r\n        \"2018-08-01\",\r\n        \"2018-07-01\",\r\n        \"2018-05-01\",\r\n        \"2018-02-01\",\r\n        \"2018-01-01\",\r\n        \"2017-08-01\",\r\n        \"2017-06-01\",\r\n        \"2017-05-10\",\r\n        \"2017-05-01\",\r\n        \"2017-03-01\",\r\n        \"2016-09-01\",\r\n        \"2016-07-01\",\r\n        \"2016-06-01\",\r\n        \"2016-02-01\",\r\n        \"2015-11-01\",\r\n        \"2015-01-01\",\r\n        \"2014-04-01-preview\"\r\n      ]\r\n    },\r\n    {\r\n      \"resourceType\": \"resourceGroups\",\r\n      \"locations\": [\r\n        \"Central US\",\r\n        \"East Asia\",\r\n        \"Southeast Asia\",\r\n        \"East US\",\r\n        \"East US 2\",\r\n        \"West US\",\r\n        \"West US 2\",\r\n        \"North Central US\",\r\n        \"South Central US\",\r\n        \"West Central US\",\r\n        \"North Europe\",\r\n        \"West Europe\",\r\n        \"Japan East\",\r\n        \"Japan West\",\r\n        \"Brazil South\",\r\n        \"Australia Southeast\",\r\n        \"Australia East\",\r\n        \"West India\",\r\n        \"South India\",\r\n        \"Central India\",\r\n        \"Canada Central\",\r\n        \"Canada East\",\r\n        \"UK South\",\r\n        \"UK West\",\r\n        \"Korea Central\",\r\n        \"Korea South\",\r\n        \"France Central\",\r\n        \"East US 2 EUAP\",\r\n        \"Central US EUAP\"\r\n      ],\r\n      \"apiVersions\": [\r\n        \"2018-09-01\",\r\n        \"2018-08-01\",\r\n        \"2018-07-01\",\r\n        \"2018-05-01\",\r\n        \"2018-02-01\",\r\n        \"2018-01-01\",\r\n        \"2017-08-01\",\r\n        \"2017-06-01\",\r\n        \"2017-05-10\",\r\n        \"2017-05-01\",\r\n        \"2017-03-01\",\r\n        \"2016-09-01\",\r\n        \"2016-07-01\",\r\n        \"2016-06-01\",\r\n        \"2016-02-01\",\r\n        \"2015-11-01\",\r\n        \"2015-01-01\",\r\n        \"2014-04-01-preview\"\r\n      ]\r\n    },\r\n    {\r\n      \"resourceType\": \"subscriptions/resourceGroups\",\r\n      \"locations\": [\r\n        \"Central US\",\r\n        \"East Asia\",\r\n        \"Southeast Asia\",\r\n        \"East US\",\r\n        \"East US 2\",\r\n        \"West US\",\r\n        \"West US 2\",\r\n        \"North Central US\",\r\n        \"South Central US\",\r\n        \"West Central US\",\r\n        \"North Europe\",\r\n        \"West Europe\",\r\n        \"Japan East\",\r\n        \"Japan West\",\r\n        \"Brazil South\",\r\n        \"Australia Southeast\",\r\n        \"Australia East\",\r\n        \"West India\",\r\n        \"South India\",\r\n        \"Central India\",\r\n        \"Canada Central\",\r\n        \"Canada East\",\r\n        \"UK South\",\r\n        \"UK West\",\r\n        \"Korea Central\",\r\n        \"Korea South\",\r\n        \"France Central\",\r\n        \"East US 2 EUAP\",\r\n        \"Central US EUAP\"\r\n      ],\r\n      \"apiVersions\": [\r\n        \"2018-09-01\",\r\n        \"2018-08-01\",\r\n        \"2018-07-01\",\r\n        \"2018-05-01\",\r\n        \"2018-02-01\",\r\n        \"2018-01-01\",\r\n        \"2017-08-01\",\r\n        \"2017-06-01\",\r\n        \"2017-05-10\",\r\n        \"2017-05-01\",\r\n        \"2017-03-01\",\r\n        \"2016-09-01\",\r\n        \"2016-07-01\",\r\n        \"2016-06-01\",\r\n        \"2016-02-01\",\r\n        \"2015-11-01\",\r\n        \"2015-01-01\",\r\n        \"2014-04-01-preview\"\r\n      ]\r\n    },\r\n    {\r\n      \"resourceType\": \"subscriptions/resourcegroups/resources\",\r\n      \"locations\": [],\r\n      \"apiVersions\": [\r\n        \"2018-09-01\",\r\n        \"2018-08-01\",\r\n        \"2018-07-01\",\r\n        \"2018-05-01\",\r\n        \"2018-02-01\",\r\n        \"2018-01-01\",\r\n        \"2017-08-01\",\r\n        \"2017-06-01\",\r\n        \"2017-05-10\",\r\n        \"2017-05-01\",\r\n        \"2017-03-01\",\r\n        \"2016-09-01\",\r\n        \"2016-07-01\",\r\n        \"2016-06-01\",\r\n        \"2016-02-01\",\r\n        \"2015-11-01\",\r\n        \"2015-01-01\",\r\n        \"2014-04-01-preview\"\r\n      ]\r\n    },\r\n    {\r\n      \"resourceType\": \"subscriptions/locations\",\r\n      \"locations\": [],\r\n      \"apiVersions\": [\r\n        \"2018-09-01\",\r\n        \"2018-08-01\",\r\n        \"2018-07-01\",\r\n        \"2018-05-01\",\r\n        \"2018-02-01\",\r\n        \"2018-01-01\",\r\n        \"2017-08-01\",\r\n        \"2017-06-01\",\r\n        \"2017-05-10\",\r\n        \"2017-05-01\",\r\n        \"2017-03-01\",\r\n        \"2016-09-01\",\r\n        \"2016-07-01\",\r\n        \"2016-06-01\",\r\n        \"2016-02-01\",\r\n        \"2015-11-01\",\r\n        \"2015-01-01\",\r\n        \"2014-04-01-preview\"\r\n      ]\r\n    },\r\n    {\r\n      \"resourceType\": \"subscriptions/tagnames\",\r\n      \"locations\": [],\r\n      \"apiVersions\": [\r\n        \"2018-09-01\",\r\n        \"2018-08-01\",\r\n        \"2018-07-01\",\r\n        \"2018-05-01\",\r\n        \"2018-02-01\",\r\n        \"2018-01-01\",\r\n        \"2017-08-01\",\r\n        \"2017-06-01\",\r\n        \"2017-05-10\",\r\n        \"2017-05-01\",\r\n        \"2017-03-01\",\r\n        \"2016-09-01\",\r\n        \"2016-07-01\",\r\n        \"2016-06-01\",\r\n        \"2016-02-01\",\r\n        \"2015-11-01\",\r\n        \"2015-01-01\",\r\n        \"2014-04-01-preview\"\r\n      ]\r\n    },\r\n    {\r\n      \"resourceType\": \"subscriptions/tagNames/tagValues\",\r\n      \"locations\": [],\r\n      \"apiVersions\": [\r\n        \"2018-09-01\",\r\n        \"2018-08-01\",\r\n        \"2018-07-01\",\r\n        \"2018-05-01\",\r\n        \"2018-02-01\",\r\n        \"2018-01-01\",\r\n        \"2017-08-01\",\r\n        \"2017-06-01\",\r\n        \"2017-05-10\",\r\n        \"2017-05-01\",\r\n        \"2017-03-01\",\r\n        \"2016-09-01\",\r\n        \"2016-07-01\",\r\n        \"2016-06-01\",\r\n        \"2016-02-01\",\r\n        \"2015-11-01\",\r\n        \"2015-01-01\",\r\n        \"2014-04-01-preview\"\r\n      ]\r\n    },\r\n    {\r\n      \"resourceType\": \"deployments\",\r\n      \"locations\": [],\r\n      \"apiVersions\": [\r\n        \"2018-09-01\",\r\n        \"2018-08-01\",\r\n        \"2018-07-01\",\r\n        \"2018-05-01\",\r\n        \"2018-02-01\",\r\n        \"2018-01-01\",\r\n        \"2017-08-01\",\r\n        \"2017-06-01\",\r\n        \"2017-05-10\",\r\n        \"2017-05-01\",\r\n        \"2017-03-01\",\r\n        \"2016-09-01\",\r\n        \"2016-07-01\",\r\n        \"2016-06-01\",\r\n        \"2016-02-01\",\r\n        \"2015-11-01\",\r\n        \"2015-01-01\",\r\n        \"2014-04-01-preview\"\r\n      ]\r\n    },\r\n    {\r\n      \"resourceType\": \"deployments/operations\",\r\n      \"locations\": [],\r\n      \"apiVersions\": [\r\n        \"2018-09-01\",\r\n        \"2018-08-01\",\r\n        \"2018-07-01\",\r\n        \"2018-05-01\",\r\n        \"2018-02-01\",\r\n        \"2018-01-01\",\r\n        \"2017-08-01\",\r\n        \"2017-06-01\",\r\n        \"2017-05-10\",\r\n        \"2017-05-01\",\r\n        \"2017-03-01\",\r\n        \"2016-09-01\",\r\n        \"2016-07-01\",\r\n        \"2016-06-01\",\r\n        \"2016-02-01\",\r\n        \"2015-11-01\",\r\n        \"2015-01-01\",\r\n        \"2014-04-01-preview\"\r\n      ]\r\n    },\r\n    {\r\n      \"resourceType\": \"links\",\r\n      \"locations\": [],\r\n      \"apiVersions\": [\r\n        \"2018-09-01\",\r\n        \"2018-08-01\",\r\n        \"2018-07-01\",\r\n        \"2018-05-01\",\r\n        \"2018-02-01\",\r\n        \"2018-01-01\",\r\n        \"2017-08-01\",\r\n        \"2017-06-01\",\r\n        \"2017-05-10\",\r\n        \"2017-05-01\",\r\n        \"2017-03-01\",\r\n        \"2016-09-01\",\r\n        \"2016-07-01\",\r\n        \"2016-06-01\",\r\n        \"2016-02-01\",\r\n        \"2015-11-01\",\r\n        \"2015-01-01\",\r\n        \"2014-04-01-preview\"\r\n      ]\r\n    },\r\n    {\r\n      \"resourceType\": \"operations\",\r\n      \"locations\": [],\r\n      \"apiVersions\": [\r\n        \"2015-01-01\"\r\n      ]\r\n    }\r\n  ],\r\n  \"registrationState\": \"Registered\"\r\n}",
      "StatusCode": 200
    },
    {
      "RequestUri": "/subscriptions/f34b22a3-2202-4fb1-b040-1332bd928c84/resourcegroups/RG-ps5929?api-version=2016-09-01",
      "EncodedRequestUri": "L3N1YnNjcmlwdGlvbnMvZjM0YjIyYTMtMjIwMi00ZmIxLWIwNDAtMTMzMmJkOTI4Yzg0L3Jlc291cmNlZ3JvdXBzL1JHLXBzNTkyOT9hcGktdmVyc2lvbj0yMDE2LTA5LTAx",
      "RequestMethod": "PUT",
      "RequestBody": "{\r\n  \"location\": \"West US\"\r\n}",
      "RequestHeaders": {
        "x-ms-client-request-id": [
          "22c848aa-c3fd-4c33-93ce-05b50907bc60"
        ],
        "Accept-Language": [
          "en-US"
        ],
        "User-Agent": [
          "FxVersion/4.6.27019.06",
          "OSName/Windows",
          "OSVersion/Microsoft.Windows.10.0.17763.",
          "Microsoft.Azure.Management.Internal.Resources.ResourceManagementClient/1.1.11"
        ],
        "Content-Type": [
          "application/json; charset=utf-8"
        ],
        "Content-Length": [
          "29"
        ]
      },
      "ResponseHeaders": {
        "Cache-Control": [
          "no-cache"
        ],
        "Pragma": [
          "no-cache"
        ],
        "x-ms-ratelimit-remaining-subscription-writes": [
          "1183"
        ],
        "x-ms-request-id": [
          "5499cc7e-8fdb-4195-9c03-b76d46fd0544"
        ],
        "x-ms-correlation-request-id": [
          "5499cc7e-8fdb-4195-9c03-b76d46fd0544"
        ],
        "x-ms-routing-request-id": [
          "WESTUS2:20181213T232204Z:5499cc7e-8fdb-4195-9c03-b76d46fd0544"
        ],
        "Strict-Transport-Security": [
          "max-age=31536000; includeSubDomains"
        ],
        "X-Content-Type-Options": [
          "nosniff"
        ],
        "Date": [
          "Thu, 13 Dec 2018 23:22:04 GMT"
        ],
        "Content-Length": [
          "171"
        ],
        "Content-Type": [
          "application/json; charset=utf-8"
        ],
        "Expires": [
          "-1"
        ]
      },
      "ResponseBody": "{\r\n  \"id\": \"/subscriptions/f34b22a3-2202-4fb1-b040-1332bd928c84/resourceGroups/RG-ps5929\",\r\n  \"name\": \"RG-ps5929\",\r\n  \"location\": \"westus\",\r\n  \"properties\": {\r\n    \"provisioningState\": \"Succeeded\"\r\n  }\r\n}",
      "StatusCode": 201
    },
    {
      "RequestUri": "/subscriptions/f34b22a3-2202-4fb1-b040-1332bd928c84/providers/Microsoft.Logic?api-version=2016-09-01",
      "EncodedRequestUri": "L3N1YnNjcmlwdGlvbnMvZjM0YjIyYTMtMjIwMi00ZmIxLWIwNDAtMTMzMmJkOTI4Yzg0L3Byb3ZpZGVycy9NaWNyb3NvZnQuTG9naWM/YXBpLXZlcnNpb249MjAxNi0wOS0wMQ==",
      "RequestMethod": "GET",
      "RequestBody": "",
      "RequestHeaders": {
        "x-ms-client-request-id": [
          "468cb70e-4c6b-475d-9166-e8a4c327ee83"
        ],
        "Accept-Language": [
          "en-US"
        ],
        "User-Agent": [
          "FxVersion/4.6.27019.06",
          "OSName/Windows",
          "OSVersion/Microsoft.Windows.10.0.17763.",
          "Microsoft.Azure.Management.Internal.Resources.ResourceManagementClient/1.1.11"
        ]
      },
      "ResponseHeaders": {
        "Cache-Control": [
          "no-cache"
        ],
        "Pragma": [
          "no-cache"
        ],
        "x-ms-ratelimit-remaining-subscription-reads": [
          "11982"
        ],
        "x-ms-request-id": [
          "431253aa-e863-4561-8fa7-1388d8c61654"
        ],
        "x-ms-correlation-request-id": [
          "431253aa-e863-4561-8fa7-1388d8c61654"
        ],
        "x-ms-routing-request-id": [
          "WESTUS2:20181213T232204Z:431253aa-e863-4561-8fa7-1388d8c61654"
        ],
        "Strict-Transport-Security": [
          "max-age=31536000; includeSubDomains"
        ],
        "X-Content-Type-Options": [
          "nosniff"
        ],
        "Date": [
          "Thu, 13 Dec 2018 23:22:04 GMT"
        ],
        "Content-Type": [
          "application/json; charset=utf-8"
        ],
        "Expires": [
          "-1"
        ],
        "Content-Length": [
          "3710"
        ]
      },
      "ResponseBody": "{\r\n  \"id\": \"/subscriptions/f34b22a3-2202-4fb1-b040-1332bd928c84/providers/Microsoft.Logic\",\r\n  \"namespace\": \"Microsoft.Logic\",\r\n  \"authorization\": {\r\n    \"applicationId\": \"7cd684f4-8a78-49b0-91ec-6a35d38739ba\",\r\n    \"roleDefinitionId\": \"cb3ef1fb-6e31-49e2-9d87-ed821053fe58\"\r\n  },\r\n  \"resourceTypes\": [\r\n    {\r\n      \"resourceType\": \"workflows\",\r\n      \"locations\": [\r\n        \"North Central US\",\r\n        \"Central US\",\r\n        \"South Central US\",\r\n        \"North Europe\",\r\n        \"West Europe\",\r\n        \"East Asia\",\r\n        \"Southeast Asia\",\r\n        \"West US\",\r\n        \"East US\",\r\n        \"East US 2\",\r\n        \"Japan West\",\r\n        \"Japan East\",\r\n        \"Australia East\",\r\n        \"Australia Southeast\",\r\n        \"South India\",\r\n        \"Central India\",\r\n        \"West India\",\r\n        \"Canada Central\",\r\n        \"Canada East\",\r\n        \"West US 2\",\r\n        \"West Central US\",\r\n        \"UK South\",\r\n        \"UK West\",\r\n        \"Brazil South\",\r\n        \"Central US EUAP\",\r\n        \"East US 2 EUAP\"\r\n      ],\r\n      \"apiVersions\": [\r\n        \"2018-07-01-preview\",\r\n        \"2017-07-01\",\r\n        \"2016-10-01\",\r\n        \"2016-06-01\",\r\n        \"2015-08-01-preview\",\r\n        \"2015-02-01-preview\"\r\n      ],\r\n      \"capabilities\": \"CrossResourceGroupResourceMove, CrossSubscriptionResourceMove, SystemAssignedResourceIdentity\"\r\n    },\r\n    {\r\n      \"resourceType\": \"locations/workflows\",\r\n      \"locations\": [\r\n        \"North Central US\",\r\n        \"Central US\",\r\n        \"South Central US\",\r\n        \"North Europe\",\r\n        \"West Europe\",\r\n        \"East Asia\",\r\n        \"Southeast Asia\",\r\n        \"West US\",\r\n        \"East US\",\r\n        \"East US 2\",\r\n        \"Japan West\",\r\n        \"Japan East\",\r\n        \"Australia East\",\r\n        \"Australia Southeast\",\r\n        \"South India\",\r\n        \"Central India\",\r\n        \"West India\",\r\n        \"Canada Central\",\r\n        \"Canada East\",\r\n        \"West US 2\",\r\n        \"West Central US\",\r\n        \"UK South\",\r\n        \"UK West\",\r\n        \"Brazil South\",\r\n        \"Central US EUAP\",\r\n        \"East US 2 EUAP\"\r\n      ],\r\n      \"apiVersions\": [\r\n        \"2018-07-01-preview\",\r\n        \"2017-07-01\",\r\n        \"2016-10-01\",\r\n        \"2016-06-01\",\r\n        \"2015-08-01-preview\",\r\n        \"2015-02-01-preview\"\r\n      ]\r\n    },\r\n    {\r\n      \"resourceType\": \"locations\",\r\n      \"locations\": [\r\n        \"North Central US\"\r\n      ],\r\n      \"apiVersions\": [\r\n        \"2018-07-01-preview\",\r\n        \"2017-07-01\",\r\n        \"2016-10-01\",\r\n        \"2016-06-01\",\r\n        \"2015-08-01-preview\",\r\n        \"2015-02-01-preview\"\r\n      ]\r\n    },\r\n    {\r\n      \"resourceType\": \"operations\",\r\n      \"locations\": [\r\n        \"North Central US\",\r\n        \"Central US\",\r\n        \"South Central US\",\r\n        \"North Europe\",\r\n        \"West Europe\",\r\n        \"East Asia\",\r\n        \"Southeast Asia\",\r\n        \"West US\",\r\n        \"East US\",\r\n        \"East US 2\",\r\n        \"Japan West\",\r\n        \"Japan East\",\r\n        \"Brazil South\",\r\n        \"Australia East\",\r\n        \"Australia Southeast\",\r\n        \"South India\",\r\n        \"Central India\",\r\n        \"West India\",\r\n        \"Canada Central\",\r\n        \"Canada East\",\r\n        \"West US 2\",\r\n        \"West Central US\",\r\n        \"UK South\",\r\n        \"UK West\"\r\n      ],\r\n      \"apiVersions\": [\r\n        \"2018-07-01-preview\",\r\n        \"2017-07-01\",\r\n        \"2016-10-01\",\r\n        \"2016-06-01\",\r\n        \"2015-08-01-preview\",\r\n        \"2015-02-01-preview\"\r\n      ]\r\n    },\r\n    {\r\n      \"resourceType\": \"integrationAccounts\",\r\n      \"locations\": [\r\n        \"North Central US\",\r\n        \"Central US\",\r\n        \"South Central US\",\r\n        \"North Europe\",\r\n        \"West Europe\",\r\n        \"East Asia\",\r\n        \"Southeast Asia\",\r\n        \"West US\",\r\n        \"East US\",\r\n        \"East US 2\",\r\n        \"Japan West\",\r\n        \"Japan East\",\r\n        \"Australia East\",\r\n        \"Australia Southeast\",\r\n        \"South India\",\r\n        \"Central India\",\r\n        \"West India\",\r\n        \"Canada Central\",\r\n        \"Canada East\",\r\n        \"West US 2\",\r\n        \"West Central US\",\r\n        \"UK South\",\r\n        \"UK West\",\r\n        \"Brazil South\",\r\n        \"Central US EUAP\",\r\n        \"East US 2 EUAP\"\r\n      ],\r\n      \"apiVersions\": [\r\n        \"2018-07-01-preview\",\r\n        \"2016-06-01\",\r\n        \"2015-08-01-preview\"\r\n      ],\r\n      \"capabilities\": \"CrossResourceGroupResourceMove, CrossSubscriptionResourceMove\"\r\n    },\r\n    {\r\n      \"resourceType\": \"hostingEnvironments\",\r\n      \"locations\": [\r\n        \"Brazil South\",\r\n        \"Central US EUAP\",\r\n        \"East US 2 EUAP\"\r\n      ],\r\n      \"apiVersions\": [\r\n        \"2018-04-01-privatepreview\"\r\n      ],\r\n      \"capabilities\": \"CrossResourceGroupResourceMove, CrossSubscriptionResourceMove\"\r\n    },\r\n    {\r\n      \"resourceType\": \"isolatedEnvironments\",\r\n      \"locations\": [\r\n        \"Brazil South\",\r\n        \"Central US EUAP\",\r\n        \"East US 2 EUAP\"\r\n      ],\r\n      \"apiVersions\": [\r\n        \"2018-07-01-preview\",\r\n        \"2018-03-01-preview\"\r\n      ],\r\n      \"capabilities\": \"None\"\r\n    },\r\n    {\r\n      \"resourceType\": \"integrationServiceEnvironments\",\r\n      \"locations\": [\r\n        \"North Central US\",\r\n        \"Central US\",\r\n        \"South Central US\",\r\n        \"North Europe\",\r\n        \"West Europe\",\r\n        \"East Asia\",\r\n        \"Southeast Asia\",\r\n        \"West US\",\r\n        \"East US\",\r\n        \"East US 2\",\r\n        \"Japan West\",\r\n        \"Japan East\",\r\n        \"Brazil South\",\r\n        \"Central US EUAP\",\r\n        \"East US 2 EUAP\",\r\n        \"Australia East\",\r\n        \"Australia Southeast\",\r\n        \"South India\",\r\n        \"Central India\",\r\n        \"West India\",\r\n        \"Canada Central\",\r\n        \"Canada East\",\r\n        \"West US 2\",\r\n        \"West Central US\",\r\n        \"UK South\",\r\n        \"UK West\"\r\n      ],\r\n      \"apiVersions\": [\r\n        \"2018-07-01-preview\",\r\n        \"2018-03-01-preview\"\r\n      ],\r\n      \"capabilities\": \"None\"\r\n    }\r\n  ],\r\n  \"registrationState\": \"Registered\"\r\n}",
      "StatusCode": 200
    },
    {
      "RequestUri": "/subscriptions/f34b22a3-2202-4fb1-b040-1332bd928c84/resourceGroups/RG-ps5929/providers/Microsoft.Logic/workflows/ps6688?api-version=2018-07-01-preview",
      "EncodedRequestUri": "L3N1YnNjcmlwdGlvbnMvZjM0YjIyYTMtMjIwMi00ZmIxLWIwNDAtMTMzMmJkOTI4Yzg0L3Jlc291cmNlR3JvdXBzL1JHLXBzNTkyOS9wcm92aWRlcnMvTWljcm9zb2Z0LkxvZ2ljL3dvcmtmbG93cy9wczY2ODg/YXBpLXZlcnNpb249MjAxOC0wNy0wMS1wcmV2aWV3",
      "RequestMethod": "GET",
      "RequestBody": "",
      "RequestHeaders": {
        "x-ms-client-request-id": [
          "5e93f09b-40f3-41ed-afc5-e040ef0903aa"
        ],
        "Accept-Language": [
          "en-US"
        ],
        "User-Agent": [
          "FxVersion/4.6.27019.06",
          "OSName/Windows",
          "OSVersion/Microsoft.Windows.10.0.17763.",
          "Microsoft.Azure.Management.Logic.LogicManagementClient/4.0.0.0"
        ]
      },
      "ResponseHeaders": {
        "Cache-Control": [
          "no-cache"
        ],
        "Pragma": [
          "no-cache"
        ],
        "x-ms-failure-cause": [
          "gateway"
        ],
        "x-ms-request-id": [
          "1cf4a2f1-a8e1-4bd6-aab1-8ede1ce74178"
        ],
        "x-ms-correlation-request-id": [
          "1cf4a2f1-a8e1-4bd6-aab1-8ede1ce74178"
        ],
        "x-ms-routing-request-id": [
          "WESTUS2:20181213T232204Z:1cf4a2f1-a8e1-4bd6-aab1-8ede1ce74178"
        ],
        "Strict-Transport-Security": [
          "max-age=31536000; includeSubDomains"
        ],
        "X-Content-Type-Options": [
          "nosniff"
        ],
        "Date": [
          "Thu, 13 Dec 2018 23:22:03 GMT"
        ],
        "Content-Type": [
          "application/json; charset=utf-8"
        ],
        "Expires": [
          "-1"
        ],
        "Content-Length": [
          "145"
        ]
      },
      "ResponseBody": "{\r\n  \"error\": {\r\n    \"code\": \"ResourceNotFound\",\r\n    \"message\": \"The Resource 'Microsoft.Logic/workflows/ps6688' under resource group 'RG-ps5929' was not found.\"\r\n  }\r\n}",
      "StatusCode": 404
    },
    {
      "RequestUri": "/subscriptions/f34b22a3-2202-4fb1-b040-1332bd928c84/resourceGroups/RG-ps5929/providers/Microsoft.Logic/workflows/ps6688?api-version=2018-07-01-preview",
      "EncodedRequestUri": "L3N1YnNjcmlwdGlvbnMvZjM0YjIyYTMtMjIwMi00ZmIxLWIwNDAtMTMzMmJkOTI4Yzg0L3Jlc291cmNlR3JvdXBzL1JHLXBzNTkyOS9wcm92aWRlcnMvTWljcm9zb2Z0LkxvZ2ljL3dvcmtmbG93cy9wczY2ODg/YXBpLXZlcnNpb249MjAxOC0wNy0wMS1wcmV2aWV3",
      "RequestMethod": "GET",
      "RequestBody": "",
      "RequestHeaders": {
        "x-ms-client-request-id": [
          "d764ded7-632e-455d-94ed-48d3ea47a137"
        ],
        "Accept-Language": [
          "en-US"
        ],
        "User-Agent": [
          "FxVersion/4.6.27019.06",
          "OSName/Windows",
          "OSVersion/Microsoft.Windows.10.0.17763.",
          "Microsoft.Azure.Management.Logic.LogicManagementClient/4.0.0.0"
        ]
      },
      "ResponseHeaders": {
        "Cache-Control": [
          "no-cache"
        ],
        "Pragma": [
          "no-cache"
        ],
        "Vary": [
          "Accept-Encoding"
        ],
        "x-ms-request-id": [
          "westus:d7a3f23a-eec6-4df7-87b6-a5ee55f58a38"
        ],
        "Strict-Transport-Security": [
          "max-age=31536000; includeSubDomains"
        ],
        "x-ms-ratelimit-remaining-subscription-resource-requests": [
          "19997"
        ],
        "x-ms-correlation-request-id": [
          "54bb92a4-b55c-4f95-8ae0-ad3eac791edf"
        ],
        "x-ms-routing-request-id": [
          "WESTUS2:20181213T232207Z:54bb92a4-b55c-4f95-8ae0-ad3eac791edf"
        ],
        "X-Content-Type-Options": [
          "nosniff"
        ],
        "Date": [
          "Thu, 13 Dec 2018 23:22:07 GMT"
        ],
        "Content-Length": [
          "1788"
        ],
        "Content-Type": [
          "application/json; charset=utf-8"
        ],
        "Expires": [
          "-1"
        ]
      },
      "ResponseBody": "{\r\n  \"properties\": {\r\n    \"provisioningState\": \"Succeeded\",\r\n    \"createdTime\": \"2018-12-13T23:22:05.5245042Z\",\r\n    \"changedTime\": \"2018-12-13T23:22:05.5222229Z\",\r\n    \"state\": \"Enabled\",\r\n    \"version\": \"08586568635600524484\",\r\n    \"accessEndpoint\": \"https://prod-72.westus.logic.azure.com:443/workflows/6c95482973004f08bd10a26bba2e484c\",\r\n    \"definition\": {\r\n      \"$schema\": \"http://schema.management.azure.com/providers/Microsoft.Logic/schemas/2015-08-01-preview/workflowdefinition.json#\",\r\n      \"contentVersion\": \"1.0.0.0\",\r\n      \"parameters\": {\r\n        \"runworkflowmanually\": {\r\n          \"defaultValue\": false,\r\n          \"type\": \"Bool\"\r\n        }\r\n      },\r\n      \"triggers\": {\r\n        \"httpTrigger\": {\r\n          \"recurrence\": {\r\n            \"frequency\": \"Hour\",\r\n            \"interval\": 1\r\n          },\r\n          \"type\": \"Http\",\r\n          \"inputs\": {\r\n            \"method\": \"GET\",\r\n            \"uri\": \"http://www.bing.com\"\r\n          },\r\n          \"conditions\": [\r\n            {\r\n              \"expression\": \"@bool('true')\"\r\n            }\r\n          ]\r\n        },\r\n        \"manualTrigger\": {\r\n          \"type\": \"Manual\"\r\n        }\r\n      },\r\n      \"actions\": {\r\n        \"http\": {\r\n          \"type\": \"Http\",\r\n          \"inputs\": {\r\n            \"method\": \"GET\",\r\n            \"uri\": \"http://www.bing.com\"\r\n          },\r\n          \"conditions\": [\r\n            {\r\n              \"expression\": \"@bool('true')\"\r\n            }\r\n          ]\r\n        },\r\n        \"http1\": {\r\n          \"type\": \"Http\",\r\n          \"inputs\": {\r\n            \"method\": \"GET\",\r\n            \"uri\": \"http://www.bing.com\"\r\n          },\r\n          \"conditions\": [\r\n            {\r\n              \"expression\": \"@bool('true')\"\r\n            }\r\n          ]\r\n        }\r\n      },\r\n      \"outputs\": {\r\n        \"output1\": {\r\n          \"type\": \"String\",\r\n          \"value\": \"true\"\r\n        }\r\n      }\r\n    },\r\n    \"parameters\": {},\r\n    \"endpointsConfiguration\": {\r\n      \"workflow\": {\r\n        \"outgoingIpAddresses\": [\r\n          {\r\n            \"address\": \"52.160.92.112\"\r\n          },\r\n          {\r\n            \"address\": \"40.118.244.241\"\r\n          },\r\n          {\r\n            \"address\": \"40.118.241.243\"\r\n          },\r\n          {\r\n            \"address\": \"157.56.162.53\"\r\n          },\r\n          {\r\n            \"address\": \"157.56.167.147\"\r\n          },\r\n          {\r\n            \"address\": \"104.42.49.145\"\r\n          },\r\n          {\r\n            \"address\": \"40.83.164.80\"\r\n          },\r\n          {\r\n            \"address\": \"104.42.38.32\"\r\n          }\r\n        ],\r\n        \"accessEndpointIpAddresses\": [\r\n          {\r\n            \"address\": \"52.160.90.237\"\r\n          },\r\n          {\r\n            \"address\": \"138.91.188.137\"\r\n          },\r\n          {\r\n            \"address\": \"13.91.252.184\"\r\n          },\r\n          {\r\n            \"address\": \"157.56.160.212 \"\r\n          }\r\n        ]\r\n      },\r\n      \"connector\": {\r\n        \"outgoingIpAddresses\": [\r\n          {\r\n            \"address\": \"104.40.51.248\"\r\n          }\r\n        ]\r\n      }\r\n    }\r\n  },\r\n  \"id\": \"/subscriptions/f34b22a3-2202-4fb1-b040-1332bd928c84/resourceGroups/RG-ps5929/providers/Microsoft.Logic/workflows/ps6688\",\r\n  \"name\": \"ps6688\",\r\n  \"type\": \"Microsoft.Logic/workflows\",\r\n  \"location\": \"West US\"\r\n}",
      "StatusCode": 200
    },
    {
      "RequestUri": "/subscriptions/f34b22a3-2202-4fb1-b040-1332bd928c84/resourceGroups/RG-ps5929/providers/Microsoft.Logic/workflows/ps6688?api-version=2018-07-01-preview",
      "EncodedRequestUri": "L3N1YnNjcmlwdGlvbnMvZjM0YjIyYTMtMjIwMi00ZmIxLWIwNDAtMTMzMmJkOTI4Yzg0L3Jlc291cmNlR3JvdXBzL1JHLXBzNTkyOS9wcm92aWRlcnMvTWljcm9zb2Z0LkxvZ2ljL3dvcmtmbG93cy9wczY2ODg/YXBpLXZlcnNpb249MjAxOC0wNy0wMS1wcmV2aWV3",
      "RequestMethod": "PUT",
      "RequestBody": "{\r\n  \"properties\": {\r\n    \"state\": \"Enabled\",\r\n    \"definition\": {\r\n      \"$schema\": \"http://schema.management.azure.com/providers/Microsoft.Logic/schemas/2015-08-01-preview/workflowdefinition.json#\",\r\n      \"contentVersion\": \"1.0.0.0\",\r\n      \"parameters\": {\r\n        \"runworkflowmanually\": {\r\n          \"defaultValue\": false,\r\n          \"type\": \"bool\"\r\n        }\r\n      },\r\n      \"triggers\": {\r\n        \"httpTrigger\": {\r\n          \"type\": \"Http\",\r\n          \"inputs\": {\r\n            \"method\": \"GET\",\r\n            \"uri\": \"http://www.bing.com\"\r\n          },\r\n          \"recurrence\": {\r\n            \"frequency\": \"Hour\",\r\n            \"interval\": 1\r\n          },\r\n          \"conditions\": [\r\n            {\r\n              \"expression\": \"@bool('true')\"\r\n            }\r\n          ]\r\n        },\r\n        \"manualTrigger\": {\r\n          \"type\": \"Manual\"\r\n        }\r\n      },\r\n      \"actions\": {\r\n        \"http\": {\r\n          \"type\": \"Http\",\r\n          \"inputs\": {\r\n            \"method\": \"GET\",\r\n            \"uri\": \"http://www.bing.com\"\r\n          },\r\n          \"conditions\": [\r\n            {\r\n              \"expression\": \"@bool('true')\"\r\n            }\r\n          ]\r\n        },\r\n        \"http1\": {\r\n          \"type\": \"Http\",\r\n          \"inputs\": {\r\n            \"method\": \"GET\",\r\n            \"uri\": \"http://www.bing.com\"\r\n          },\r\n          \"conditions\": [\r\n            {\r\n              \"expression\": \"@bool('true')\"\r\n            }\r\n          ]\r\n        }\r\n      },\r\n      \"outputs\": {\r\n        \"output1\": {\r\n          \"type\": \"string\",\r\n          \"value\": \"true\"\r\n        }\r\n      }\r\n    }\r\n  },\r\n  \"location\": \"West US\"\r\n}",
      "RequestHeaders": {
        "x-ms-client-request-id": [
          "8d5fd7b3-086d-4311-85f7-1ff11f4f43bd"
        ],
        "Accept-Language": [
          "en-US"
        ],
        "User-Agent": [
          "FxVersion/4.6.27019.06",
          "OSName/Windows",
          "OSVersion/Microsoft.Windows.10.0.17763.",
          "Microsoft.Azure.Management.Logic.LogicManagementClient/4.0.0.0"
        ],
        "Content-Type": [
          "application/json; charset=utf-8"
        ],
        "Content-Length": [
          "1616"
        ]
      },
      "ResponseHeaders": {
        "Cache-Control": [
          "no-cache"
        ],
        "Pragma": [
          "no-cache"
        ],
        "x-ms-request-id": [
          "westus:29f1caa8-ef9f-427f-b08f-3b44b69a849c"
        ],
        "Strict-Transport-Security": [
          "max-age=31536000; includeSubDomains"
        ],
        "x-ms-ratelimit-remaining-subscription-writes": [
          "1196"
        ],
        "x-ms-correlation-request-id": [
          "54ecd7e1-fb01-4efa-8a52-222478659cf0"
        ],
        "x-ms-routing-request-id": [
          "WESTUS2:20181213T232205Z:54ecd7e1-fb01-4efa-8a52-222478659cf0"
        ],
        "X-Content-Type-Options": [
          "nosniff"
        ],
        "Date": [
          "Thu, 13 Dec 2018 23:22:05 GMT"
        ],
        "Content-Length": [
          "1788"
        ],
        "Content-Type": [
          "application/json; charset=utf-8"
        ],
        "Expires": [
          "-1"
        ]
      },
      "ResponseBody": "{\r\n  \"properties\": {\r\n    \"provisioningState\": \"Succeeded\",\r\n    \"createdTime\": \"2018-12-13T23:22:05.5245042Z\",\r\n    \"changedTime\": \"2018-12-13T23:22:05.5222229Z\",\r\n    \"state\": \"Enabled\",\r\n    \"version\": \"08586568635600524484\",\r\n    \"accessEndpoint\": \"https://prod-72.westus.logic.azure.com:443/workflows/6c95482973004f08bd10a26bba2e484c\",\r\n    \"definition\": {\r\n      \"$schema\": \"http://schema.management.azure.com/providers/Microsoft.Logic/schemas/2015-08-01-preview/workflowdefinition.json#\",\r\n      \"contentVersion\": \"1.0.0.0\",\r\n      \"parameters\": {\r\n        \"runworkflowmanually\": {\r\n          \"defaultValue\": false,\r\n          \"type\": \"Bool\"\r\n        }\r\n      },\r\n      \"triggers\": {\r\n        \"httpTrigger\": {\r\n          \"recurrence\": {\r\n            \"frequency\": \"Hour\",\r\n            \"interval\": 1\r\n          },\r\n          \"type\": \"Http\",\r\n          \"inputs\": {\r\n            \"method\": \"GET\",\r\n            \"uri\": \"http://www.bing.com\"\r\n          },\r\n          \"conditions\": [\r\n            {\r\n              \"expression\": \"@bool('true')\"\r\n            }\r\n          ]\r\n        },\r\n        \"manualTrigger\": {\r\n          \"type\": \"Manual\"\r\n        }\r\n      },\r\n      \"actions\": {\r\n        \"http\": {\r\n          \"type\": \"Http\",\r\n          \"inputs\": {\r\n            \"method\": \"GET\",\r\n            \"uri\": \"http://www.bing.com\"\r\n          },\r\n          \"conditions\": [\r\n            {\r\n              \"expression\": \"@bool('true')\"\r\n            }\r\n          ]\r\n        },\r\n        \"http1\": {\r\n          \"type\": \"Http\",\r\n          \"inputs\": {\r\n            \"method\": \"GET\",\r\n            \"uri\": \"http://www.bing.com\"\r\n          },\r\n          \"conditions\": [\r\n            {\r\n              \"expression\": \"@bool('true')\"\r\n            }\r\n          ]\r\n        }\r\n      },\r\n      \"outputs\": {\r\n        \"output1\": {\r\n          \"type\": \"String\",\r\n          \"value\": \"true\"\r\n        }\r\n      }\r\n    },\r\n    \"parameters\": {},\r\n    \"endpointsConfiguration\": {\r\n      \"workflow\": {\r\n        \"outgoingIpAddresses\": [\r\n          {\r\n            \"address\": \"52.160.92.112\"\r\n          },\r\n          {\r\n            \"address\": \"40.118.244.241\"\r\n          },\r\n          {\r\n            \"address\": \"40.118.241.243\"\r\n          },\r\n          {\r\n            \"address\": \"157.56.162.53\"\r\n          },\r\n          {\r\n            \"address\": \"157.56.167.147\"\r\n          },\r\n          {\r\n            \"address\": \"104.42.49.145\"\r\n          },\r\n          {\r\n            \"address\": \"40.83.164.80\"\r\n          },\r\n          {\r\n            \"address\": \"104.42.38.32\"\r\n          }\r\n        ],\r\n        \"accessEndpointIpAddresses\": [\r\n          {\r\n            \"address\": \"52.160.90.237\"\r\n          },\r\n          {\r\n            \"address\": \"138.91.188.137\"\r\n          },\r\n          {\r\n            \"address\": \"13.91.252.184\"\r\n          },\r\n          {\r\n            \"address\": \"157.56.160.212 \"\r\n          }\r\n        ]\r\n      },\r\n      \"connector\": {\r\n        \"outgoingIpAddresses\": [\r\n          {\r\n            \"address\": \"104.40.51.248\"\r\n          }\r\n        ]\r\n      }\r\n    }\r\n  },\r\n  \"id\": \"/subscriptions/f34b22a3-2202-4fb1-b040-1332bd928c84/resourceGroups/RG-ps5929/providers/Microsoft.Logic/workflows/ps6688\",\r\n  \"name\": \"ps6688\",\r\n  \"type\": \"Microsoft.Logic/workflows\",\r\n  \"location\": \"West US\"\r\n}",
      "StatusCode": 201
    },
    {
      "RequestUri": "/subscriptions/f34b22a3-2202-4fb1-b040-1332bd928c84/resourceGroups/RG-ps5929/providers/Microsoft.Logic/workflows/ps6688/triggers/httpTrigger/run?api-version=2018-07-01-preview",
      "EncodedRequestUri": "L3N1YnNjcmlwdGlvbnMvZjM0YjIyYTMtMjIwMi00ZmIxLWIwNDAtMTMzMmJkOTI4Yzg0L3Jlc291cmNlR3JvdXBzL1JHLXBzNTkyOS9wcm92aWRlcnMvTWljcm9zb2Z0LkxvZ2ljL3dvcmtmbG93cy9wczY2ODgvdHJpZ2dlcnMvaHR0cFRyaWdnZXIvcnVuP2FwaS12ZXJzaW9uPTIwMTgtMDctMDEtcHJldmlldw==",
      "RequestMethod": "POST",
      "RequestBody": "",
      "RequestHeaders": {
        "x-ms-client-request-id": [
          "1dc12bf6-3748-43ff-9acb-ab7aa3c46d2b"
        ],
        "Accept-Language": [
          "en-US"
        ],
        "User-Agent": [
          "FxVersion/4.6.27019.06",
          "OSName/Windows",
          "OSVersion/Microsoft.Windows.10.0.17763.",
          "Microsoft.Azure.Management.Logic.LogicManagementClient/4.0.0.0"
        ]
      },
      "ResponseHeaders": {
        "Cache-Control": [
          "no-cache"
        ],
        "Pragma": [
          "no-cache"
        ],
        "x-ms-request-id": [
          "westus:4a64c5e8-f4ba-4aa9-9b5c-9b5bd2014fde"
        ],
        "Strict-Transport-Security": [
          "max-age=31536000; includeSubDomains"
        ],
        "x-ms-ratelimit-remaining-subscription-resource-requests": [
          "4999"
        ],
        "x-ms-correlation-request-id": [
          "d36dd9d7-59aa-4b07-afe8-06699b2d05cc"
        ],
        "x-ms-routing-request-id": [
          "WESTUS2:20181213T232208Z:d36dd9d7-59aa-4b07-afe8-06699b2d05cc"
        ],
        "X-Content-Type-Options": [
          "nosniff"
        ],
        "Date": [
          "Thu, 13 Dec 2018 23:22:07 GMT"
        ],
        "Expires": [
          "-1"
        ],
        "Content-Length": [
          "0"
        ]
      },
      "ResponseBody": "",
      "StatusCode": 200
    },
    {
      "RequestUri": "/subscriptions/f34b22a3-2202-4fb1-b040-1332bd928c84/resourceGroups/RG-ps5929/providers/Microsoft.Logic/workflows/ps6688/runs?api-version=2018-07-01-preview",
      "EncodedRequestUri": "L3N1YnNjcmlwdGlvbnMvZjM0YjIyYTMtMjIwMi00ZmIxLWIwNDAtMTMzMmJkOTI4Yzg0L3Jlc291cmNlR3JvdXBzL1JHLXBzNTkyOS9wcm92aWRlcnMvTWljcm9zb2Z0LkxvZ2ljL3dvcmtmbG93cy9wczY2ODgvcnVucz9hcGktdmVyc2lvbj0yMDE4LTA3LTAxLXByZXZpZXc=",
      "RequestMethod": "GET",
      "RequestBody": "",
      "RequestHeaders": {
        "x-ms-client-request-id": [
          "cb417c8f-0e85-4825-8f80-098edaaaa9b7"
        ],
        "Accept-Language": [
          "en-US"
        ],
        "User-Agent": [
          "FxVersion/4.6.27019.06",
          "OSName/Windows",
          "OSVersion/Microsoft.Windows.10.0.17763.",
          "Microsoft.Azure.Management.Logic.LogicManagementClient/4.0.0.0"
        ]
      },
      "ResponseHeaders": {
        "Cache-Control": [
          "no-cache"
        ],
        "Pragma": [
          "no-cache"
        ],
        "Vary": [
          "Accept-Encoding"
        ],
        "x-ms-request-id": [
          "westus:f15194dd-68c2-4de5-9262-287853072f0f"
        ],
        "Strict-Transport-Security": [
          "max-age=31536000; includeSubDomains"
        ],
        "x-ms-ratelimit-remaining-subscription-resource-requests": [
          "19999"
        ],
        "x-ms-correlation-request-id": [
          "7ed4a8fc-3502-4de9-b888-695e56a2d10c"
        ],
        "x-ms-routing-request-id": [
          "WESTUS2:20181213T232208Z:7ed4a8fc-3502-4de9-b888-695e56a2d10c"
        ],
        "X-Content-Type-Options": [
          "nosniff"
        ],
        "Date": [
          "Thu, 13 Dec 2018 23:22:07 GMT"
        ],
        "Content-Length": [
          "1909"
        ],
        "Content-Type": [
          "application/json; charset=utf-8"
        ],
        "Expires": [
          "-1"
        ]
      },
      "ResponseBody": "{\r\n  \"value\": [\r\n    {\r\n      \"properties\": {\r\n        \"waitEndTime\": \"2018-12-13T23:22:06.1607511Z\",\r\n        \"startTime\": \"2018-12-13T23:22:06.1607511Z\",\r\n        \"endTime\": \"2018-12-13T23:22:07.2179063Z\",\r\n        \"status\": \"Succeeded\",\r\n        \"correlation\": {\r\n          \"clientTrackingId\": \"08586568635595426296060172311CU03\"\r\n        },\r\n        \"workflow\": {\r\n          \"id\": \"/subscriptions/f34b22a3-2202-4fb1-b040-1332bd928c84/resourceGroups/RG-ps5929/providers/Microsoft.Logic/workflows/ps6688/versions/08586568635600524484\",\r\n          \"name\": \"08586568635600524484\",\r\n          \"type\": \"Microsoft.Logic/workflows/versions\"\r\n        },\r\n        \"trigger\": {\r\n          \"name\": \"httpTrigger\",\r\n          \"inputsLink\": {\r\n            \"uri\": \"https://prod-72.westus.logic.azure.com:443/workflows/6c95482973004f08bd10a26bba2e484c/runs/08586568635595426296060172311CU03/contents/TriggerInputs?api-version=2018-07-01-preview&se=2018-12-14T03%3A00%3A00.0000000Z&sp=%2Fruns%2F08586568635595426296060172311CU03%2Fcontents%2FTriggerInputs%2Fread&sv=1.0&sig=_kDoHojyBCWkIWALXK_YqIXbpvxnmR3xLA4EpNQho8c\",\r\n            \"contentSize\": 44\r\n          },\r\n          \"outputsLink\": {\r\n            \"uri\": \"https://prod-72.westus.logic.azure.com:443/workflows/6c95482973004f08bd10a26bba2e484c/runs/08586568635595426296060172311CU03/contents/TriggerOutputs?api-version=2018-07-01-preview&se=2018-12-14T03%3A00%3A00.0000000Z&sp=%2Fruns%2F08586568635595426296060172311CU03%2Fcontents%2FTriggerOutputs%2Fread&sv=1.0&sig=_6NCuFkvIKq-s13qTWeIZw_14SkgVJ5cZXX_4qeuks4\",\r\n            \"contentSize\": 130840\r\n          },\r\n          \"startTime\": \"2018-12-13T23:22:05.920137Z\",\r\n          \"endTime\": \"2018-12-13T23:22:06.0451047Z\",\r\n          \"scheduledTime\": \"2018-12-13T23:22:05.8888569Z\",\r\n          \"originHistoryName\": \"08586568635595426296060172311CU03\",\r\n          \"correlation\": {\r\n            \"clientTrackingId\": \"08586568635595426296060172311CU03\"\r\n          },\r\n          \"code\": \"OK\",\r\n          \"status\": \"Succeeded\"\r\n        },\r\n        \"outputs\": {\r\n          \"output1\": {\r\n            \"type\": \"String\",\r\n            \"value\": \"true\"\r\n          }\r\n        }\r\n      },\r\n      \"id\": \"/subscriptions/f34b22a3-2202-4fb1-b040-1332bd928c84/resourceGroups/RG-ps5929/providers/Microsoft.Logic/workflows/ps6688/runs/08586568635595426296060172311CU03\",\r\n      \"name\": \"08586568635595426296060172311CU03\",\r\n      \"type\": \"Microsoft.Logic/workflows/runs\"\r\n    }\r\n  ]\r\n}",
      "StatusCode": 200
    },
    {
      "RequestUri": "/subscriptions/f34b22a3-2202-4fb1-b040-1332bd928c84/resourceGroups/RG-ps5929/providers/Microsoft.Logic/workflows/ps6688/runs/08586568635595426296060172311CU03/actions?api-version=2018-07-01-preview",
      "EncodedRequestUri": "L3N1YnNjcmlwdGlvbnMvZjM0YjIyYTMtMjIwMi00ZmIxLWIwNDAtMTMzMmJkOTI4Yzg0L3Jlc291cmNlR3JvdXBzL1JHLXBzNTkyOS9wcm92aWRlcnMvTWljcm9zb2Z0LkxvZ2ljL3dvcmtmbG93cy9wczY2ODgvcnVucy8wODU4NjU2ODYzNTU5NTQyNjI5NjA2MDE3MjMxMUNVMDMvYWN0aW9ucz9hcGktdmVyc2lvbj0yMDE4LTA3LTAxLXByZXZpZXc=",
      "RequestMethod": "GET",
      "RequestBody": "",
      "RequestHeaders": {
        "x-ms-client-request-id": [
          "fb24e33c-2442-42a8-bbc3-e9fadd4908ac"
        ],
        "Accept-Language": [
          "en-US"
        ],
        "User-Agent": [
          "FxVersion/4.6.27019.06",
          "OSName/Windows",
          "OSVersion/Microsoft.Windows.10.0.17763.",
          "Microsoft.Azure.Management.Logic.LogicManagementClient/4.0.0.0"
        ]
      },
      "ResponseHeaders": {
        "Cache-Control": [
          "no-cache"
        ],
        "Pragma": [
          "no-cache"
        ],
        "Vary": [
          "Accept-Encoding"
        ],
        "x-ms-request-id": [
          "westus:4328b960-242a-46c1-ace7-9658a9680b08"
        ],
        "Strict-Transport-Security": [
          "max-age=31536000; includeSubDomains"
        ],
        "x-ms-ratelimit-remaining-subscription-reads": [
          "11991"
        ],
        "x-ms-correlation-request-id": [
          "44520f27-b919-4c3e-a38f-1f32d8038d7e"
        ],
        "x-ms-routing-request-id": [
          "WESTUS2:20181213T232208Z:44520f27-b919-4c3e-a38f-1f32d8038d7e"
        ],
        "X-Content-Type-Options": [
          "nosniff"
        ],
        "Date": [
          "Thu, 13 Dec 2018 23:22:07 GMT"
        ],
        "Content-Length": [
          "2715"
        ],
        "Content-Type": [
          "application/json; charset=utf-8"
        ],
        "Expires": [
          "-1"
        ]
      },
      "ResponseBody": "{\r\n  \"value\": [\r\n    {\r\n      \"properties\": {\r\n        \"inputsLink\": {\r\n          \"uri\": \"https://prod-72.westus.logic.azure.com:443/workflows/6c95482973004f08bd10a26bba2e484c/runs/08586568635595426296060172311CU03/actions/http/contents/ActionInputs?api-version=2018-07-01-preview&se=2018-12-14T03%3A00%3A00.0000000Z&sp=%2Fruns%2F08586568635595426296060172311CU03%2Factions%2Fhttp%2Fcontents%2FActionInputs%2Fread&sv=1.0&sig=iY_qEJQfqTxVnr3PU6dtx3NpwnYT1VPjIbVIjqy8aJ4\",\r\n          \"contentSize\": 44\r\n        },\r\n        \"outputsLink\": {\r\n          \"uri\": \"https://prod-72.westus.logic.azure.com:443/workflows/6c95482973004f08bd10a26bba2e484c/runs/08586568635595426296060172311CU03/actions/http/contents/ActionOutputs?api-version=2018-07-01-preview&se=2018-12-14T03%3A00%3A00.0000000Z&sp=%2Fruns%2F08586568635595426296060172311CU03%2Factions%2Fhttp%2Fcontents%2FActionOutputs%2Fread&sv=1.0&sig=HdzrQBLFvIAVlgP1zEA9SmFzfZNUKbx1woXWWikC284\",\r\n          \"contentSize\": 131627\r\n        },\r\n        \"startTime\": \"2018-12-13T23:22:06.3576317Z\",\r\n        \"endTime\": \"2018-12-13T23:22:06.7660326Z\",\r\n        \"correlation\": {\r\n          \"actionTrackingId\": \"03d72980-3a1a-47e9-86dc-3e7e1b7abd0c\",\r\n          \"clientTrackingId\": \"08586568635595426296060172311CU03\"\r\n        },\r\n        \"status\": \"Succeeded\",\r\n        \"code\": \"OK\"\r\n      },\r\n      \"id\": \"/subscriptions/f34b22a3-2202-4fb1-b040-1332bd928c84/resourceGroups/RG-ps5929/providers/Microsoft.Logic/workflows/ps6688/runs/08586568635595426296060172311CU03/actions/http\",\r\n      \"name\": \"http\",\r\n      \"type\": \"Microsoft.Logic/workflows/runs/actions\"\r\n    },\r\n    {\r\n      \"properties\": {\r\n        \"inputsLink\": {\r\n          \"uri\": \"https://prod-72.westus.logic.azure.com:443/workflows/6c95482973004f08bd10a26bba2e484c/runs/08586568635595426296060172311CU03/actions/http1/contents/ActionInputs?api-version=2018-07-01-preview&se=2018-12-14T03%3A00%3A00.0000000Z&sp=%2Fruns%2F08586568635595426296060172311CU03%2Factions%2Fhttp1%2Fcontents%2FActionInputs%2Fread&sv=1.0&sig=NtcNRMJujxrNiAq9fgybzcf0Gxz9py9ouHJbDCOoC_w\",\r\n          \"contentSize\": 44\r\n        },\r\n        \"outputsLink\": {\r\n          \"uri\": \"https://prod-72.westus.logic.azure.com:443/workflows/6c95482973004f08bd10a26bba2e484c/runs/08586568635595426296060172311CU03/actions/http1/contents/ActionOutputs?api-version=2018-07-01-preview&se=2018-12-14T03%3A00%3A00.0000000Z&sp=%2Fruns%2F08586568635595426296060172311CU03%2Factions%2Fhttp1%2Fcontents%2FActionOutputs%2Fread&sv=1.0&sig=q4BQEjuDB7gxnb2dIh9hxoaKHFj71QQy947Qo-GIP4A\",\r\n          \"contentSize\": 131635\r\n        },\r\n        \"startTime\": \"2018-12-13T23:22:06.3576317Z\",\r\n        \"endTime\": \"2018-12-13T23:22:06.7649373Z\",\r\n        \"correlation\": {\r\n          \"actionTrackingId\": \"59189a21-7ad8-4574-81bc-840aa348403d\",\r\n          \"clientTrackingId\": \"08586568635595426296060172311CU03\"\r\n        },\r\n        \"status\": \"Succeeded\",\r\n        \"code\": \"OK\"\r\n      },\r\n      \"id\": \"/subscriptions/f34b22a3-2202-4fb1-b040-1332bd928c84/resourceGroups/RG-ps5929/providers/Microsoft.Logic/workflows/ps6688/runs/08586568635595426296060172311CU03/actions/http1\",\r\n      \"name\": \"http1\",\r\n      \"type\": \"Microsoft.Logic/workflows/runs/actions\"\r\n    }\r\n  ]\r\n}",
      "StatusCode": 200
    },
    {
      "RequestUri": "/subscriptions/f34b22a3-2202-4fb1-b040-1332bd928c84/resourceGroups/RG-ps5929/providers/Microsoft.Logic/workflows/ps6688/runs/08586568635595426296060172311CU03/actions/http?api-version=2018-07-01-preview",
      "EncodedRequestUri": "L3N1YnNjcmlwdGlvbnMvZjM0YjIyYTMtMjIwMi00ZmIxLWIwNDAtMTMzMmJkOTI4Yzg0L3Jlc291cmNlR3JvdXBzL1JHLXBzNTkyOS9wcm92aWRlcnMvTWljcm9zb2Z0LkxvZ2ljL3dvcmtmbG93cy9wczY2ODgvcnVucy8wODU4NjU2ODYzNTU5NTQyNjI5NjA2MDE3MjMxMUNVMDMvYWN0aW9ucy9odHRwP2FwaS12ZXJzaW9uPTIwMTgtMDctMDEtcHJldmlldw==",
      "RequestMethod": "GET",
      "RequestBody": "",
      "RequestHeaders": {
        "x-ms-client-request-id": [
          "a4f1c880-c63d-441a-afc6-f7ceb61d43bc"
        ],
        "Accept-Language": [
          "en-US"
        ],
        "User-Agent": [
          "FxVersion/4.6.27019.06",
          "OSName/Windows",
          "OSVersion/Microsoft.Windows.10.0.17763.",
          "Microsoft.Azure.Management.Logic.LogicManagementClient/4.0.0.0"
        ]
      },
      "ResponseHeaders": {
        "Cache-Control": [
          "no-cache"
        ],
        "Pragma": [
          "no-cache"
        ],
        "Vary": [
          "Accept-Encoding"
        ],
        "x-ms-request-id": [
          "westus:10c2ae11-74f5-4c3c-a523-938bc329542b"
        ],
        "Strict-Transport-Security": [
          "max-age=31536000; includeSubDomains"
        ],
        "x-ms-ratelimit-remaining-subscription-reads": [
          "11990"
        ],
        "x-ms-correlation-request-id": [
          "da9d254a-1839-4b0d-b41e-a7dfe6a6b8e0"
        ],
        "x-ms-routing-request-id": [
          "WESTUS2:20181213T232208Z:da9d254a-1839-4b0d-b41e-a7dfe6a6b8e0"
        ],
        "X-Content-Type-Options": [
          "nosniff"
        ],
        "Date": [
          "Thu, 13 Dec 2018 23:22:07 GMT"
        ],
        "Content-Length": [
          "1348"
        ],
        "Content-Type": [
          "application/json; charset=utf-8"
        ],
        "Expires": [
          "-1"
        ]
      },
      "ResponseBody": "{\r\n  \"properties\": {\r\n    \"inputsLink\": {\r\n      \"uri\": \"https://prod-72.westus.logic.azure.com:443/workflows/6c95482973004f08bd10a26bba2e484c/runs/08586568635595426296060172311CU03/actions/http/contents/ActionInputs?api-version=2018-07-01-preview&se=2018-12-14T03%3A00%3A00.0000000Z&sp=%2Fruns%2F08586568635595426296060172311CU03%2Factions%2Fhttp%2Fcontents%2FActionInputs%2Fread&sv=1.0&sig=iY_qEJQfqTxVnr3PU6dtx3NpwnYT1VPjIbVIjqy8aJ4\",\r\n      \"contentSize\": 44\r\n    },\r\n    \"outputsLink\": {\r\n      \"uri\": \"https://prod-72.westus.logic.azure.com:443/workflows/6c95482973004f08bd10a26bba2e484c/runs/08586568635595426296060172311CU03/actions/http/contents/ActionOutputs?api-version=2018-07-01-preview&se=2018-12-14T03%3A00%3A00.0000000Z&sp=%2Fruns%2F08586568635595426296060172311CU03%2Factions%2Fhttp%2Fcontents%2FActionOutputs%2Fread&sv=1.0&sig=HdzrQBLFvIAVlgP1zEA9SmFzfZNUKbx1woXWWikC284\",\r\n      \"contentSize\": 131627\r\n    },\r\n    \"startTime\": \"2018-12-13T23:22:06.3576317Z\",\r\n    \"endTime\": \"2018-12-13T23:22:06.7660326Z\",\r\n    \"correlation\": {\r\n      \"actionTrackingId\": \"03d72980-3a1a-47e9-86dc-3e7e1b7abd0c\",\r\n      \"clientTrackingId\": \"08586568635595426296060172311CU03\"\r\n    },\r\n    \"status\": \"Succeeded\",\r\n    \"code\": \"OK\"\r\n  },\r\n  \"id\": \"/subscriptions/f34b22a3-2202-4fb1-b040-1332bd928c84/resourceGroups/RG-ps5929/providers/Microsoft.Logic/workflows/ps6688/runs/08586568635595426296060172311CU03/actions/http\",\r\n  \"name\": \"http\",\r\n  \"type\": \"Microsoft.Logic/workflows/runs/actions\"\r\n}",
      "StatusCode": 200
    }
  ],
  "Names": {
    "Test-GetAzureLogicAppRunAction": [
      "ps5929",
      "ps6688"
    ]
  },
  "Variables": {
    "SubscriptionId": "f34b22a3-2202-4fb1-b040-1332bd928c84"
  }
}