{
  "Entries": [
    {
      "RequestUri": "/subscriptions/f34b22a3-2202-4fb1-b040-1332bd928c84/providers/Microsoft.Resources?api-version=2016-09-01",
      "EncodedRequestUri": "L3N1YnNjcmlwdGlvbnMvZjM0YjIyYTMtMjIwMi00ZmIxLWIwNDAtMTMzMmJkOTI4Yzg0L3Byb3ZpZGVycy9NaWNyb3NvZnQuUmVzb3VyY2VzP2FwaS12ZXJzaW9uPTIwMTYtMDktMDE=",
      "RequestMethod": "GET",
      "RequestBody": "",
      "RequestHeaders": {
        "x-ms-client-request-id": [
          "dd166876-f28d-4f97-a58b-86262b2e27de"
        ],
        "Accept-Language": [
          "en-US"
        ],
        "User-Agent": [
          "FxVersion/4.6.27019.06",
          "OSName/Windows",
          "OSVersion/Microsoft.Windows.10.0.17763.",
          "Microsoft.Azure.Management.Internal.Resources.ResourceManagementClient/1.1.11"
        ]
      },
      "ResponseHeaders": {
        "Cache-Control": [
          "no-cache"
        ],
        "Pragma": [
          "no-cache"
        ],
        "x-ms-ratelimit-remaining-subscription-reads": [
          "11997"
        ],
        "x-ms-request-id": [
          "533de045-af94-4af7-9ce0-ee994d6bf89c"
        ],
        "x-ms-correlation-request-id": [
          "533de045-af94-4af7-9ce0-ee994d6bf89c"
        ],
        "x-ms-routing-request-id": [
          "WESTUS2:20190108T002159Z:533de045-af94-4af7-9ce0-ee994d6bf89c"
        ],
        "Strict-Transport-Security": [
          "max-age=31536000; includeSubDomains"
        ],
        "X-Content-Type-Options": [
          "nosniff"
        ],
        "Date": [
          "Tue, 08 Jan 2019 00:21:58 GMT"
        ],
        "Content-Type": [
          "application/json; charset=utf-8"
        ],
        "Expires": [
          "-1"
        ],
        "Content-Length": [
          "7355"
        ]
      },
      "ResponseBody": "{\r\n  \"id\": \"/subscriptions/f34b22a3-2202-4fb1-b040-1332bd928c84/providers/Microsoft.Resources\",\r\n  \"namespace\": \"Microsoft.Resources\",\r\n  \"resourceTypes\": [\r\n    {\r\n      \"resourceType\": \"tenants\",\r\n      \"locations\": [],\r\n      \"apiVersions\": [\r\n        \"2018-11-01\",\r\n        \"2018-09-01\",\r\n        \"2018-08-01\",\r\n        \"2018-07-01\",\r\n        \"2018-05-01\",\r\n        \"2018-02-01\",\r\n        \"2018-01-01\",\r\n        \"2017-08-01\",\r\n        \"2017-06-01\",\r\n        \"2017-05-10\",\r\n        \"2017-05-01\",\r\n        \"2017-03-01\",\r\n        \"2016-09-01\",\r\n        \"2016-07-01\",\r\n        \"2016-06-01\",\r\n        \"2016-02-01\",\r\n        \"2015-11-01\",\r\n        \"2015-01-01\",\r\n        \"2014-04-01-preview\"\r\n      ]\r\n    },\r\n    {\r\n      \"resourceType\": \"locations\",\r\n      \"locations\": [],\r\n      \"apiVersions\": [\r\n        \"2018-11-01\",\r\n        \"2018-09-01\",\r\n        \"2018-08-01\",\r\n        \"2018-07-01\",\r\n        \"2018-05-01\",\r\n        \"2018-02-01\",\r\n        \"2018-01-01\",\r\n        \"2017-08-01\",\r\n        \"2017-06-01\",\r\n        \"2017-05-10\",\r\n        \"2017-05-01\",\r\n        \"2017-03-01\",\r\n        \"2016-09-01\",\r\n        \"2016-07-01\",\r\n        \"2016-06-01\",\r\n        \"2016-02-01\",\r\n        \"2015-11-01\",\r\n        \"2015-01-01\",\r\n        \"2014-04-01-preview\"\r\n      ]\r\n    },\r\n    {\r\n      \"resourceType\": \"notifyResourceJobs\",\r\n      \"locations\": [],\r\n      \"apiVersions\": [\r\n        \"2018-02-01\"\r\n      ]\r\n    },\r\n    {\r\n      \"resourceType\": \"checkPolicyCompliance\",\r\n      \"locations\": [],\r\n      \"apiVersions\": [\r\n        \"2018-11-01\",\r\n        \"2018-09-01\",\r\n        \"2018-08-01\",\r\n        \"2018-07-01\",\r\n        \"2018-05-01\",\r\n        \"2018-02-01\",\r\n        \"2018-01-01\",\r\n        \"2017-08-01\",\r\n        \"2017-06-01\",\r\n        \"2017-05-10\",\r\n        \"2017-05-01\",\r\n        \"2017-03-01\",\r\n        \"2016-09-01\",\r\n        \"2016-07-01\",\r\n        \"2016-06-01\",\r\n        \"2016-02-01\",\r\n        \"2015-11-01\",\r\n        \"2015-01-01\",\r\n        \"2014-04-01-preview\"\r\n      ]\r\n    },\r\n    {\r\n      \"resourceType\": \"providers\",\r\n      \"locations\": [],\r\n      \"apiVersions\": [\r\n        \"2018-11-01\",\r\n        \"2018-09-01\",\r\n        \"2018-08-01\",\r\n        \"2018-07-01\",\r\n        \"2018-05-01\",\r\n        \"2018-02-01\",\r\n        \"2018-01-01\",\r\n        \"2017-08-01\",\r\n        \"2017-06-01\",\r\n        \"2017-05-10\",\r\n        \"2017-05-01\",\r\n        \"2017-03-01\",\r\n        \"2016-09-01\",\r\n        \"2016-07-01\",\r\n        \"2016-06-01\",\r\n        \"2016-02-01\",\r\n        \"2015-11-01\",\r\n        \"2015-01-01\",\r\n        \"2014-04-01-preview\"\r\n      ]\r\n    },\r\n    {\r\n      \"resourceType\": \"checkresourcename\",\r\n      \"locations\": [],\r\n      \"apiVersions\": [\r\n        \"2018-11-01\",\r\n        \"2018-09-01\",\r\n        \"2018-08-01\",\r\n        \"2018-07-01\",\r\n        \"2018-05-01\",\r\n        \"2018-02-01\",\r\n        \"2018-01-01\",\r\n        \"2017-08-01\",\r\n        \"2017-06-01\",\r\n        \"2017-05-10\",\r\n        \"2017-05-01\",\r\n        \"2017-03-01\",\r\n        \"2016-09-01\",\r\n        \"2016-07-01\",\r\n        \"2016-06-01\",\r\n        \"2016-02-01\",\r\n        \"2015-11-01\",\r\n        \"2015-01-01\",\r\n        \"2014-04-01-preview\"\r\n      ]\r\n    },\r\n    {\r\n      \"resourceType\": \"resources\",\r\n      \"locations\": [],\r\n      \"apiVersions\": [\r\n        \"2018-11-01\",\r\n        \"2018-09-01\",\r\n        \"2018-08-01\",\r\n        \"2018-07-01\",\r\n        \"2018-05-01\",\r\n        \"2018-02-01\",\r\n        \"2018-01-01\",\r\n        \"2017-08-01\",\r\n        \"2017-06-01\",\r\n        \"2017-05-10\",\r\n        \"2017-05-01\",\r\n        \"2017-03-01\",\r\n        \"2016-09-01\",\r\n        \"2016-07-01\",\r\n        \"2016-06-01\",\r\n        \"2016-02-01\",\r\n        \"2015-11-01\",\r\n        \"2015-01-01\",\r\n        \"2014-04-01-preview\"\r\n      ]\r\n    },\r\n    {\r\n      \"resourceType\": \"subscriptions\",\r\n      \"locations\": [],\r\n      \"apiVersions\": [\r\n        \"2018-11-01\",\r\n        \"2018-09-01\",\r\n        \"2018-08-01\",\r\n        \"2018-07-01\",\r\n        \"2018-05-01\",\r\n        \"2018-02-01\",\r\n        \"2018-01-01\",\r\n        \"2017-08-01\",\r\n        \"2017-06-01\",\r\n        \"2017-05-10\",\r\n        \"2017-05-01\",\r\n        \"2017-03-01\",\r\n        \"2016-09-01\",\r\n        \"2016-07-01\",\r\n        \"2016-06-01\",\r\n        \"2016-02-01\",\r\n        \"2015-11-01\",\r\n        \"2015-01-01\",\r\n        \"2014-04-01-preview\"\r\n      ]\r\n    },\r\n    {\r\n      \"resourceType\": \"subscriptions/resources\",\r\n      \"locations\": [],\r\n      \"apiVersions\": [\r\n        \"2018-11-01\",\r\n        \"2018-09-01\",\r\n        \"2018-08-01\",\r\n        \"2018-07-01\",\r\n        \"2018-05-01\",\r\n        \"2018-02-01\",\r\n        \"2018-01-01\",\r\n        \"2017-08-01\",\r\n        \"2017-06-01\",\r\n        \"2017-05-10\",\r\n        \"2017-05-01\",\r\n        \"2017-03-01\",\r\n        \"2016-09-01\",\r\n        \"2016-07-01\",\r\n        \"2016-06-01\",\r\n        \"2016-02-01\",\r\n        \"2015-11-01\",\r\n        \"2015-01-01\",\r\n        \"2014-04-01-preview\"\r\n      ]\r\n    },\r\n    {\r\n      \"resourceType\": \"subscriptions/providers\",\r\n      \"locations\": [],\r\n      \"apiVersions\": [\r\n        \"2018-11-01\",\r\n        \"2018-09-01\",\r\n        \"2018-08-01\",\r\n        \"2018-07-01\",\r\n        \"2018-05-01\",\r\n        \"2018-02-01\",\r\n        \"2018-01-01\",\r\n        \"2017-08-01\",\r\n        \"2017-06-01\",\r\n        \"2017-05-10\",\r\n        \"2017-05-01\",\r\n        \"2017-03-01\",\r\n        \"2016-09-01\",\r\n        \"2016-07-01\",\r\n        \"2016-06-01\",\r\n        \"2016-02-01\",\r\n        \"2015-11-01\",\r\n        \"2015-01-01\",\r\n        \"2014-04-01-preview\"\r\n      ]\r\n    },\r\n    {\r\n      \"resourceType\": \"subscriptions/operationresults\",\r\n      \"locations\": [],\r\n      \"apiVersions\": [\r\n        \"2018-11-01\",\r\n        \"2018-09-01\",\r\n        \"2018-08-01\",\r\n        \"2018-07-01\",\r\n        \"2018-05-01\",\r\n        \"2018-02-01\",\r\n        \"2018-01-01\",\r\n        \"2017-08-01\",\r\n        \"2017-06-01\",\r\n        \"2017-05-10\",\r\n        \"2017-05-01\",\r\n        \"2017-03-01\",\r\n        \"2016-09-01\",\r\n        \"2016-07-01\",\r\n        \"2016-06-01\",\r\n        \"2016-02-01\",\r\n        \"2015-11-01\",\r\n        \"2015-01-01\",\r\n        \"2014-04-01-preview\"\r\n      ]\r\n    },\r\n    {\r\n      \"resourceType\": \"resourceGroups\",\r\n      \"locations\": [\r\n        \"Central US\",\r\n        \"East Asia\",\r\n        \"Southeast Asia\",\r\n        \"East US\",\r\n        \"East US 2\",\r\n        \"West US\",\r\n        \"West US 2\",\r\n        \"North Central US\",\r\n        \"South Central US\",\r\n        \"West Central US\",\r\n        \"North Europe\",\r\n        \"West Europe\",\r\n        \"Japan East\",\r\n        \"Japan West\",\r\n        \"Brazil South\",\r\n        \"Australia Southeast\",\r\n        \"Australia East\",\r\n        \"West India\",\r\n        \"South India\",\r\n        \"Central India\",\r\n        \"Canada Central\",\r\n        \"Canada East\",\r\n        \"UK South\",\r\n        \"UK West\",\r\n        \"Korea Central\",\r\n        \"Korea South\",\r\n        \"France Central\",\r\n        \"East US 2 EUAP\",\r\n        \"Central US EUAP\"\r\n      ],\r\n      \"apiVersions\": [\r\n        \"2018-11-01\",\r\n        \"2018-09-01\",\r\n        \"2018-08-01\",\r\n        \"2018-07-01\",\r\n        \"2018-05-01\",\r\n        \"2018-02-01\",\r\n        \"2018-01-01\",\r\n        \"2017-08-01\",\r\n        \"2017-06-01\",\r\n        \"2017-05-10\",\r\n        \"2017-05-01\",\r\n        \"2017-03-01\",\r\n        \"2016-09-01\",\r\n        \"2016-07-01\",\r\n        \"2016-06-01\",\r\n        \"2016-02-01\",\r\n        \"2015-11-01\",\r\n        \"2015-01-01\",\r\n        \"2014-04-01-preview\"\r\n      ]\r\n    },\r\n    {\r\n      \"resourceType\": \"subscriptions/resourceGroups\",\r\n      \"locations\": [\r\n        \"Central US\",\r\n        \"East Asia\",\r\n        \"Southeast Asia\",\r\n        \"East US\",\r\n        \"East US 2\",\r\n        \"West US\",\r\n        \"West US 2\",\r\n        \"North Central US\",\r\n        \"South Central US\",\r\n        \"West Central US\",\r\n        \"North Europe\",\r\n        \"West Europe\",\r\n        \"Japan East\",\r\n        \"Japan West\",\r\n        \"Brazil South\",\r\n        \"Australia Southeast\",\r\n        \"Australia East\",\r\n        \"West India\",\r\n        \"South India\",\r\n        \"Central India\",\r\n        \"Canada Central\",\r\n        \"Canada East\",\r\n        \"UK South\",\r\n        \"UK West\",\r\n        \"Korea Central\",\r\n        \"Korea South\",\r\n        \"France Central\",\r\n        \"East US 2 EUAP\",\r\n        \"Central US EUAP\"\r\n      ],\r\n      \"apiVersions\": [\r\n        \"2018-11-01\",\r\n        \"2018-09-01\",\r\n        \"2018-08-01\",\r\n        \"2018-07-01\",\r\n        \"2018-05-01\",\r\n        \"2018-02-01\",\r\n        \"2018-01-01\",\r\n        \"2017-08-01\",\r\n        \"2017-06-01\",\r\n        \"2017-05-10\",\r\n        \"2017-05-01\",\r\n        \"2017-03-01\",\r\n        \"2016-09-01\",\r\n        \"2016-07-01\",\r\n        \"2016-06-01\",\r\n        \"2016-02-01\",\r\n        \"2015-11-01\",\r\n        \"2015-01-01\",\r\n        \"2014-04-01-preview\"\r\n      ]\r\n    },\r\n    {\r\n      \"resourceType\": \"subscriptions/resourcegroups/resources\",\r\n      \"locations\": [],\r\n      \"apiVersions\": [\r\n        \"2018-11-01\",\r\n        \"2018-09-01\",\r\n        \"2018-08-01\",\r\n        \"2018-07-01\",\r\n        \"2018-05-01\",\r\n        \"2018-02-01\",\r\n        \"2018-01-01\",\r\n        \"2017-08-01\",\r\n        \"2017-06-01\",\r\n        \"2017-05-10\",\r\n        \"2017-05-01\",\r\n        \"2017-03-01\",\r\n        \"2016-09-01\",\r\n        \"2016-07-01\",\r\n        \"2016-06-01\",\r\n        \"2016-02-01\",\r\n        \"2015-11-01\",\r\n        \"2015-01-01\",\r\n        \"2014-04-01-preview\"\r\n      ]\r\n    },\r\n    {\r\n      \"resourceType\": \"subscriptions/locations\",\r\n      \"locations\": [],\r\n      \"apiVersions\": [\r\n        \"2018-11-01\",\r\n        \"2018-09-01\",\r\n        \"2018-08-01\",\r\n        \"2018-07-01\",\r\n        \"2018-05-01\",\r\n        \"2018-02-01\",\r\n        \"2018-01-01\",\r\n        \"2017-08-01\",\r\n        \"2017-06-01\",\r\n        \"2017-05-10\",\r\n        \"2017-05-01\",\r\n        \"2017-03-01\",\r\n        \"2016-09-01\",\r\n        \"2016-07-01\",\r\n        \"2016-06-01\",\r\n        \"2016-02-01\",\r\n        \"2015-11-01\",\r\n        \"2015-01-01\",\r\n        \"2014-04-01-preview\"\r\n      ]\r\n    },\r\n    {\r\n      \"resourceType\": \"subscriptions/tagnames\",\r\n      \"locations\": [],\r\n      \"apiVersions\": [\r\n        \"2018-11-01\",\r\n        \"2018-09-01\",\r\n        \"2018-08-01\",\r\n        \"2018-07-01\",\r\n        \"2018-05-01\",\r\n        \"2018-02-01\",\r\n        \"2018-01-01\",\r\n        \"2017-08-01\",\r\n        \"2017-06-01\",\r\n        \"2017-05-10\",\r\n        \"2017-05-01\",\r\n        \"2017-03-01\",\r\n        \"2016-09-01\",\r\n        \"2016-07-01\",\r\n        \"2016-06-01\",\r\n        \"2016-02-01\",\r\n        \"2015-11-01\",\r\n        \"2015-01-01\",\r\n        \"2014-04-01-preview\"\r\n      ]\r\n    },\r\n    {\r\n      \"resourceType\": \"subscriptions/tagNames/tagValues\",\r\n      \"locations\": [],\r\n      \"apiVersions\": [\r\n        \"2018-11-01\",\r\n        \"2018-09-01\",\r\n        \"2018-08-01\",\r\n        \"2018-07-01\",\r\n        \"2018-05-01\",\r\n        \"2018-02-01\",\r\n        \"2018-01-01\",\r\n        \"2017-08-01\",\r\n        \"2017-06-01\",\r\n        \"2017-05-10\",\r\n        \"2017-05-01\",\r\n        \"2017-03-01\",\r\n        \"2016-09-01\",\r\n        \"2016-07-01\",\r\n        \"2016-06-01\",\r\n        \"2016-02-01\",\r\n        \"2015-11-01\",\r\n        \"2015-01-01\",\r\n        \"2014-04-01-preview\"\r\n      ]\r\n    },\r\n    {\r\n      \"resourceType\": \"deployments\",\r\n      \"locations\": [],\r\n      \"apiVersions\": [\r\n        \"2018-11-01\",\r\n        \"2018-09-01\",\r\n        \"2018-08-01\",\r\n        \"2018-07-01\",\r\n        \"2018-05-01\",\r\n        \"2018-02-01\",\r\n        \"2018-01-01\",\r\n        \"2017-08-01\",\r\n        \"2017-06-01\",\r\n        \"2017-05-10\",\r\n        \"2017-05-01\",\r\n        \"2017-03-01\",\r\n        \"2016-09-01\",\r\n        \"2016-07-01\",\r\n        \"2016-06-01\",\r\n        \"2016-02-01\",\r\n        \"2015-11-01\",\r\n        \"2015-01-01\",\r\n        \"2014-04-01-preview\"\r\n      ]\r\n    },\r\n    {\r\n      \"resourceType\": \"deployments/operations\",\r\n      \"locations\": [],\r\n      \"apiVersions\": [\r\n        \"2018-11-01\",\r\n        \"2018-09-01\",\r\n        \"2018-08-01\",\r\n        \"2018-07-01\",\r\n        \"2018-05-01\",\r\n        \"2018-02-01\",\r\n        \"2018-01-01\",\r\n        \"2017-08-01\",\r\n        \"2017-06-01\",\r\n        \"2017-05-10\",\r\n        \"2017-05-01\",\r\n        \"2017-03-01\",\r\n        \"2016-09-01\",\r\n        \"2016-07-01\",\r\n        \"2016-06-01\",\r\n        \"2016-02-01\",\r\n        \"2015-11-01\",\r\n        \"2015-01-01\",\r\n        \"2014-04-01-preview\"\r\n      ]\r\n    },\r\n    {\r\n      \"resourceType\": \"links\",\r\n      \"locations\": [],\r\n      \"apiVersions\": [\r\n        \"2018-11-01\",\r\n        \"2018-09-01\",\r\n        \"2018-08-01\",\r\n        \"2018-07-01\",\r\n        \"2018-05-01\",\r\n        \"2018-02-01\",\r\n        \"2018-01-01\",\r\n        \"2017-08-01\",\r\n        \"2017-06-01\",\r\n        \"2017-05-10\",\r\n        \"2017-05-01\",\r\n        \"2017-03-01\",\r\n        \"2016-09-01\",\r\n        \"2016-07-01\",\r\n        \"2016-06-01\",\r\n        \"2016-02-01\",\r\n        \"2015-11-01\",\r\n        \"2015-01-01\",\r\n        \"2014-04-01-preview\"\r\n      ]\r\n    },\r\n    {\r\n      \"resourceType\": \"operations\",\r\n      \"locations\": [],\r\n      \"apiVersions\": [\r\n        \"2015-01-01\"\r\n      ]\r\n    }\r\n  ],\r\n  \"registrationState\": \"Registered\"\r\n}",
      "StatusCode": 200
    },
    {
      "RequestUri": "/subscriptions/f34b22a3-2202-4fb1-b040-1332bd928c84/resourcegroups/RG-ps2258?api-version=2016-09-01",
      "EncodedRequestUri": "L3N1YnNjcmlwdGlvbnMvZjM0YjIyYTMtMjIwMi00ZmIxLWIwNDAtMTMzMmJkOTI4Yzg0L3Jlc291cmNlZ3JvdXBzL1JHLXBzMjI1OD9hcGktdmVyc2lvbj0yMDE2LTA5LTAx",
      "RequestMethod": "PUT",
      "RequestBody": "{\r\n  \"location\": \"West US\"\r\n}",
      "RequestHeaders": {
        "x-ms-client-request-id": [
          "a1d008b8-ee1c-4551-852e-d2cde9e2fbe1"
        ],
        "Accept-Language": [
          "en-US"
        ],
        "User-Agent": [
          "FxVersion/4.6.27019.06",
          "OSName/Windows",
          "OSVersion/Microsoft.Windows.10.0.17763.",
          "Microsoft.Azure.Management.Internal.Resources.ResourceManagementClient/1.1.11"
        ],
        "Content-Type": [
          "application/json; charset=utf-8"
        ],
        "Content-Length": [
          "29"
        ]
      },
      "ResponseHeaders": {
        "Cache-Control": [
          "no-cache"
        ],
        "Pragma": [
          "no-cache"
        ],
        "x-ms-ratelimit-remaining-subscription-writes": [
          "1198"
        ],
        "x-ms-request-id": [
          "6a89a540-4f38-4701-9ebf-8b40c0e27a98"
        ],
        "x-ms-correlation-request-id": [
          "6a89a540-4f38-4701-9ebf-8b40c0e27a98"
        ],
        "x-ms-routing-request-id": [
          "WESTUS2:20190108T002159Z:6a89a540-4f38-4701-9ebf-8b40c0e27a98"
        ],
        "Strict-Transport-Security": [
          "max-age=31536000; includeSubDomains"
        ],
        "X-Content-Type-Options": [
          "nosniff"
        ],
        "Date": [
          "Tue, 08 Jan 2019 00:21:58 GMT"
        ],
        "Content-Length": [
          "171"
        ],
        "Content-Type": [
          "application/json; charset=utf-8"
        ],
        "Expires": [
          "-1"
        ]
      },
      "ResponseBody": "{\r\n  \"id\": \"/subscriptions/f34b22a3-2202-4fb1-b040-1332bd928c84/resourceGroups/RG-ps2258\",\r\n  \"name\": \"RG-ps2258\",\r\n  \"location\": \"westus\",\r\n  \"properties\": {\r\n    \"provisioningState\": \"Succeeded\"\r\n  }\r\n}",
      "StatusCode": 201
    },
    {
      "RequestUri": "/subscriptions/f34b22a3-2202-4fb1-b040-1332bd928c84/providers/Microsoft.Logic?api-version=2016-09-01",
      "EncodedRequestUri": "L3N1YnNjcmlwdGlvbnMvZjM0YjIyYTMtMjIwMi00ZmIxLWIwNDAtMTMzMmJkOTI4Yzg0L3Byb3ZpZGVycy9NaWNyb3NvZnQuTG9naWM/YXBpLXZlcnNpb249MjAxNi0wOS0wMQ==",
      "RequestMethod": "GET",
      "RequestBody": "",
      "RequestHeaders": {
        "x-ms-client-request-id": [
          "7221f85b-488b-42e5-a88c-d33bee1501bd"
        ],
        "Accept-Language": [
          "en-US"
        ],
        "User-Agent": [
          "FxVersion/4.6.27019.06",
          "OSName/Windows",
          "OSVersion/Microsoft.Windows.10.0.17763.",
          "Microsoft.Azure.Management.Internal.Resources.ResourceManagementClient/1.1.11"
        ]
      },
      "ResponseHeaders": {
        "Cache-Control": [
          "no-cache"
        ],
        "Pragma": [
          "no-cache"
        ],
        "x-ms-ratelimit-remaining-subscription-reads": [
          "11996"
        ],
        "x-ms-request-id": [
          "ef5769a7-7ec9-4bfc-8522-85a0ec8b92e4"
        ],
        "x-ms-correlation-request-id": [
          "ef5769a7-7ec9-4bfc-8522-85a0ec8b92e4"
        ],
        "x-ms-routing-request-id": [
          "WESTUS2:20190108T002159Z:ef5769a7-7ec9-4bfc-8522-85a0ec8b92e4"
        ],
        "Strict-Transport-Security": [
          "max-age=31536000; includeSubDomains"
        ],
        "X-Content-Type-Options": [
          "nosniff"
        ],
        "Date": [
          "Tue, 08 Jan 2019 00:21:58 GMT"
        ],
        "Content-Type": [
          "application/json; charset=utf-8"
        ],
        "Expires": [
          "-1"
        ],
        "Content-Length": [
          "3710"
        ]
      },
      "ResponseBody": "{\r\n  \"id\": \"/subscriptions/f34b22a3-2202-4fb1-b040-1332bd928c84/providers/Microsoft.Logic\",\r\n  \"namespace\": \"Microsoft.Logic\",\r\n  \"authorization\": {\r\n    \"applicationId\": \"7cd684f4-8a78-49b0-91ec-6a35d38739ba\",\r\n    \"roleDefinitionId\": \"cb3ef1fb-6e31-49e2-9d87-ed821053fe58\"\r\n  },\r\n  \"resourceTypes\": [\r\n    {\r\n      \"resourceType\": \"workflows\",\r\n      \"locations\": [\r\n        \"North Central US\",\r\n        \"Central US\",\r\n        \"South Central US\",\r\n        \"North Europe\",\r\n        \"West Europe\",\r\n        \"East Asia\",\r\n        \"Southeast Asia\",\r\n        \"West US\",\r\n        \"East US\",\r\n        \"East US 2\",\r\n        \"Japan West\",\r\n        \"Japan East\",\r\n        \"Australia East\",\r\n        \"Australia Southeast\",\r\n        \"South India\",\r\n        \"Central India\",\r\n        \"West India\",\r\n        \"Canada Central\",\r\n        \"Canada East\",\r\n        \"West US 2\",\r\n        \"West Central US\",\r\n        \"UK South\",\r\n        \"UK West\",\r\n        \"Brazil South\",\r\n        \"Central US EUAP\",\r\n        \"East US 2 EUAP\"\r\n      ],\r\n      \"apiVersions\": [\r\n        \"2018-07-01-preview\",\r\n        \"2017-07-01\",\r\n        \"2016-10-01\",\r\n        \"2016-06-01\",\r\n        \"2015-08-01-preview\",\r\n        \"2015-02-01-preview\"\r\n      ],\r\n      \"capabilities\": \"CrossResourceGroupResourceMove, CrossSubscriptionResourceMove, SystemAssignedResourceIdentity\"\r\n    },\r\n    {\r\n      \"resourceType\": \"locations/workflows\",\r\n      \"locations\": [\r\n        \"North Central US\",\r\n        \"Central US\",\r\n        \"South Central US\",\r\n        \"North Europe\",\r\n        \"West Europe\",\r\n        \"East Asia\",\r\n        \"Southeast Asia\",\r\n        \"West US\",\r\n        \"East US\",\r\n        \"East US 2\",\r\n        \"Japan West\",\r\n        \"Japan East\",\r\n        \"Australia East\",\r\n        \"Australia Southeast\",\r\n        \"South India\",\r\n        \"Central India\",\r\n        \"West India\",\r\n        \"Canada Central\",\r\n        \"Canada East\",\r\n        \"West US 2\",\r\n        \"West Central US\",\r\n        \"UK South\",\r\n        \"UK West\",\r\n        \"Brazil South\",\r\n        \"Central US EUAP\",\r\n        \"East US 2 EUAP\"\r\n      ],\r\n      \"apiVersions\": [\r\n        \"2018-07-01-preview\",\r\n        \"2017-07-01\",\r\n        \"2016-10-01\",\r\n        \"2016-06-01\",\r\n        \"2015-08-01-preview\",\r\n        \"2015-02-01-preview\"\r\n      ]\r\n    },\r\n    {\r\n      \"resourceType\": \"locations\",\r\n      \"locations\": [\r\n        \"North Central US\"\r\n      ],\r\n      \"apiVersions\": [\r\n        \"2018-07-01-preview\",\r\n        \"2017-07-01\",\r\n        \"2016-10-01\",\r\n        \"2016-06-01\",\r\n        \"2015-08-01-preview\",\r\n        \"2015-02-01-preview\"\r\n      ]\r\n    },\r\n    {\r\n      \"resourceType\": \"operations\",\r\n      \"locations\": [\r\n        \"North Central US\",\r\n        \"Central US\",\r\n        \"South Central US\",\r\n        \"North Europe\",\r\n        \"West Europe\",\r\n        \"East Asia\",\r\n        \"Southeast Asia\",\r\n        \"West US\",\r\n        \"East US\",\r\n        \"East US 2\",\r\n        \"Japan West\",\r\n        \"Japan East\",\r\n        \"Brazil South\",\r\n        \"Australia East\",\r\n        \"Australia Southeast\",\r\n        \"South India\",\r\n        \"Central India\",\r\n        \"West India\",\r\n        \"Canada Central\",\r\n        \"Canada East\",\r\n        \"West US 2\",\r\n        \"West Central US\",\r\n        \"UK South\",\r\n        \"UK West\"\r\n      ],\r\n      \"apiVersions\": [\r\n        \"2018-07-01-preview\",\r\n        \"2017-07-01\",\r\n        \"2016-10-01\",\r\n        \"2016-06-01\",\r\n        \"2015-08-01-preview\",\r\n        \"2015-02-01-preview\"\r\n      ]\r\n    },\r\n    {\r\n      \"resourceType\": \"integrationAccounts\",\r\n      \"locations\": [\r\n        \"North Central US\",\r\n        \"Central US\",\r\n        \"South Central US\",\r\n        \"North Europe\",\r\n        \"West Europe\",\r\n        \"East Asia\",\r\n        \"Southeast Asia\",\r\n        \"West US\",\r\n        \"East US\",\r\n        \"East US 2\",\r\n        \"Japan West\",\r\n        \"Japan East\",\r\n        \"Australia East\",\r\n        \"Australia Southeast\",\r\n        \"South India\",\r\n        \"Central India\",\r\n        \"West India\",\r\n        \"Canada Central\",\r\n        \"Canada East\",\r\n        \"West US 2\",\r\n        \"West Central US\",\r\n        \"UK South\",\r\n        \"UK West\",\r\n        \"Brazil South\",\r\n        \"Central US EUAP\",\r\n        \"East US 2 EUAP\"\r\n      ],\r\n      \"apiVersions\": [\r\n        \"2018-07-01-preview\",\r\n        \"2016-06-01\",\r\n        \"2015-08-01-preview\"\r\n      ],\r\n      \"capabilities\": \"CrossResourceGroupResourceMove, CrossSubscriptionResourceMove\"\r\n    },\r\n    {\r\n      \"resourceType\": \"hostingEnvironments\",\r\n      \"locations\": [\r\n        \"Brazil South\",\r\n        \"Central US EUAP\",\r\n        \"East US 2 EUAP\"\r\n      ],\r\n      \"apiVersions\": [\r\n        \"2018-04-01-privatepreview\"\r\n      ],\r\n      \"capabilities\": \"CrossResourceGroupResourceMove, CrossSubscriptionResourceMove\"\r\n    },\r\n    {\r\n      \"resourceType\": \"isolatedEnvironments\",\r\n      \"locations\": [\r\n        \"Brazil South\",\r\n        \"Central US EUAP\",\r\n        \"East US 2 EUAP\"\r\n      ],\r\n      \"apiVersions\": [\r\n        \"2018-07-01-preview\",\r\n        \"2018-03-01-preview\"\r\n      ],\r\n      \"capabilities\": \"None\"\r\n    },\r\n    {\r\n      \"resourceType\": \"integrationServiceEnvironments\",\r\n      \"locations\": [\r\n        \"North Central US\",\r\n        \"Central US\",\r\n        \"South Central US\",\r\n        \"North Europe\",\r\n        \"West Europe\",\r\n        \"East Asia\",\r\n        \"Southeast Asia\",\r\n        \"West US\",\r\n        \"East US\",\r\n        \"East US 2\",\r\n        \"Japan West\",\r\n        \"Japan East\",\r\n        \"Brazil South\",\r\n        \"Central US EUAP\",\r\n        \"East US 2 EUAP\",\r\n        \"Australia East\",\r\n        \"Australia Southeast\",\r\n        \"South India\",\r\n        \"Central India\",\r\n        \"West India\",\r\n        \"Canada Central\",\r\n        \"Canada East\",\r\n        \"West US 2\",\r\n        \"West Central US\",\r\n        \"UK South\",\r\n        \"UK West\"\r\n      ],\r\n      \"apiVersions\": [\r\n        \"2018-07-01-preview\",\r\n        \"2018-03-01-preview\"\r\n      ],\r\n      \"capabilities\": \"None\"\r\n    }\r\n  ],\r\n  \"registrationState\": \"Registered\"\r\n}",
      "StatusCode": 200
    },
    {
      "RequestUri": "/subscriptions/f34b22a3-2202-4fb1-b040-1332bd928c84/resourceGroups/RG-ps2258/providers/Microsoft.Logic/integrationAccounts/IA-ps9660?api-version=2018-07-01-preview",
      "EncodedRequestUri": "L3N1YnNjcmlwdGlvbnMvZjM0YjIyYTMtMjIwMi00ZmIxLWIwNDAtMTMzMmJkOTI4Yzg0L3Jlc291cmNlR3JvdXBzL1JHLXBzMjI1OC9wcm92aWRlcnMvTWljcm9zb2Z0LkxvZ2ljL2ludGVncmF0aW9uQWNjb3VudHMvSUEtcHM5NjYwP2FwaS12ZXJzaW9uPTIwMTgtMDctMDEtcHJldmlldw==",
      "RequestMethod": "GET",
      "RequestBody": "",
      "RequestHeaders": {
        "x-ms-client-request-id": [
          "e638ae1b-c5ff-4ed8-983e-9aa9d877a07f"
        ],
        "Accept-Language": [
          "en-US"
        ],
        "User-Agent": [
          "FxVersion/4.6.27019.06",
          "OSName/Windows",
          "OSVersion/Microsoft.Windows.10.0.17763.",
          "Microsoft.Azure.Management.Logic.LogicManagementClient/4.0.0.0"
        ]
      },
      "ResponseHeaders": {
        "Cache-Control": [
          "no-cache"
        ],
        "Pragma": [
          "no-cache"
        ],
        "x-ms-failure-cause": [
          "gateway"
        ],
        "x-ms-request-id": [
          "4146aba9-1e6f-47fe-bd3a-3b1a52b2c762"
        ],
        "x-ms-correlation-request-id": [
          "4146aba9-1e6f-47fe-bd3a-3b1a52b2c762"
        ],
        "x-ms-routing-request-id": [
          "WESTUS2:20190108T002159Z:4146aba9-1e6f-47fe-bd3a-3b1a52b2c762"
        ],
        "Strict-Transport-Security": [
          "max-age=31536000; includeSubDomains"
        ],
        "X-Content-Type-Options": [
          "nosniff"
        ],
        "Date": [
          "Tue, 08 Jan 2019 00:21:59 GMT"
        ],
        "Content-Type": [
          "application/json; charset=utf-8"
        ],
        "Expires": [
          "-1"
        ],
        "Content-Length": [
          "158"
        ]
      },
      "ResponseBody": "{\r\n  \"error\": {\r\n    \"code\": \"ResourceNotFound\",\r\n    \"message\": \"The Resource 'Microsoft.Logic/integrationAccounts/IA-ps9660' under resource group 'RG-ps2258' was not found.\"\r\n  }\r\n}",
      "StatusCode": 404
    },
    {
      "RequestUri": "/subscriptions/f34b22a3-2202-4fb1-b040-1332bd928c84/resourceGroups/RG-ps2258/providers/Microsoft.Logic/integrationAccounts/IA-ps9660?api-version=2018-07-01-preview",
      "EncodedRequestUri": "L3N1YnNjcmlwdGlvbnMvZjM0YjIyYTMtMjIwMi00ZmIxLWIwNDAtMTMzMmJkOTI4Yzg0L3Jlc291cmNlR3JvdXBzL1JHLXBzMjI1OC9wcm92aWRlcnMvTWljcm9zb2Z0LkxvZ2ljL2ludGVncmF0aW9uQWNjb3VudHMvSUEtcHM5NjYwP2FwaS12ZXJzaW9uPTIwMTgtMDctMDEtcHJldmlldw==",
      "RequestMethod": "GET",
      "RequestBody": "",
      "RequestHeaders": {
        "x-ms-client-request-id": [
          "769abc4a-1121-496a-96cd-f674fe81c331"
        ],
        "Accept-Language": [
          "en-US"
        ],
        "User-Agent": [
          "FxVersion/4.6.27019.06",
          "OSName/Windows",
          "OSVersion/Microsoft.Windows.10.0.17763.",
          "Microsoft.Azure.Management.Logic.LogicManagementClient/4.0.0.0"
        ]
      },
      "ResponseHeaders": {
        "Cache-Control": [
          "no-cache"
        ],
        "Pragma": [
          "no-cache"
        ],
        "Vary": [
          "Accept-Encoding"
        ],
        "x-ms-request-id": [
          "westus:ca10fbe6-5dc6-4f6e-83ca-51b06135e366"
        ],
        "Strict-Transport-Security": [
          "max-age=31536000; includeSubDomains"
        ],
        "x-ms-ratelimit-remaining-subscription-reads": [
          "11974"
        ],
        "x-ms-correlation-request-id": [
          "92ca4cac-d1bd-456c-a227-a123a9437c51"
        ],
        "x-ms-routing-request-id": [
          "WESTUS2:20190108T002200Z:92ca4cac-d1bd-456c-a227-a123a9437c51"
        ],
        "X-Content-Type-Options": [
          "nosniff"
        ],
        "Date": [
          "Tue, 08 Jan 2019 00:22:00 GMT"
        ],
        "Content-Length": [
          "285"
        ],
        "Content-Type": [
          "application/json; charset=utf-8"
        ],
        "Expires": [
          "-1"
        ]
      },
      "ResponseBody": "{\r\n  \"properties\": {\r\n    \"state\": \"Enabled\"\r\n  },\r\n  \"sku\": {\r\n    \"name\": \"Standard\"\r\n  },\r\n  \"id\": \"/subscriptions/f34b22a3-2202-4fb1-b040-1332bd928c84/resourceGroups/RG-ps2258/providers/Microsoft.Logic/integrationAccounts/IA-ps9660\",\r\n  \"name\": \"IA-ps9660\",\r\n  \"type\": \"Microsoft.Logic/integrationAccounts\",\r\n  \"location\": \"West US\"\r\n}",
      "StatusCode": 200
    },
    {
      "RequestUri": "/subscriptions/f34b22a3-2202-4fb1-b040-1332bd928c84/resourceGroups/RG-ps2258/providers/Microsoft.Logic/integrationAccounts/IA-ps9660?api-version=2018-07-01-preview",
      "EncodedRequestUri": "L3N1YnNjcmlwdGlvbnMvZjM0YjIyYTMtMjIwMi00ZmIxLWIwNDAtMTMzMmJkOTI4Yzg0L3Jlc291cmNlR3JvdXBzL1JHLXBzMjI1OC9wcm92aWRlcnMvTWljcm9zb2Z0LkxvZ2ljL2ludGVncmF0aW9uQWNjb3VudHMvSUEtcHM5NjYwP2FwaS12ZXJzaW9uPTIwMTgtMDctMDEtcHJldmlldw==",
      "RequestMethod": "GET",
      "RequestBody": "",
      "RequestHeaders": {
        "x-ms-client-request-id": [
          "3b26de8e-ac40-4df4-82b2-ab3c88155a96"
        ],
        "Accept-Language": [
          "en-US"
        ],
        "User-Agent": [
          "FxVersion/4.6.27019.06",
          "OSName/Windows",
          "OSVersion/Microsoft.Windows.10.0.17763.",
          "Microsoft.Azure.Management.Logic.LogicManagementClient/4.0.0.0"
        ]
      },
      "ResponseHeaders": {
        "Cache-Control": [
          "no-cache"
        ],
        "Pragma": [
          "no-cache"
        ],
        "Vary": [
          "Accept-Encoding"
        ],
        "x-ms-request-id": [
          "westus:94b13892-f0a6-4aa6-8ade-5ea00663bd3f"
        ],
        "Strict-Transport-Security": [
          "max-age=31536000; includeSubDomains"
        ],
        "x-ms-ratelimit-remaining-subscription-reads": [
          "11972"
        ],
        "x-ms-correlation-request-id": [
          "478e3595-6aa6-41b7-a6f8-e9f3c01a7073"
        ],
        "x-ms-routing-request-id": [
          "WESTUS2:20190108T002200Z:478e3595-6aa6-41b7-a6f8-e9f3c01a7073"
        ],
        "X-Content-Type-Options": [
          "nosniff"
        ],
        "Date": [
          "Tue, 08 Jan 2019 00:22:00 GMT"
        ],
        "Content-Length": [
          "285"
        ],
        "Content-Type": [
          "application/json; charset=utf-8"
        ],
        "Expires": [
          "-1"
        ]
      },
      "ResponseBody": "{\r\n  \"properties\": {\r\n    \"state\": \"Enabled\"\r\n  },\r\n  \"sku\": {\r\n    \"name\": \"Standard\"\r\n  },\r\n  \"id\": \"/subscriptions/f34b22a3-2202-4fb1-b040-1332bd928c84/resourceGroups/RG-ps2258/providers/Microsoft.Logic/integrationAccounts/IA-ps9660\",\r\n  \"name\": \"IA-ps9660\",\r\n  \"type\": \"Microsoft.Logic/integrationAccounts\",\r\n  \"location\": \"West US\"\r\n}",
      "StatusCode": 200
    },
    {
      "RequestUri": "/subscriptions/f34b22a3-2202-4fb1-b040-1332bd928c84/resourceGroups/RG-ps2258/providers/Microsoft.Logic/integrationAccounts/IA-ps9660?api-version=2018-07-01-preview",
      "EncodedRequestUri": "L3N1YnNjcmlwdGlvbnMvZjM0YjIyYTMtMjIwMi00ZmIxLWIwNDAtMTMzMmJkOTI4Yzg0L3Jlc291cmNlR3JvdXBzL1JHLXBzMjI1OC9wcm92aWRlcnMvTWljcm9zb2Z0LkxvZ2ljL2ludGVncmF0aW9uQWNjb3VudHMvSUEtcHM5NjYwP2FwaS12ZXJzaW9uPTIwMTgtMDctMDEtcHJldmlldw==",
      "RequestMethod": "GET",
      "RequestBody": "",
      "RequestHeaders": {
        "x-ms-client-request-id": [
          "22b588c1-4e56-4537-aae3-61cdcebc0998"
        ],
        "Accept-Language": [
          "en-US"
        ],
        "User-Agent": [
          "FxVersion/4.6.27019.06",
          "OSName/Windows",
          "OSVersion/Microsoft.Windows.10.0.17763.",
          "Microsoft.Azure.Management.Logic.LogicManagementClient/4.0.0.0"
        ]
      },
      "ResponseHeaders": {
        "Cache-Control": [
          "no-cache"
        ],
        "Pragma": [
          "no-cache"
        ],
        "Vary": [
          "Accept-Encoding"
        ],
        "x-ms-request-id": [
          "westus:f329e2fa-37f2-4f3e-a2ef-c351c73c5939"
        ],
        "Strict-Transport-Security": [
          "max-age=31536000; includeSubDomains"
        ],
        "x-ms-ratelimit-remaining-subscription-reads": [
          "11970"
        ],
        "x-ms-correlation-request-id": [
          "0020764d-bbb7-45bb-a09d-57d3a59968cd"
        ],
        "x-ms-routing-request-id": [
          "WESTUS2:20190108T002201Z:0020764d-bbb7-45bb-a09d-57d3a59968cd"
        ],
        "X-Content-Type-Options": [
          "nosniff"
        ],
        "Date": [
          "Tue, 08 Jan 2019 00:22:01 GMT"
        ],
        "Content-Length": [
          "285"
        ],
        "Content-Type": [
          "application/json; charset=utf-8"
        ],
        "Expires": [
          "-1"
        ]
      },
      "ResponseBody": "{\r\n  \"properties\": {\r\n    \"state\": \"Enabled\"\r\n  },\r\n  \"sku\": {\r\n    \"name\": \"Standard\"\r\n  },\r\n  \"id\": \"/subscriptions/f34b22a3-2202-4fb1-b040-1332bd928c84/resourceGroups/RG-ps2258/providers/Microsoft.Logic/integrationAccounts/IA-ps9660\",\r\n  \"name\": \"IA-ps9660\",\r\n  \"type\": \"Microsoft.Logic/integrationAccounts\",\r\n  \"location\": \"West US\"\r\n}",
      "StatusCode": 200
    },
    {
      "RequestUri": "/subscriptions/f34b22a3-2202-4fb1-b040-1332bd928c84/resourceGroups/RG-ps2258/providers/Microsoft.Logic/integrationAccounts/IA-ps9660?api-version=2018-07-01-preview",
      "EncodedRequestUri": "L3N1YnNjcmlwdGlvbnMvZjM0YjIyYTMtMjIwMi00ZmIxLWIwNDAtMTMzMmJkOTI4Yzg0L3Jlc291cmNlR3JvdXBzL1JHLXBzMjI1OC9wcm92aWRlcnMvTWljcm9zb2Z0LkxvZ2ljL2ludGVncmF0aW9uQWNjb3VudHMvSUEtcHM5NjYwP2FwaS12ZXJzaW9uPTIwMTgtMDctMDEtcHJldmlldw==",
      "RequestMethod": "PUT",
      "RequestBody": "{\r\n  \"properties\": {},\r\n  \"sku\": {\r\n    \"name\": \"Standard\"\r\n  },\r\n  \"location\": \"West US\"\r\n}",
      "RequestHeaders": {
        "x-ms-client-request-id": [
          "38332f73-da98-4500-900a-31180685bc25"
        ],
        "Accept-Language": [
          "en-US"
        ],
        "User-Agent": [
          "FxVersion/4.6.27019.06",
          "OSName/Windows",
          "OSVersion/Microsoft.Windows.10.0.17763.",
          "Microsoft.Azure.Management.Logic.LogicManagementClient/4.0.0.0"
        ],
        "Content-Type": [
          "application/json; charset=utf-8"
        ],
        "Content-Length": [
          "92"
        ]
      },
      "ResponseHeaders": {
        "Cache-Control": [
          "no-cache"
        ],
        "Pragma": [
          "no-cache"
        ],
        "x-ms-request-id": [
          "westus:3f405c66-2c16-4fb0-9e1c-55126fb790a1"
        ],
        "Strict-Transport-Security": [
          "max-age=31536000; includeSubDomains"
        ],
        "x-ms-ratelimit-remaining-subscription-writes": [
          "1176"
        ],
        "x-ms-correlation-request-id": [
          "fe82dc2e-fc48-4953-8d2c-3f5629b873ff"
        ],
        "x-ms-routing-request-id": [
          "WESTUS2:20190108T002200Z:fe82dc2e-fc48-4953-8d2c-3f5629b873ff"
        ],
        "X-Content-Type-Options": [
          "nosniff"
        ],
        "Date": [
          "Tue, 08 Jan 2019 00:22:00 GMT"
        ],
        "Content-Length": [
          "285"
        ],
        "Content-Type": [
          "application/json; charset=utf-8"
        ],
        "Expires": [
          "-1"
        ]
      },
      "ResponseBody": "{\r\n  \"properties\": {\r\n    \"state\": \"Enabled\"\r\n  },\r\n  \"sku\": {\r\n    \"name\": \"Standard\"\r\n  },\r\n  \"id\": \"/subscriptions/f34b22a3-2202-4fb1-b040-1332bd928c84/resourceGroups/RG-ps2258/providers/Microsoft.Logic/integrationAccounts/IA-ps9660\",\r\n  \"name\": \"IA-ps9660\",\r\n  \"type\": \"Microsoft.Logic/integrationAccounts\",\r\n  \"location\": \"West US\"\r\n}",
      "StatusCode": 201
    },
    {
      "RequestUri": "/subscriptions/f34b22a3-2202-4fb1-b040-1332bd928c84/resourceGroups/RG-ps2258/providers/Microsoft.Logic/integrationAccounts/IA-ps9660/schemas/ps3807?api-version=2018-07-01-preview",
      "EncodedRequestUri": "L3N1YnNjcmlwdGlvbnMvZjM0YjIyYTMtMjIwMi00ZmIxLWIwNDAtMTMzMmJkOTI4Yzg0L3Jlc291cmNlR3JvdXBzL1JHLXBzMjI1OC9wcm92aWRlcnMvTWljcm9zb2Z0LkxvZ2ljL2ludGVncmF0aW9uQWNjb3VudHMvSUEtcHM5NjYwL3NjaGVtYXMvcHMzODA3P2FwaS12ZXJzaW9uPTIwMTgtMDctMDEtcHJldmlldw==",
      "RequestMethod": "GET",
      "RequestBody": "",
      "RequestHeaders": {
        "x-ms-client-request-id": [
          "7a6556f9-67cb-43a1-b625-79c84223ad3b"
        ],
        "Accept-Language": [
          "en-US"
        ],
        "User-Agent": [
          "FxVersion/4.6.27019.06",
          "OSName/Windows",
          "OSVersion/Microsoft.Windows.10.0.17763.",
          "Microsoft.Azure.Management.Logic.LogicManagementClient/4.0.0.0"
        ]
      },
      "ResponseHeaders": {
        "Cache-Control": [
          "no-cache"
        ],
        "Pragma": [
          "no-cache"
        ],
        "x-ms-request-id": [
          "westus:087f77ba-518a-4fc2-8b69-cf3dd4e9f722"
        ],
        "Strict-Transport-Security": [
          "max-age=31536000; includeSubDomains"
        ],
        "x-ms-ratelimit-remaining-subscription-reads": [
          "11973"
        ],
        "x-ms-correlation-request-id": [
          "b488c6d6-0315-4a20-8956-bbeb09168ab3"
        ],
        "x-ms-routing-request-id": [
          "WESTUS2:20190108T002200Z:b488c6d6-0315-4a20-8956-bbeb09168ab3"
        ],
        "X-Content-Type-Options": [
          "nosniff"
        ],
        "Date": [
          "Tue, 08 Jan 2019 00:22:00 GMT"
        ],
        "Content-Length": [
          "122"
        ],
        "Content-Type": [
          "application/json; charset=utf-8"
        ],
        "Expires": [
          "-1"
        ]
      },
      "ResponseBody": "{\r\n  \"error\": {\r\n    \"code\": \"SchemaNotFound\",\r\n    \"message\": \"The schema 'ps3807' could not be found in integration account 'IA-ps9660'.\"\r\n  }\r\n}",
      "StatusCode": 404
    },
    {
      "RequestUri": "/subscriptions/f34b22a3-2202-4fb1-b040-1332bd928c84/resourceGroups/RG-ps2258/providers/Microsoft.Logic/integrationAccounts/IA-ps9660/schemas/ps3807?api-version=2018-07-01-preview",
      "EncodedRequestUri": "L3N1YnNjcmlwdGlvbnMvZjM0YjIyYTMtMjIwMi00ZmIxLWIwNDAtMTMzMmJkOTI4Yzg0L3Jlc291cmNlR3JvdXBzL1JHLXBzMjI1OC9wcm92aWRlcnMvTWljcm9zb2Z0LkxvZ2ljL2ludGVncmF0aW9uQWNjb3VudHMvSUEtcHM5NjYwL3NjaGVtYXMvcHMzODA3P2FwaS12ZXJzaW9uPTIwMTgtMDctMDEtcHJldmlldw==",
      "RequestMethod": "GET",
      "RequestBody": "",
      "RequestHeaders": {
        "x-ms-client-request-id": [
          "25ca50f5-d642-4c12-a3d2-d0f0a67c5598"
        ],
        "Accept-Language": [
          "en-US"
        ],
        "User-Agent": [
          "FxVersion/4.6.27019.06",
          "OSName/Windows",
          "OSVersion/Microsoft.Windows.10.0.17763.",
          "Microsoft.Azure.Management.Logic.LogicManagementClient/4.0.0.0"
        ]
      },
      "ResponseHeaders": {
        "Cache-Control": [
          "no-cache"
        ],
        "Pragma": [
          "no-cache"
        ],
        "Vary": [
          "Accept-Encoding"
        ],
        "x-ms-request-id": [
          "westus:f7b41a3e-0abf-48f5-9c5b-ede5e408e72f"
        ],
        "Strict-Transport-Security": [
          "max-age=31536000; includeSubDomains"
        ],
        "x-ms-ratelimit-remaining-subscription-reads": [
          "11971"
        ],
        "x-ms-correlation-request-id": [
          "6b5c6f6f-5932-4258-86d6-6059c3753a78"
        ],
        "x-ms-routing-request-id": [
          "WESTUS2:20190108T002201Z:6b5c6f6f-5932-4258-86d6-6059c3753a78"
        ],
        "X-Content-Type-Options": [
          "nosniff"
        ],
        "Date": [
          "Tue, 08 Jan 2019 00:22:00 GMT"
        ],
        "Content-Length": [
          "746"
        ],
        "Content-Type": [
          "application/json; charset=utf-8"
        ],
        "Expires": [
          "-1"
        ]
      },
      "ResponseBody": "{\r\n  \"properties\": {\r\n    \"schemaType\": \"Xml\",\r\n    \"targetNamespace\": \"http://Inbound_EDI.OrderFile\",\r\n    \"documentName\": \"OrderFile\",\r\n    \"contentLink\": {\r\n      \"uri\": \"https://prod-31.westus.logic.azure.com:443/integrationAccounts/8312e10db3014d669fdbb466d11a4f17/schemas/ps3807/contents/Value?api-version=2015-08-01-preview&se=2019-01-08T04%3A22%3A01.0247780Z&sp=%2Fschemas%2Fps3807%2Fread&sv=1.0&sig=dTUEDhETYWGDyIvG2s1OxW2w9cQqVFOQNgKe1gZ_P5g\",\r\n      \"contentSize\": 7901\r\n    },\r\n    \"createdTime\": \"2019-01-08T00:22:00.8055179Z\",\r\n    \"changedTime\": \"2019-01-08T00:22:00.8061859Z\"\r\n  },\r\n  \"id\": \"/subscriptions/f34b22a3-2202-4fb1-b040-1332bd928c84/resourceGroups/RG-ps2258/providers/Microsoft.Logic/integrationAccounts/IA-ps9660/schemas/ps3807\",\r\n  \"name\": \"ps3807\",\r\n  \"type\": \"Microsoft.Logic/integrationAccounts/schemas\"\r\n}",
      "StatusCode": 200
    },
    {
      "RequestUri": "/subscriptions/f34b22a3-2202-4fb1-b040-1332bd928c84/resourceGroups/RG-ps2258/providers/Microsoft.Logic/integrationAccounts/IA-ps9660/schemas/ps3807?api-version=2018-07-01-preview",
      "EncodedRequestUri": "L3N1YnNjcmlwdGlvbnMvZjM0YjIyYTMtMjIwMi00ZmIxLWIwNDAtMTMzMmJkOTI4Yzg0L3Jlc291cmNlR3JvdXBzL1JHLXBzMjI1OC9wcm92aWRlcnMvTWljcm9zb2Z0LkxvZ2ljL2ludGVncmF0aW9uQWNjb3VudHMvSUEtcHM5NjYwL3NjaGVtYXMvcHMzODA3P2FwaS12ZXJzaW9uPTIwMTgtMDctMDEtcHJldmlldw==",
      "RequestMethod": "GET",
      "RequestBody": "",
      "RequestHeaders": {
        "x-ms-client-request-id": [
          "58f7e8fa-4955-49c3-926e-26a4084949e2"
        ],
        "Accept-Language": [
          "en-US"
        ],
        "User-Agent": [
          "FxVersion/4.6.27019.06",
          "OSName/Windows",
          "OSVersion/Microsoft.Windows.10.0.17763.",
          "Microsoft.Azure.Management.Logic.LogicManagementClient/4.0.0.0"
        ]
      },
      "ResponseHeaders": {
        "Cache-Control": [
          "no-cache"
        ],
        "Pragma": [
          "no-cache"
        ],
        "Vary": [
          "Accept-Encoding"
        ],
        "x-ms-request-id": [
          "westus:38ae7b70-8896-4f59-b908-ba1cd2f007f1"
        ],
        "Strict-Transport-Security": [
          "max-age=31536000; includeSubDomains"
        ],
        "x-ms-ratelimit-remaining-subscription-reads": [
          "11969"
        ],
        "x-ms-correlation-request-id": [
          "d86452e7-4744-4281-b8b3-bc0f95b0cad8"
        ],
        "x-ms-routing-request-id": [
          "WESTUS2:20190108T002201Z:d86452e7-4744-4281-b8b3-bc0f95b0cad8"
        ],
        "X-Content-Type-Options": [
          "nosniff"
        ],
        "Date": [
          "Tue, 08 Jan 2019 00:22:01 GMT"
        ],
        "Content-Length": [
          "746"
        ],
        "Content-Type": [
          "application/json; charset=utf-8"
        ],
        "Expires": [
          "-1"
        ]
      },
      "ResponseBody": "{\r\n  \"properties\": {\r\n    \"schemaType\": \"Xml\",\r\n    \"targetNamespace\": \"http://Inbound_EDI.OrderFile\",\r\n    \"documentName\": \"OrderFile\",\r\n    \"contentLink\": {\r\n      \"uri\": \"https://prod-31.westus.logic.azure.com:443/integrationAccounts/8312e10db3014d669fdbb466d11a4f17/schemas/ps3807/contents/Value?api-version=2015-08-01-preview&se=2019-01-08T04%3A22%3A01.2748399Z&sp=%2Fschemas%2Fps3807%2Fread&sv=1.0&sig=f_e_hkVRqBDWH1H0DbbWYG6TFbBijcpdPQN2EeLYnWk\",\r\n      \"contentSize\": 7901\r\n    },\r\n    \"createdTime\": \"2019-01-08T00:22:00.8055179Z\",\r\n    \"changedTime\": \"2019-01-08T00:22:01.1424303Z\"\r\n  },\r\n  \"id\": \"/subscriptions/f34b22a3-2202-4fb1-b040-1332bd928c84/resourceGroups/RG-ps2258/providers/Microsoft.Logic/integrationAccounts/IA-ps9660/schemas/ps3807\",\r\n  \"name\": \"ps3807\",\r\n  \"type\": \"Microsoft.Logic/integrationAccounts/schemas\"\r\n}",
      "StatusCode": 200
    },
    {
      "RequestUri": "/subscriptions/f34b22a3-2202-4fb1-b040-1332bd928c84/resourceGroups/RG-ps2258/providers/Microsoft.Logic/integrationAccounts/IA-ps9660/schemas/ps3807?api-version=2018-07-01-preview",
      "EncodedRequestUri": "L3N1YnNjcmlwdGlvbnMvZjM0YjIyYTMtMjIwMi00ZmIxLWIwNDAtMTMzMmJkOTI4Yzg0L3Jlc291cmNlR3JvdXBzL1JHLXBzMjI1OC9wcm92aWRlcnMvTWljcm9zb2Z0LkxvZ2ljL2ludGVncmF0aW9uQWNjb3VudHMvSUEtcHM5NjYwL3NjaGVtYXMvcHMzODA3P2FwaS12ZXJzaW9uPTIwMTgtMDctMDEtcHJldmlldw==",
      "RequestMethod": "PUT",
      "RequestBody": "{\r\n  \"properties\": {\r\n    \"schemaType\": \"Xml\",\r\n    \"content\": \"<?xml version=\\\"1.0\\\" encoding=\\\"utf-16\\\"?>\\r\\n<xs:schema xmlns:b=\\\"http://schemas.microsoft.com/BizTalk/2003\\\" xmlns=\\\"http://Inbound_EDI.OrderFile\\\" targetNamespace=\\\"http://Inbound_EDI.OrderFile\\\" xmlns:xs=\\\"http://www.w3.org/2001/XMLSchema\\\">\\r\\n  <xs:annotation>\\r\\n    <xs:appinfo>\\r\\n      <b:schemaInfo default_pad_char=\\\" \\\" count_positions_by_byte=\\\"false\\\" parser_optimization=\\\"speed\\\" lookahead_depth=\\\"3\\\" suppress_empty_nodes=\\\"false\\\" generate_empty_nodes=\\\"true\\\" allow_early_termination=\\\"false\\\" early_terminate_optional_fields=\\\"false\\\" allow_message_breakup_of_infix_root=\\\"false\\\" compile_parse_tables=\\\"false\\\" standard=\\\"Flat File\\\" root_reference=\\\"OrderFile\\\" />\\r\\n      <schemaEditorExtension:schemaInfo namespaceAlias=\\\"b\\\" extensionClass=\\\"Microsoft.BizTalk.FlatFileExtension.FlatFileExtension\\\" standardName=\\\"Flat File\\\" xmlns:schemaEditorExtension=\\\"http://schemas.microsoft.com/BizTalk/2003/SchemaEditorExtensions\\\" />\\r\\n    </xs:appinfo>\\r\\n  </xs:annotation>\\r\\n  <xs:element name=\\\"OrderFile\\\">\\r\\n    <xs:annotation>\\r\\n      <xs:appinfo>\\r\\n        <b:recordInfo structure=\\\"delimited\\\" preserve_delimiter_for_empty_data=\\\"true\\\" suppress_trailing_delimiters=\\\"false\\\" sequence_number=\\\"1\\\" />\\r\\n      </xs:appinfo>\\r\\n    </xs:annotation>\\r\\n    <xs:complexType>\\r\\n      <xs:sequence>\\r\\n        <xs:annotation>\\r\\n          <xs:appinfo>\\r\\n            <b:groupInfo sequence_number=\\\"0\\\" />\\r\\n          </xs:appinfo>\\r\\n        </xs:annotation>\\r\\n        <xs:element name=\\\"Order\\\">\\r\\n          <xs:annotation>\\r\\n            <xs:appinfo>\\r\\n              <b:recordInfo sequence_number=\\\"1\\\" structure=\\\"delimited\\\" preserve_delimiter_for_empty_data=\\\"true\\\" suppress_trailing_delimiters=\\\"false\\\" child_delimiter_type=\\\"hex\\\" child_delimiter=\\\"0x0D 0x0A\\\" child_order=\\\"infix\\\" />\\r\\n            </xs:appinfo>\\r\\n          </xs:annotation>\\r\\n          <xs:complexType>\\r\\n            <xs:sequence>\\r\\n              <xs:annotation>\\r\\n                <xs:appinfo>\\r\\n                  <b:groupInfo sequence_number=\\\"0\\\" />\\r\\n                </xs:appinfo>\\r\\n              </xs:annotation>\\r\\n              <xs:element name=\\\"Header\\\">\\r\\n                <xs:annotation>\\r\\n                  <xs:appinfo>\\r\\n                    <b:recordInfo sequence_number=\\\"1\\\" structure=\\\"delimited\\\" preserve_delimiter_for_empty_data=\\\"true\\\" suppress_trailing_delimiters=\\\"false\\\" child_delimiter_type=\\\"char\\\" child_delimiter=\\\"|\\\" child_order=\\\"infix\\\" tag_name=\\\"HDR|\\\" />\\r\\n                  </xs:appinfo>\\r\\n                </xs:annotation>\\r\\n                <xs:complexType>\\r\\n                  <xs:sequence>\\r\\n                    <xs:annotation>\\r\\n                      <xs:appinfo>\\r\\n                        <b:groupInfo sequence_number=\\\"0\\\" />\\r\\n                      </xs:appinfo>\\r\\n                    </xs:annotation>\\r\\n                    <xs:element name=\\\"PODate\\\" type=\\\"xs:string\\\">\\r\\n                      <xs:annotation>\\r\\n                        <xs:appinfo>\\r\\n                          <b:fieldInfo sequence_number=\\\"1\\\" justification=\\\"left\\\" />\\r\\n                        </xs:appinfo>\\r\\n                      </xs:annotation>\\r\\n                    </xs:element>\\r\\n                    <xs:element name=\\\"PONumber\\\" type=\\\"xs:string\\\">\\r\\n                      <xs:annotation>\\r\\n                        <xs:appinfo>\\r\\n                          <b:fieldInfo justification=\\\"left\\\" sequence_number=\\\"2\\\" />\\r\\n                        </xs:appinfo>\\r\\n                      </xs:annotation>\\r\\n                    </xs:element>\\r\\n                    <xs:element name=\\\"CustomerID\\\" type=\\\"xs:string\\\">\\r\\n                      <xs:annotation>\\r\\n                        <xs:appinfo>\\r\\n                          <b:fieldInfo sequence_number=\\\"3\\\" justification=\\\"left\\\" />\\r\\n                        </xs:appinfo>\\r\\n                      </xs:annotation>\\r\\n                    </xs:element>\\r\\n                    <xs:element name=\\\"CustomerContactName\\\" type=\\\"xs:string\\\">\\r\\n                      <xs:annotation>\\r\\n                        <xs:appinfo>\\r\\n                          <b:fieldInfo sequence_number=\\\"4\\\" justification=\\\"left\\\" />\\r\\n                        </xs:appinfo>\\r\\n                      </xs:annotation>\\r\\n                    </xs:element>\\r\\n                    <xs:element name=\\\"CustomerContactPhone\\\" type=\\\"xs:string\\\">\\r\\n                      <xs:annotation>\\r\\n                        <xs:appinfo>\\r\\n                          <b:fieldInfo sequence_number=\\\"5\\\" justification=\\\"left\\\" />\\r\\n                        </xs:appinfo>\\r\\n                      </xs:annotation>\\r\\n                    </xs:element>\\r\\n                  </xs:sequence>\\r\\n                </xs:complexType>\\r\\n              </xs:element>\\r\\n              <xs:element minOccurs=\\\"1\\\" maxOccurs=\\\"unbounded\\\" name=\\\"LineItems\\\">\\r\\n                <xs:annotation>\\r\\n                  <xs:appinfo>\\r\\n                    <b:recordInfo sequence_number=\\\"2\\\" structure=\\\"delimited\\\" preserve_delimiter_for_empty_data=\\\"true\\\" suppress_trailing_delimiters=\\\"false\\\" child_delimiter_type=\\\"char\\\" child_delimiter=\\\"|\\\" child_order=\\\"infix\\\" tag_name=\\\"DTL|\\\" />\\r\\n                  </xs:appinfo>\\r\\n                </xs:annotation>\\r\\n                <xs:complexType>\\r\\n                  <xs:sequence>\\r\\n                    <xs:annotation>\\r\\n                      <xs:appinfo>\\r\\n                        <b:groupInfo sequence_number=\\\"0\\\" />\\r\\n                      </xs:appinfo>\\r\\n                    </xs:annotation>\\r\\n                    <xs:element name=\\\"PONumber\\\" type=\\\"xs:string\\\">\\r\\n                      <xs:annotation>\\r\\n                        <xs:appinfo>\\r\\n                          <b:fieldInfo sequence_number=\\\"1\\\" justification=\\\"left\\\" />\\r\\n                        </xs:appinfo>\\r\\n                      </xs:annotation>\\r\\n                    </xs:element>\\r\\n                    <xs:element name=\\\"ItemOrdered\\\" type=\\\"xs:string\\\">\\r\\n                      <xs:annotation>\\r\\n                        <xs:appinfo>\\r\\n                          <b:fieldInfo sequence_number=\\\"2\\\" justification=\\\"left\\\" />\\r\\n                        </xs:appinfo>\\r\\n                      </xs:annotation>\\r\\n                    </xs:element>\\r\\n                    <xs:element name=\\\"Quantity\\\" type=\\\"xs:string\\\">\\r\\n                      <xs:annotation>\\r\\n                        <xs:appinfo>\\r\\n                          <b:fieldInfo sequence_number=\\\"3\\\" justification=\\\"left\\\" />\\r\\n                        </xs:appinfo>\\r\\n                      </xs:annotation>\\r\\n                    </xs:element>\\r\\n                    <xs:element name=\\\"UOM\\\" type=\\\"xs:string\\\">\\r\\n                      <xs:annotation>\\r\\n                        <xs:appinfo>\\r\\n                          <b:fieldInfo sequence_number=\\\"4\\\" justification=\\\"left\\\" />\\r\\n                        </xs:appinfo>\\r\\n                      </xs:annotation>\\r\\n                    </xs:element>\\r\\n                    <xs:element name=\\\"Price\\\" type=\\\"xs:string\\\">\\r\\n                      <xs:annotation>\\r\\n                        <xs:appinfo>\\r\\n                          <b:fieldInfo sequence_number=\\\"5\\\" justification=\\\"left\\\" />\\r\\n                        </xs:appinfo>\\r\\n                      </xs:annotation>\\r\\n                    </xs:element>\\r\\n                    <xs:element name=\\\"ExtendedPrice\\\" type=\\\"xs:string\\\">\\r\\n                      <xs:annotation>\\r\\n                        <xs:appinfo>\\r\\n                          <b:fieldInfo sequence_number=\\\"6\\\" justification=\\\"left\\\" />\\r\\n                        </xs:appinfo>\\r\\n                      </xs:annotation>\\r\\n                    </xs:element>\\r\\n                    <xs:element name=\\\"Description\\\" type=\\\"xs:string\\\">\\r\\n                      <xs:annotation>\\r\\n                        <xs:appinfo>\\r\\n                          <b:fieldInfo sequence_number=\\\"7\\\" justification=\\\"left\\\" />\\r\\n                        </xs:appinfo>\\r\\n                      </xs:annotation>\\r\\n                    </xs:element>\\r\\n                  </xs:sequence>\\r\\n                </xs:complexType>\\r\\n              </xs:element>\\r\\n            </xs:sequence>\\r\\n          </xs:complexType>\\r\\n        </xs:element>\\r\\n      </xs:sequence>\\r\\n    </xs:complexType>\\r\\n  </xs:element>\\r\\n</xs:schema>\",\r\n    \"contentType\": \"application/xml\"\r\n  }\r\n}",
      "RequestHeaders": {
        "x-ms-client-request-id": [
          "f8313946-53de-42ba-ab22-19a301a82841"
        ],
        "Accept-Language": [
          "en-US"
        ],
        "User-Agent": [
          "FxVersion/4.6.27019.06",
          "OSName/Windows",
          "OSVersion/Microsoft.Windows.10.0.17763.",
          "Microsoft.Azure.Management.Logic.LogicManagementClient/4.0.0.0"
        ],
        "Content-Type": [
          "application/json; charset=utf-8"
        ],
        "Content-Length": [
          "8539"
        ]
      },
      "ResponseHeaders": {
        "Cache-Control": [
          "no-cache"
        ],
        "Pragma": [
          "no-cache"
        ],
        "x-ms-request-id": [
          "westus:7ec1dad9-278a-40ec-8cc2-768549b14378"
        ],
        "Strict-Transport-Security": [
          "max-age=31536000; includeSubDomains"
        ],
        "x-ms-ratelimit-remaining-subscription-writes": [
          "1175"
        ],
        "x-ms-correlation-request-id": [
          "a9925914-5cde-4089-8705-48f77cfff8d9"
        ],
        "x-ms-routing-request-id": [
          "WESTUS2:20190108T002200Z:a9925914-5cde-4089-8705-48f77cfff8d9"
        ],
        "X-Content-Type-Options": [
          "nosniff"
        ],
        "Date": [
          "Tue, 08 Jan 2019 00:22:00 GMT"
        ],
        "Content-Length": [
          "746"
        ],
        "Content-Type": [
          "application/json; charset=utf-8"
        ],
        "Expires": [
          "-1"
        ]
      },
      "ResponseBody": "{\r\n  \"properties\": {\r\n    \"schemaType\": \"Xml\",\r\n    \"targetNamespace\": \"http://Inbound_EDI.OrderFile\",\r\n    \"documentName\": \"OrderFile\",\r\n    \"contentLink\": {\r\n      \"uri\": \"https://prod-31.westus.logic.azure.com:443/integrationAccounts/8312e10db3014d669fdbb466d11a4f17/schemas/ps3807/contents/Value?api-version=2015-08-01-preview&se=2019-01-08T04%3A22%3A00.8528737Z&sp=%2Fschemas%2Fps3807%2Fread&sv=1.0&sig=_uy_ACdTwkD9xBeDY8iGsSKL9Xp6cCAC62vdL5d7JaI\",\r\n      \"contentSize\": 7901\r\n    },\r\n    \"createdTime\": \"2019-01-08T00:22:00.8055179Z\",\r\n    \"changedTime\": \"2019-01-08T00:22:00.8061859Z\"\r\n  },\r\n  \"id\": \"/subscriptions/f34b22a3-2202-4fb1-b040-1332bd928c84/resourceGroups/RG-ps2258/providers/Microsoft.Logic/integrationAccounts/IA-ps9660/schemas/ps3807\",\r\n  \"name\": \"ps3807\",\r\n  \"type\": \"Microsoft.Logic/integrationAccounts/schemas\"\r\n}",
      "StatusCode": 201
    },
    {
      "RequestUri": "/subscriptions/f34b22a3-2202-4fb1-b040-1332bd928c84/resourceGroups/RG-ps2258/providers/Microsoft.Logic/integrationAccounts/IA-ps9660/schemas/ps3807?api-version=2018-07-01-preview",
      "EncodedRequestUri": "L3N1YnNjcmlwdGlvbnMvZjM0YjIyYTMtMjIwMi00ZmIxLWIwNDAtMTMzMmJkOTI4Yzg0L3Jlc291cmNlR3JvdXBzL1JHLXBzMjI1OC9wcm92aWRlcnMvTWljcm9zb2Z0LkxvZ2ljL2ludGVncmF0aW9uQWNjb3VudHMvSUEtcHM5NjYwL3NjaGVtYXMvcHMzODA3P2FwaS12ZXJzaW9uPTIwMTgtMDctMDEtcHJldmlldw==",
      "RequestMethod": "PUT",
      "RequestBody": "{\r\n  \"properties\": {\r\n    \"schemaType\": \"Xml\",\r\n    \"targetNamespace\": \"http://Inbound_EDI.OrderFile\",\r\n    \"documentName\": \"OrderFile\",\r\n    \"content\": \"<?xml version=\\\"1.0\\\" encoding=\\\"utf-16\\\"?>\\r\\n<xs:schema xmlns:b=\\\"http://schemas.microsoft.com/BizTalk/2003\\\" xmlns=\\\"http://Inbound_EDI.OrderFile\\\" targetNamespace=\\\"http://Inbound_EDI.OrderFile\\\" xmlns:xs=\\\"http://www.w3.org/2001/XMLSchema\\\">\\r\\n  <xs:annotation>\\r\\n    <xs:appinfo>\\r\\n      <b:schemaInfo default_pad_char=\\\" \\\" count_positions_by_byte=\\\"false\\\" parser_optimization=\\\"speed\\\" lookahead_depth=\\\"3\\\" suppress_empty_nodes=\\\"false\\\" generate_empty_nodes=\\\"true\\\" allow_early_termination=\\\"false\\\" early_terminate_optional_fields=\\\"false\\\" allow_message_breakup_of_infix_root=\\\"false\\\" compile_parse_tables=\\\"false\\\" standard=\\\"Flat File\\\" root_reference=\\\"OrderFile\\\" />\\r\\n      <schemaEditorExtension:schemaInfo namespaceAlias=\\\"b\\\" extensionClass=\\\"Microsoft.BizTalk.FlatFileExtension.FlatFileExtension\\\" standardName=\\\"Flat File\\\" xmlns:schemaEditorExtension=\\\"http://schemas.microsoft.com/BizTalk/2003/SchemaEditorExtensions\\\" />\\r\\n    </xs:appinfo>\\r\\n  </xs:annotation>\\r\\n  <xs:element name=\\\"OrderFile\\\">\\r\\n    <xs:annotation>\\r\\n      <xs:appinfo>\\r\\n        <b:recordInfo structure=\\\"delimited\\\" preserve_delimiter_for_empty_data=\\\"true\\\" suppress_trailing_delimiters=\\\"false\\\" sequence_number=\\\"1\\\" />\\r\\n      </xs:appinfo>\\r\\n    </xs:annotation>\\r\\n    <xs:complexType>\\r\\n      <xs:sequence>\\r\\n        <xs:annotation>\\r\\n          <xs:appinfo>\\r\\n            <b:groupInfo sequence_number=\\\"0\\\" />\\r\\n          </xs:appinfo>\\r\\n        </xs:annotation>\\r\\n        <xs:element name=\\\"Order\\\">\\r\\n          <xs:annotation>\\r\\n            <xs:appinfo>\\r\\n              <b:recordInfo sequence_number=\\\"1\\\" structure=\\\"delimited\\\" preserve_delimiter_for_empty_data=\\\"true\\\" suppress_trailing_delimiters=\\\"false\\\" child_delimiter_type=\\\"hex\\\" child_delimiter=\\\"0x0D 0x0A\\\" child_order=\\\"infix\\\" />\\r\\n            </xs:appinfo>\\r\\n          </xs:annotation>\\r\\n          <xs:complexType>\\r\\n            <xs:sequence>\\r\\n              <xs:annotation>\\r\\n                <xs:appinfo>\\r\\n                  <b:groupInfo sequence_number=\\\"0\\\" />\\r\\n                </xs:appinfo>\\r\\n              </xs:annotation>\\r\\n              <xs:element name=\\\"Header\\\">\\r\\n                <xs:annotation>\\r\\n                  <xs:appinfo>\\r\\n                    <b:recordInfo sequence_number=\\\"1\\\" structure=\\\"delimited\\\" preserve_delimiter_for_empty_data=\\\"true\\\" suppress_trailing_delimiters=\\\"false\\\" child_delimiter_type=\\\"char\\\" child_delimiter=\\\"|\\\" child_order=\\\"infix\\\" tag_name=\\\"HDR|\\\" />\\r\\n                  </xs:appinfo>\\r\\n                </xs:annotation>\\r\\n                <xs:complexType>\\r\\n                  <xs:sequence>\\r\\n                    <xs:annotation>\\r\\n                      <xs:appinfo>\\r\\n                        <b:groupInfo sequence_number=\\\"0\\\" />\\r\\n                      </xs:appinfo>\\r\\n                    </xs:annotation>\\r\\n                    <xs:element name=\\\"PODate\\\" type=\\\"xs:string\\\">\\r\\n                      <xs:annotation>\\r\\n                        <xs:appinfo>\\r\\n                          <b:fieldInfo sequence_number=\\\"1\\\" justification=\\\"left\\\" />\\r\\n                        </xs:appinfo>\\r\\n                      </xs:annotation>\\r\\n                    </xs:element>\\r\\n                    <xs:element name=\\\"PONumber\\\" type=\\\"xs:string\\\">\\r\\n                      <xs:annotation>\\r\\n                        <xs:appinfo>\\r\\n                          <b:fieldInfo justification=\\\"left\\\" sequence_number=\\\"2\\\" />\\r\\n                        </xs:appinfo>\\r\\n                      </xs:annotation>\\r\\n                    </xs:element>\\r\\n                    <xs:element name=\\\"CustomerID\\\" type=\\\"xs:string\\\">\\r\\n                      <xs:annotation>\\r\\n                        <xs:appinfo>\\r\\n                          <b:fieldInfo sequence_number=\\\"3\\\" justification=\\\"left\\\" />\\r\\n                        </xs:appinfo>\\r\\n                      </xs:annotation>\\r\\n                    </xs:element>\\r\\n                    <xs:element name=\\\"CustomerContactName\\\" type=\\\"xs:string\\\">\\r\\n                      <xs:annotation>\\r\\n                        <xs:appinfo>\\r\\n                          <b:fieldInfo sequence_number=\\\"4\\\" justification=\\\"left\\\" />\\r\\n                        </xs:appinfo>\\r\\n                      </xs:annotation>\\r\\n                    </xs:element>\\r\\n                    <xs:element name=\\\"CustomerContactPhone\\\" type=\\\"xs:string\\\">\\r\\n                      <xs:annotation>\\r\\n                        <xs:appinfo>\\r\\n                          <b:fieldInfo sequence_number=\\\"5\\\" justification=\\\"left\\\" />\\r\\n                        </xs:appinfo>\\r\\n                      </xs:annotation>\\r\\n                    </xs:element>\\r\\n                  </xs:sequence>\\r\\n                </xs:complexType>\\r\\n              </xs:element>\\r\\n              <xs:element minOccurs=\\\"1\\\" maxOccurs=\\\"unbounded\\\" name=\\\"LineItems\\\">\\r\\n                <xs:annotation>\\r\\n                  <xs:appinfo>\\r\\n                    <b:recordInfo sequence_number=\\\"2\\\" structure=\\\"delimited\\\" preserve_delimiter_for_empty_data=\\\"true\\\" suppress_trailing_delimiters=\\\"false\\\" child_delimiter_type=\\\"char\\\" child_delimiter=\\\"|\\\" child_order=\\\"infix\\\" tag_name=\\\"DTL|\\\" />\\r\\n                  </xs:appinfo>\\r\\n                </xs:annotation>\\r\\n                <xs:complexType>\\r\\n                  <xs:sequence>\\r\\n                    <xs:annotation>\\r\\n                      <xs:appinfo>\\r\\n                        <b:groupInfo sequence_number=\\\"0\\\" />\\r\\n                      </xs:appinfo>\\r\\n                    </xs:annotation>\\r\\n                    <xs:element name=\\\"PONumber\\\" type=\\\"xs:string\\\">\\r\\n                      <xs:annotation>\\r\\n                        <xs:appinfo>\\r\\n                          <b:fieldInfo sequence_number=\\\"1\\\" justification=\\\"left\\\" />\\r\\n                        </xs:appinfo>\\r\\n                      </xs:annotation>\\r\\n                    </xs:element>\\r\\n                    <xs:element name=\\\"ItemOrdered\\\" type=\\\"xs:string\\\">\\r\\n                      <xs:annotation>\\r\\n                        <xs:appinfo>\\r\\n                          <b:fieldInfo sequence_number=\\\"2\\\" justification=\\\"left\\\" />\\r\\n                        </xs:appinfo>\\r\\n                      </xs:annotation>\\r\\n                    </xs:element>\\r\\n                    <xs:element name=\\\"Quantity\\\" type=\\\"xs:string\\\">\\r\\n                      <xs:annotation>\\r\\n                        <xs:appinfo>\\r\\n                          <b:fieldInfo sequence_number=\\\"3\\\" justification=\\\"left\\\" />\\r\\n                        </xs:appinfo>\\r\\n                      </xs:annotation>\\r\\n                    </xs:element>\\r\\n                    <xs:element name=\\\"UOM\\\" type=\\\"xs:string\\\">\\r\\n                      <xs:annotation>\\r\\n                        <xs:appinfo>\\r\\n                          <b:fieldInfo sequence_number=\\\"4\\\" justification=\\\"left\\\" />\\r\\n                        </xs:appinfo>\\r\\n                      </xs:annotation>\\r\\n                    </xs:element>\\r\\n                    <xs:element name=\\\"Price\\\" type=\\\"xs:string\\\">\\r\\n                      <xs:annotation>\\r\\n                        <xs:appinfo>\\r\\n                          <b:fieldInfo sequence_number=\\\"5\\\" justification=\\\"left\\\" />\\r\\n                        </xs:appinfo>\\r\\n                      </xs:annotation>\\r\\n                    </xs:element>\\r\\n                    <xs:element name=\\\"ExtendedPrice\\\" type=\\\"xs:string\\\">\\r\\n                      <xs:annotation>\\r\\n                        <xs:appinfo>\\r\\n                          <b:fieldInfo sequence_number=\\\"6\\\" justification=\\\"left\\\" />\\r\\n                        </xs:appinfo>\\r\\n                      </xs:annotation>\\r\\n                    </xs:element>\\r\\n                    <xs:element name=\\\"Description\\\" type=\\\"xs:string\\\">\\r\\n                      <xs:annotation>\\r\\n                        <xs:appinfo>\\r\\n                          <b:fieldInfo sequence_number=\\\"7\\\" justification=\\\"left\\\" />\\r\\n                        </xs:appinfo>\\r\\n                      </xs:annotation>\\r\\n                    </xs:element>\\r\\n                  </xs:sequence>\\r\\n                </xs:complexType>\\r\\n              </xs:element>\\r\\n            </xs:sequence>\\r\\n          </xs:complexType>\\r\\n        </xs:element>\\r\\n      </xs:sequence>\\r\\n    </xs:complexType>\\r\\n  </xs:element>\\r\\n</xs:schema>\",\r\n    \"contentType\": \"application/xml\"\r\n  }\r\n}",
      "RequestHeaders": {
        "x-ms-client-request-id": [
          "672a6267-d456-4d1a-9f26-d3c480136b0a"
        ],
        "Accept-Language": [
          "en-US"
        ],
        "User-Agent": [
          "FxVersion/4.6.27019.06",
          "OSName/Windows",
          "OSVersion/Microsoft.Windows.10.0.17763.",
          "Microsoft.Azure.Management.Logic.LogicManagementClient/4.0.0.0"
        ],
        "Content-Type": [
          "application/json; charset=utf-8"
        ],
        "Content-Length": [
          "8629"
        ]
      },
      "ResponseHeaders": {
        "Cache-Control": [
          "no-cache"
        ],
        "Pragma": [
          "no-cache"
        ],
        "Vary": [
          "Accept-Encoding"
        ],
        "x-ms-request-id": [
          "westus:337c7b10-945e-458b-8e28-60c39da2d7c1"
        ],
        "Strict-Transport-Security": [
          "max-age=31536000; includeSubDomains"
        ],
        "x-ms-ratelimit-remaining-subscription-writes": [
          "1174"
        ],
        "x-ms-correlation-request-id": [
          "72c209d5-aa8e-4b41-81d4-79d5f4dda73c"
        ],
        "x-ms-routing-request-id": [
          "WESTUS2:20190108T002201Z:72c209d5-aa8e-4b41-81d4-79d5f4dda73c"
        ],
        "X-Content-Type-Options": [
          "nosniff"
        ],
        "Date": [
          "Tue, 08 Jan 2019 00:22:01 GMT"
        ],
        "Content-Length": [
          "746"
        ],
        "Content-Type": [
          "application/json; charset=utf-8"
        ],
        "Expires": [
          "-1"
        ]
      },
      "ResponseBody": "{\r\n  \"properties\": {\r\n    \"schemaType\": \"Xml\",\r\n    \"targetNamespace\": \"http://Inbound_EDI.OrderFile\",\r\n    \"documentName\": \"OrderFile\",\r\n    \"contentLink\": {\r\n      \"uri\": \"https://prod-31.westus.logic.azure.com:443/integrationAccounts/8312e10db3014d669fdbb466d11a4f17/schemas/ps3807/contents/Value?api-version=2015-08-01-preview&se=2019-01-08T04%3A22%3A01.1653870Z&sp=%2Fschemas%2Fps3807%2Fread&sv=1.0&sig=TF_b1hPhGItaemE4uNa_qF3bf1CDz6k1LCab2jplkDg\",\r\n      \"contentSize\": 7901\r\n    },\r\n    \"createdTime\": \"2019-01-08T00:22:00.8055179Z\",\r\n    \"changedTime\": \"2019-01-08T00:22:01.1424303Z\"\r\n  },\r\n  \"id\": \"/subscriptions/f34b22a3-2202-4fb1-b040-1332bd928c84/resourceGroups/RG-ps2258/providers/Microsoft.Logic/integrationAccounts/IA-ps9660/schemas/ps3807\",\r\n  \"name\": \"ps3807\",\r\n  \"type\": \"Microsoft.Logic/integrationAccounts/schemas\"\r\n}",
      "StatusCode": 200
    },
    {
      "RequestUri": "/subscriptions/f34b22a3-2202-4fb1-b040-1332bd928c84/resourceGroups/RG-ps2258/providers/Microsoft.Logic/integrationAccounts/IA-ps9660/schemas/ps3807?api-version=2018-07-01-preview",
      "EncodedRequestUri": "L3N1YnNjcmlwdGlvbnMvZjM0YjIyYTMtMjIwMi00ZmIxLWIwNDAtMTMzMmJkOTI4Yzg0L3Jlc291cmNlR3JvdXBzL1JHLXBzMjI1OC9wcm92aWRlcnMvTWljcm9zb2Z0LkxvZ2ljL2ludGVncmF0aW9uQWNjb3VudHMvSUEtcHM5NjYwL3NjaGVtYXMvcHMzODA3P2FwaS12ZXJzaW9uPTIwMTgtMDctMDEtcHJldmlldw==",
      "RequestMethod": "PUT",
      "RequestBody": "{\r\n  \"properties\": {\r\n    \"schemaType\": \"Xml\",\r\n    \"targetNamespace\": \"http://Inbound_EDI.OrderFile\",\r\n    \"documentName\": \"OrderFile\",\r\n    \"content\": \"<?xml version=\\\"1.0\\\" encoding=\\\"utf-16\\\"?>\\r\\n<xs:schema xmlns:b=\\\"http://schemas.microsoft.com/BizTalk/2003\\\" xmlns=\\\"http://Inbound_EDI.OrderFile\\\" targetNamespace=\\\"http://Inbound_EDI.OrderFile\\\" xmlns:xs=\\\"http://www.w3.org/2001/XMLSchema\\\">\\r\\n  <xs:annotation>\\r\\n    <xs:appinfo>\\r\\n      <b:schemaInfo default_pad_char=\\\" \\\" count_positions_by_byte=\\\"false\\\" parser_optimization=\\\"speed\\\" lookahead_depth=\\\"3\\\" suppress_empty_nodes=\\\"false\\\" generate_empty_nodes=\\\"true\\\" allow_early_termination=\\\"false\\\" early_terminate_optional_fields=\\\"false\\\" allow_message_breakup_of_infix_root=\\\"false\\\" compile_parse_tables=\\\"false\\\" standard=\\\"Flat File\\\" root_reference=\\\"OrderFile\\\" />\\r\\n      <schemaEditorExtension:schemaInfo namespaceAlias=\\\"b\\\" extensionClass=\\\"Microsoft.BizTalk.FlatFileExtension.FlatFileExtension\\\" standardName=\\\"Flat File\\\" xmlns:schemaEditorExtension=\\\"http://schemas.microsoft.com/BizTalk/2003/SchemaEditorExtensions\\\" />\\r\\n    </xs:appinfo>\\r\\n  </xs:annotation>\\r\\n  <xs:element name=\\\"OrderFile\\\">\\r\\n    <xs:annotation>\\r\\n      <xs:appinfo>\\r\\n        <b:recordInfo structure=\\\"delimited\\\" preserve_delimiter_for_empty_data=\\\"true\\\" suppress_trailing_delimiters=\\\"false\\\" sequence_number=\\\"1\\\" />\\r\\n      </xs:appinfo>\\r\\n    </xs:annotation>\\r\\n    <xs:complexType>\\r\\n      <xs:sequence>\\r\\n        <xs:annotation>\\r\\n          <xs:appinfo>\\r\\n            <b:groupInfo sequence_number=\\\"0\\\" />\\r\\n          </xs:appinfo>\\r\\n        </xs:annotation>\\r\\n        <xs:element name=\\\"Order\\\">\\r\\n          <xs:annotation>\\r\\n            <xs:appinfo>\\r\\n              <b:recordInfo sequence_number=\\\"1\\\" structure=\\\"delimited\\\" preserve_delimiter_for_empty_data=\\\"true\\\" suppress_trailing_delimiters=\\\"false\\\" child_delimiter_type=\\\"hex\\\" child_delimiter=\\\"0x0D 0x0A\\\" child_order=\\\"infix\\\" />\\r\\n            </xs:appinfo>\\r\\n          </xs:annotation>\\r\\n          <xs:complexType>\\r\\n            <xs:sequence>\\r\\n              <xs:annotation>\\r\\n                <xs:appinfo>\\r\\n                  <b:groupInfo sequence_number=\\\"0\\\" />\\r\\n                </xs:appinfo>\\r\\n              </xs:annotation>\\r\\n              <xs:element name=\\\"Header\\\">\\r\\n                <xs:annotation>\\r\\n                  <xs:appinfo>\\r\\n                    <b:recordInfo sequence_number=\\\"1\\\" structure=\\\"delimited\\\" preserve_delimiter_for_empty_data=\\\"true\\\" suppress_trailing_delimiters=\\\"false\\\" child_delimiter_type=\\\"char\\\" child_delimiter=\\\"|\\\" child_order=\\\"infix\\\" tag_name=\\\"HDR|\\\" />\\r\\n                  </xs:appinfo>\\r\\n                </xs:annotation>\\r\\n                <xs:complexType>\\r\\n                  <xs:sequence>\\r\\n                    <xs:annotation>\\r\\n                      <xs:appinfo>\\r\\n                        <b:groupInfo sequence_number=\\\"0\\\" />\\r\\n                      </xs:appinfo>\\r\\n                    </xs:annotation>\\r\\n                    <xs:element name=\\\"PODate\\\" type=\\\"xs:string\\\">\\r\\n                      <xs:annotation>\\r\\n                        <xs:appinfo>\\r\\n                          <b:fieldInfo sequence_number=\\\"1\\\" justification=\\\"left\\\" />\\r\\n                        </xs:appinfo>\\r\\n                      </xs:annotation>\\r\\n                    </xs:element>\\r\\n                    <xs:element name=\\\"PONumber\\\" type=\\\"xs:string\\\">\\r\\n                      <xs:annotation>\\r\\n                        <xs:appinfo>\\r\\n                          <b:fieldInfo justification=\\\"left\\\" sequence_number=\\\"2\\\" />\\r\\n                        </xs:appinfo>\\r\\n                      </xs:annotation>\\r\\n                    </xs:element>\\r\\n                    <xs:element name=\\\"CustomerID\\\" type=\\\"xs:string\\\">\\r\\n                      <xs:annotation>\\r\\n                        <xs:appinfo>\\r\\n                          <b:fieldInfo sequence_number=\\\"3\\\" justification=\\\"left\\\" />\\r\\n                        </xs:appinfo>\\r\\n                      </xs:annotation>\\r\\n                    </xs:element>\\r\\n                    <xs:element name=\\\"CustomerContactName\\\" type=\\\"xs:string\\\">\\r\\n                      <xs:annotation>\\r\\n                        <xs:appinfo>\\r\\n                          <b:fieldInfo sequence_number=\\\"4\\\" justification=\\\"left\\\" />\\r\\n                        </xs:appinfo>\\r\\n                      </xs:annotation>\\r\\n                    </xs:element>\\r\\n                    <xs:element name=\\\"CustomerContactPhone\\\" type=\\\"xs:string\\\">\\r\\n                      <xs:annotation>\\r\\n                        <xs:appinfo>\\r\\n                          <b:fieldInfo sequence_number=\\\"5\\\" justification=\\\"left\\\" />\\r\\n                        </xs:appinfo>\\r\\n                      </xs:annotation>\\r\\n                    </xs:element>\\r\\n                  </xs:sequence>\\r\\n                </xs:complexType>\\r\\n              </xs:element>\\r\\n              <xs:element minOccurs=\\\"1\\\" maxOccurs=\\\"unbounded\\\" name=\\\"LineItems\\\">\\r\\n                <xs:annotation>\\r\\n                  <xs:appinfo>\\r\\n                    <b:recordInfo sequence_number=\\\"2\\\" structure=\\\"delimited\\\" preserve_delimiter_for_empty_data=\\\"true\\\" suppress_trailing_delimiters=\\\"false\\\" child_delimiter_type=\\\"char\\\" child_delimiter=\\\"|\\\" child_order=\\\"infix\\\" tag_name=\\\"DTL|\\\" />\\r\\n                  </xs:appinfo>\\r\\n                </xs:annotation>\\r\\n                <xs:complexType>\\r\\n                  <xs:sequence>\\r\\n                    <xs:annotation>\\r\\n                      <xs:appinfo>\\r\\n                        <b:groupInfo sequence_number=\\\"0\\\" />\\r\\n                      </xs:appinfo>\\r\\n                    </xs:annotation>\\r\\n                    <xs:element name=\\\"PONumber\\\" type=\\\"xs:string\\\">\\r\\n                      <xs:annotation>\\r\\n                        <xs:appinfo>\\r\\n                          <b:fieldInfo sequence_number=\\\"1\\\" justification=\\\"left\\\" />\\r\\n                        </xs:appinfo>\\r\\n                      </xs:annotation>\\r\\n                    </xs:element>\\r\\n                    <xs:element name=\\\"ItemOrdered\\\" type=\\\"xs:string\\\">\\r\\n                      <xs:annotation>\\r\\n                        <xs:appinfo>\\r\\n                          <b:fieldInfo sequence_number=\\\"2\\\" justification=\\\"left\\\" />\\r\\n                        </xs:appinfo>\\r\\n                      </xs:annotation>\\r\\n                    </xs:element>\\r\\n                    <xs:element name=\\\"Quantity\\\" type=\\\"xs:string\\\">\\r\\n                      <xs:annotation>\\r\\n                        <xs:appinfo>\\r\\n                          <b:fieldInfo sequence_number=\\\"3\\\" justification=\\\"left\\\" />\\r\\n                        </xs:appinfo>\\r\\n                      </xs:annotation>\\r\\n                    </xs:element>\\r\\n                    <xs:element name=\\\"UOM\\\" type=\\\"xs:string\\\">\\r\\n                      <xs:annotation>\\r\\n                        <xs:appinfo>\\r\\n                          <b:fieldInfo sequence_number=\\\"4\\\" justification=\\\"left\\\" />\\r\\n                        </xs:appinfo>\\r\\n                      </xs:annotation>\\r\\n                    </xs:element>\\r\\n                    <xs:element name=\\\"Price\\\" type=\\\"xs:string\\\">\\r\\n                      <xs:annotation>\\r\\n                        <xs:appinfo>\\r\\n                          <b:fieldInfo sequence_number=\\\"5\\\" justification=\\\"left\\\" />\\r\\n                        </xs:appinfo>\\r\\n                      </xs:annotation>\\r\\n                    </xs:element>\\r\\n                    <xs:element name=\\\"ExtendedPrice\\\" type=\\\"xs:string\\\">\\r\\n                      <xs:annotation>\\r\\n                        <xs:appinfo>\\r\\n                          <b:fieldInfo sequence_number=\\\"6\\\" justification=\\\"left\\\" />\\r\\n                        </xs:appinfo>\\r\\n                      </xs:annotation>\\r\\n                    </xs:element>\\r\\n                    <xs:element name=\\\"Description\\\" type=\\\"xs:string\\\">\\r\\n                      <xs:annotation>\\r\\n                        <xs:appinfo>\\r\\n                          <b:fieldInfo sequence_number=\\\"7\\\" justification=\\\"left\\\" />\\r\\n                        </xs:appinfo>\\r\\n                      </xs:annotation>\\r\\n                    </xs:element>\\r\\n                  </xs:sequence>\\r\\n                </xs:complexType>\\r\\n              </xs:element>\\r\\n            </xs:sequence>\\r\\n          </xs:complexType>\\r\\n        </xs:element>\\r\\n      </xs:sequence>\\r\\n    </xs:complexType>\\r\\n  </xs:element>\\r\\n</xs:schema>\",\r\n    \"contentType\": \"application/xml\"\r\n  }\r\n}",
      "RequestHeaders": {
        "x-ms-client-request-id": [
          "2cc4e114-f45d-483d-820b-24b0c54fd549"
        ],
        "Accept-Language": [
          "en-US"
        ],
        "User-Agent": [
          "FxVersion/4.6.27019.06",
          "OSName/Windows",
          "OSVersion/Microsoft.Windows.10.0.17763.",
          "Microsoft.Azure.Management.Logic.LogicManagementClient/4.0.0.0"
        ],
        "Content-Type": [
          "application/json; charset=utf-8"
        ],
        "Content-Length": [
          "8629"
        ]
      },
      "ResponseHeaders": {
        "Cache-Control": [
          "no-cache"
        ],
        "Pragma": [
          "no-cache"
        ],
        "Vary": [
          "Accept-Encoding"
        ],
        "x-ms-request-id": [
          "westus:b64affb6-2775-48d5-8bd6-7f265f02e081"
        ],
        "Strict-Transport-Security": [
          "max-age=31536000; includeSubDomains"
        ],
        "x-ms-ratelimit-remaining-subscription-writes": [
          "1173"
        ],
        "x-ms-correlation-request-id": [
          "d2c60c25-b37d-49bf-93f3-491c47b13f41"
        ],
        "x-ms-routing-request-id": [
          "WESTUS2:20190108T002201Z:d2c60c25-b37d-49bf-93f3-491c47b13f41"
        ],
        "X-Content-Type-Options": [
          "nosniff"
        ],
        "Date": [
          "Tue, 08 Jan 2019 00:22:01 GMT"
        ],
        "Content-Length": [
          "746"
        ],
        "Content-Type": [
          "application/json; charset=utf-8"
        ],
        "Expires": [
          "-1"
        ]
      },
      "ResponseBody": "{\r\n  \"properties\": {\r\n    \"schemaType\": \"Xml\",\r\n    \"targetNamespace\": \"http://Inbound_EDI.OrderFile\",\r\n    \"documentName\": \"OrderFile\",\r\n    \"contentLink\": {\r\n      \"uri\": \"https://prod-31.westus.logic.azure.com:443/integrationAccounts/8312e10db3014d669fdbb466d11a4f17/schemas/ps3807/contents/Value?api-version=2015-08-01-preview&se=2019-01-08T04%3A22%3A01.4153914Z&sp=%2Fschemas%2Fps3807%2Fread&sv=1.0&sig=kTsvx8KmgoLDoguWOO63WATxbWoGyt3svN47AMhlJfw\",\r\n      \"contentSize\": 7901\r\n    },\r\n    \"createdTime\": \"2019-01-08T00:22:00.8055179Z\",\r\n    \"changedTime\": \"2019-01-08T00:22:01.3848881Z\"\r\n  },\r\n  \"id\": \"/subscriptions/f34b22a3-2202-4fb1-b040-1332bd928c84/resourceGroups/RG-ps2258/providers/Microsoft.Logic/integrationAccounts/IA-ps9660/schemas/ps3807\",\r\n  \"name\": \"ps3807\",\r\n  \"type\": \"Microsoft.Logic/integrationAccounts/schemas\"\r\n}",
      "StatusCode": 200
    },
    {
      "RequestUri": "/subscriptions/f34b22a3-2202-4fb1-b040-1332bd928c84/resourceGroups/RG-ps2258/providers/Microsoft.Logic/integrationAccounts/IA-ps9660?api-version=2018-07-01-preview",
      "EncodedRequestUri": "L3N1YnNjcmlwdGlvbnMvZjM0YjIyYTMtMjIwMi00ZmIxLWIwNDAtMTMzMmJkOTI4Yzg0L3Jlc291cmNlR3JvdXBzL1JHLXBzMjI1OC9wcm92aWRlcnMvTWljcm9zb2Z0LkxvZ2ljL2ludGVncmF0aW9uQWNjb3VudHMvSUEtcHM5NjYwP2FwaS12ZXJzaW9uPTIwMTgtMDctMDEtcHJldmlldw==",
      "RequestMethod": "DELETE",
      "RequestBody": "",
      "RequestHeaders": {
        "x-ms-client-request-id": [
          "a1959aa1-4b1c-4cba-be79-31b03e9fed76"
        ],
        "Accept-Language": [
          "en-US"
        ],
        "User-Agent": [
          "FxVersion/4.6.27019.06",
          "OSName/Windows",
          "OSVersion/Microsoft.Windows.10.0.17763.",
          "Microsoft.Azure.Management.Logic.LogicManagementClient/4.0.0.0"
        ]
      },
      "ResponseHeaders": {
        "Cache-Control": [
          "no-cache"
        ],
        "Pragma": [
          "no-cache"
        ],
        "x-ms-request-id": [
          "westus:1346bcbf-774b-4f50-b87b-20fce5862bf0"
        ],
        "Strict-Transport-Security": [
          "max-age=31536000; includeSubDomains"
        ],
        "x-ms-ratelimit-remaining-subscription-deletes": [
          "14999"
        ],
        "x-ms-correlation-request-id": [
          "3b7ebe65-5cf7-4626-abd8-da1681e2ea58"
        ],
        "x-ms-routing-request-id": [
          "WESTUS2:20190108T002201Z:3b7ebe65-5cf7-4626-abd8-da1681e2ea58"
        ],
        "X-Content-Type-Options": [
          "nosniff"
        ],
        "Date": [
          "Tue, 08 Jan 2019 00:22:01 GMT"
        ],
        "Expires": [
          "-1"
        ],
        "Content-Length": [
          "0"
        ]
      },
      "ResponseBody": "",
      "StatusCode": 200
    }
  ],
  "Names": {
    "Test-UpdateIntegrationAccountSchema": [
      "ps2258",
      "ps9660",
      "ps3807"
    ]
  },
  "Variables": {
    "SubscriptionId": "f34b22a3-2202-4fb1-b040-1332bd928c84"
  }
}