{
  "Entries": [
    {
      "RequestUri": "/subscriptions/f34b22a3-2202-4fb1-b040-1332bd928c84/providers/Microsoft.Resources?api-version=2016-09-01",
      "EncodedRequestUri": "L3N1YnNjcmlwdGlvbnMvZjM0YjIyYTMtMjIwMi00ZmIxLWIwNDAtMTMzMmJkOTI4Yzg0L3Byb3ZpZGVycy9NaWNyb3NvZnQuUmVzb3VyY2VzP2FwaS12ZXJzaW9uPTIwMTYtMDktMDE=",
      "RequestMethod": "GET",
      "RequestBody": "",
      "RequestHeaders": {
        "x-ms-client-request-id": [
          "f68e4e67-8c3f-4da5-80af-fa997a61badd"
        ],
        "Accept-Language": [
          "en-US"
        ],
        "User-Agent": [
          "FxVersion/4.6.27019.06",
          "OSName/Windows",
          "OSVersion/Microsoft.Windows.10.0.17763.",
          "Microsoft.Azure.Management.Internal.Resources.ResourceManagementClient/1.1.11"
        ]
      },
      "ResponseHeaders": {
        "Cache-Control": [
          "no-cache"
        ],
        "Pragma": [
          "no-cache"
        ],
        "x-ms-ratelimit-remaining-subscription-reads": [
          "11997"
        ],
        "x-ms-request-id": [
          "e9484ade-c499-4b2c-8ef0-71274f0b11a2"
        ],
        "x-ms-correlation-request-id": [
          "e9484ade-c499-4b2c-8ef0-71274f0b11a2"
        ],
        "x-ms-routing-request-id": [
          "WESTUS2:20190105T011432Z:e9484ade-c499-4b2c-8ef0-71274f0b11a2"
        ],
        "Strict-Transport-Security": [
          "max-age=31536000; includeSubDomains"
        ],
        "X-Content-Type-Options": [
          "nosniff"
        ],
        "Date": [
          "Sat, 05 Jan 2019 01:14:31 GMT"
        ],
        "Content-Type": [
          "application/json; charset=utf-8"
        ],
        "Expires": [
          "-1"
        ],
        "Content-Length": [
          "7355"
        ]
      },
      "ResponseBody": "{\r\n  \"id\": \"/subscriptions/f34b22a3-2202-4fb1-b040-1332bd928c84/providers/Microsoft.Resources\",\r\n  \"namespace\": \"Microsoft.Resources\",\r\n  \"resourceTypes\": [\r\n    {\r\n      \"resourceType\": \"tenants\",\r\n      \"locations\": [],\r\n      \"apiVersions\": [\r\n        \"2018-11-01\",\r\n        \"2018-09-01\",\r\n        \"2018-08-01\",\r\n        \"2018-07-01\",\r\n        \"2018-05-01\",\r\n        \"2018-02-01\",\r\n        \"2018-01-01\",\r\n        \"2017-08-01\",\r\n        \"2017-06-01\",\r\n        \"2017-05-10\",\r\n        \"2017-05-01\",\r\n        \"2017-03-01\",\r\n        \"2016-09-01\",\r\n        \"2016-07-01\",\r\n        \"2016-06-01\",\r\n        \"2016-02-01\",\r\n        \"2015-11-01\",\r\n        \"2015-01-01\",\r\n        \"2014-04-01-preview\"\r\n      ]\r\n    },\r\n    {\r\n      \"resourceType\": \"locations\",\r\n      \"locations\": [],\r\n      \"apiVersions\": [\r\n        \"2018-11-01\",\r\n        \"2018-09-01\",\r\n        \"2018-08-01\",\r\n        \"2018-07-01\",\r\n        \"2018-05-01\",\r\n        \"2018-02-01\",\r\n        \"2018-01-01\",\r\n        \"2017-08-01\",\r\n        \"2017-06-01\",\r\n        \"2017-05-10\",\r\n        \"2017-05-01\",\r\n        \"2017-03-01\",\r\n        \"2016-09-01\",\r\n        \"2016-07-01\",\r\n        \"2016-06-01\",\r\n        \"2016-02-01\",\r\n        \"2015-11-01\",\r\n        \"2015-01-01\",\r\n        \"2014-04-01-preview\"\r\n      ]\r\n    },\r\n    {\r\n      \"resourceType\": \"notifyResourceJobs\",\r\n      \"locations\": [],\r\n      \"apiVersions\": [\r\n        \"2018-02-01\"\r\n      ]\r\n    },\r\n    {\r\n      \"resourceType\": \"checkPolicyCompliance\",\r\n      \"locations\": [],\r\n      \"apiVersions\": [\r\n        \"2018-11-01\",\r\n        \"2018-09-01\",\r\n        \"2018-08-01\",\r\n        \"2018-07-01\",\r\n        \"2018-05-01\",\r\n        \"2018-02-01\",\r\n        \"2018-01-01\",\r\n        \"2017-08-01\",\r\n        \"2017-06-01\",\r\n        \"2017-05-10\",\r\n        \"2017-05-01\",\r\n        \"2017-03-01\",\r\n        \"2016-09-01\",\r\n        \"2016-07-01\",\r\n        \"2016-06-01\",\r\n        \"2016-02-01\",\r\n        \"2015-11-01\",\r\n        \"2015-01-01\",\r\n        \"2014-04-01-preview\"\r\n      ]\r\n    },\r\n    {\r\n      \"resourceType\": \"providers\",\r\n      \"locations\": [],\r\n      \"apiVersions\": [\r\n        \"2018-11-01\",\r\n        \"2018-09-01\",\r\n        \"2018-08-01\",\r\n        \"2018-07-01\",\r\n        \"2018-05-01\",\r\n        \"2018-02-01\",\r\n        \"2018-01-01\",\r\n        \"2017-08-01\",\r\n        \"2017-06-01\",\r\n        \"2017-05-10\",\r\n        \"2017-05-01\",\r\n        \"2017-03-01\",\r\n        \"2016-09-01\",\r\n        \"2016-07-01\",\r\n        \"2016-06-01\",\r\n        \"2016-02-01\",\r\n        \"2015-11-01\",\r\n        \"2015-01-01\",\r\n        \"2014-04-01-preview\"\r\n      ]\r\n    },\r\n    {\r\n      \"resourceType\": \"checkresourcename\",\r\n      \"locations\": [],\r\n      \"apiVersions\": [\r\n        \"2018-11-01\",\r\n        \"2018-09-01\",\r\n        \"2018-08-01\",\r\n        \"2018-07-01\",\r\n        \"2018-05-01\",\r\n        \"2018-02-01\",\r\n        \"2018-01-01\",\r\n        \"2017-08-01\",\r\n        \"2017-06-01\",\r\n        \"2017-05-10\",\r\n        \"2017-05-01\",\r\n        \"2017-03-01\",\r\n        \"2016-09-01\",\r\n        \"2016-07-01\",\r\n        \"2016-06-01\",\r\n        \"2016-02-01\",\r\n        \"2015-11-01\",\r\n        \"2015-01-01\",\r\n        \"2014-04-01-preview\"\r\n      ]\r\n    },\r\n    {\r\n      \"resourceType\": \"resources\",\r\n      \"locations\": [],\r\n      \"apiVersions\": [\r\n        \"2018-11-01\",\r\n        \"2018-09-01\",\r\n        \"2018-08-01\",\r\n        \"2018-07-01\",\r\n        \"2018-05-01\",\r\n        \"2018-02-01\",\r\n        \"2018-01-01\",\r\n        \"2017-08-01\",\r\n        \"2017-06-01\",\r\n        \"2017-05-10\",\r\n        \"2017-05-01\",\r\n        \"2017-03-01\",\r\n        \"2016-09-01\",\r\n        \"2016-07-01\",\r\n        \"2016-06-01\",\r\n        \"2016-02-01\",\r\n        \"2015-11-01\",\r\n        \"2015-01-01\",\r\n        \"2014-04-01-preview\"\r\n      ]\r\n    },\r\n    {\r\n      \"resourceType\": \"subscriptions\",\r\n      \"locations\": [],\r\n      \"apiVersions\": [\r\n        \"2018-11-01\",\r\n        \"2018-09-01\",\r\n        \"2018-08-01\",\r\n        \"2018-07-01\",\r\n        \"2018-05-01\",\r\n        \"2018-02-01\",\r\n        \"2018-01-01\",\r\n        \"2017-08-01\",\r\n        \"2017-06-01\",\r\n        \"2017-05-10\",\r\n        \"2017-05-01\",\r\n        \"2017-03-01\",\r\n        \"2016-09-01\",\r\n        \"2016-07-01\",\r\n        \"2016-06-01\",\r\n        \"2016-02-01\",\r\n        \"2015-11-01\",\r\n        \"2015-01-01\",\r\n        \"2014-04-01-preview\"\r\n      ]\r\n    },\r\n    {\r\n      \"resourceType\": \"subscriptions/resources\",\r\n      \"locations\": [],\r\n      \"apiVersions\": [\r\n        \"2018-11-01\",\r\n        \"2018-09-01\",\r\n        \"2018-08-01\",\r\n        \"2018-07-01\",\r\n        \"2018-05-01\",\r\n        \"2018-02-01\",\r\n        \"2018-01-01\",\r\n        \"2017-08-01\",\r\n        \"2017-06-01\",\r\n        \"2017-05-10\",\r\n        \"2017-05-01\",\r\n        \"2017-03-01\",\r\n        \"2016-09-01\",\r\n        \"2016-07-01\",\r\n        \"2016-06-01\",\r\n        \"2016-02-01\",\r\n        \"2015-11-01\",\r\n        \"2015-01-01\",\r\n        \"2014-04-01-preview\"\r\n      ]\r\n    },\r\n    {\r\n      \"resourceType\": \"subscriptions/providers\",\r\n      \"locations\": [],\r\n      \"apiVersions\": [\r\n        \"2018-11-01\",\r\n        \"2018-09-01\",\r\n        \"2018-08-01\",\r\n        \"2018-07-01\",\r\n        \"2018-05-01\",\r\n        \"2018-02-01\",\r\n        \"2018-01-01\",\r\n        \"2017-08-01\",\r\n        \"2017-06-01\",\r\n        \"2017-05-10\",\r\n        \"2017-05-01\",\r\n        \"2017-03-01\",\r\n        \"2016-09-01\",\r\n        \"2016-07-01\",\r\n        \"2016-06-01\",\r\n        \"2016-02-01\",\r\n        \"2015-11-01\",\r\n        \"2015-01-01\",\r\n        \"2014-04-01-preview\"\r\n      ]\r\n    },\r\n    {\r\n      \"resourceType\": \"subscriptions/operationresults\",\r\n      \"locations\": [],\r\n      \"apiVersions\": [\r\n        \"2018-11-01\",\r\n        \"2018-09-01\",\r\n        \"2018-08-01\",\r\n        \"2018-07-01\",\r\n        \"2018-05-01\",\r\n        \"2018-02-01\",\r\n        \"2018-01-01\",\r\n        \"2017-08-01\",\r\n        \"2017-06-01\",\r\n        \"2017-05-10\",\r\n        \"2017-05-01\",\r\n        \"2017-03-01\",\r\n        \"2016-09-01\",\r\n        \"2016-07-01\",\r\n        \"2016-06-01\",\r\n        \"2016-02-01\",\r\n        \"2015-11-01\",\r\n        \"2015-01-01\",\r\n        \"2014-04-01-preview\"\r\n      ]\r\n    },\r\n    {\r\n      \"resourceType\": \"resourceGroups\",\r\n      \"locations\": [\r\n        \"Central US\",\r\n        \"East Asia\",\r\n        \"Southeast Asia\",\r\n        \"East US\",\r\n        \"East US 2\",\r\n        \"West US\",\r\n        \"West US 2\",\r\n        \"North Central US\",\r\n        \"South Central US\",\r\n        \"West Central US\",\r\n        \"North Europe\",\r\n        \"West Europe\",\r\n        \"Japan East\",\r\n        \"Japan West\",\r\n        \"Brazil South\",\r\n        \"Australia Southeast\",\r\n        \"Australia East\",\r\n        \"West India\",\r\n        \"South India\",\r\n        \"Central India\",\r\n        \"Canada Central\",\r\n        \"Canada East\",\r\n        \"UK South\",\r\n        \"UK West\",\r\n        \"Korea Central\",\r\n        \"Korea South\",\r\n        \"France Central\",\r\n        \"East US 2 EUAP\",\r\n        \"Central US EUAP\"\r\n      ],\r\n      \"apiVersions\": [\r\n        \"2018-11-01\",\r\n        \"2018-09-01\",\r\n        \"2018-08-01\",\r\n        \"2018-07-01\",\r\n        \"2018-05-01\",\r\n        \"2018-02-01\",\r\n        \"2018-01-01\",\r\n        \"2017-08-01\",\r\n        \"2017-06-01\",\r\n        \"2017-05-10\",\r\n        \"2017-05-01\",\r\n        \"2017-03-01\",\r\n        \"2016-09-01\",\r\n        \"2016-07-01\",\r\n        \"2016-06-01\",\r\n        \"2016-02-01\",\r\n        \"2015-11-01\",\r\n        \"2015-01-01\",\r\n        \"2014-04-01-preview\"\r\n      ]\r\n    },\r\n    {\r\n      \"resourceType\": \"subscriptions/resourceGroups\",\r\n      \"locations\": [\r\n        \"Central US\",\r\n        \"East Asia\",\r\n        \"Southeast Asia\",\r\n        \"East US\",\r\n        \"East US 2\",\r\n        \"West US\",\r\n        \"West US 2\",\r\n        \"North Central US\",\r\n        \"South Central US\",\r\n        \"West Central US\",\r\n        \"North Europe\",\r\n        \"West Europe\",\r\n        \"Japan East\",\r\n        \"Japan West\",\r\n        \"Brazil South\",\r\n        \"Australia Southeast\",\r\n        \"Australia East\",\r\n        \"West India\",\r\n        \"South India\",\r\n        \"Central India\",\r\n        \"Canada Central\",\r\n        \"Canada East\",\r\n        \"UK South\",\r\n        \"UK West\",\r\n        \"Korea Central\",\r\n        \"Korea South\",\r\n        \"France Central\",\r\n        \"East US 2 EUAP\",\r\n        \"Central US EUAP\"\r\n      ],\r\n      \"apiVersions\": [\r\n        \"2018-11-01\",\r\n        \"2018-09-01\",\r\n        \"2018-08-01\",\r\n        \"2018-07-01\",\r\n        \"2018-05-01\",\r\n        \"2018-02-01\",\r\n        \"2018-01-01\",\r\n        \"2017-08-01\",\r\n        \"2017-06-01\",\r\n        \"2017-05-10\",\r\n        \"2017-05-01\",\r\n        \"2017-03-01\",\r\n        \"2016-09-01\",\r\n        \"2016-07-01\",\r\n        \"2016-06-01\",\r\n        \"2016-02-01\",\r\n        \"2015-11-01\",\r\n        \"2015-01-01\",\r\n        \"2014-04-01-preview\"\r\n      ]\r\n    },\r\n    {\r\n      \"resourceType\": \"subscriptions/resourcegroups/resources\",\r\n      \"locations\": [],\r\n      \"apiVersions\": [\r\n        \"2018-11-01\",\r\n        \"2018-09-01\",\r\n        \"2018-08-01\",\r\n        \"2018-07-01\",\r\n        \"2018-05-01\",\r\n        \"2018-02-01\",\r\n        \"2018-01-01\",\r\n        \"2017-08-01\",\r\n        \"2017-06-01\",\r\n        \"2017-05-10\",\r\n        \"2017-05-01\",\r\n        \"2017-03-01\",\r\n        \"2016-09-01\",\r\n        \"2016-07-01\",\r\n        \"2016-06-01\",\r\n        \"2016-02-01\",\r\n        \"2015-11-01\",\r\n        \"2015-01-01\",\r\n        \"2014-04-01-preview\"\r\n      ]\r\n    },\r\n    {\r\n      \"resourceType\": \"subscriptions/locations\",\r\n      \"locations\": [],\r\n      \"apiVersions\": [\r\n        \"2018-11-01\",\r\n        \"2018-09-01\",\r\n        \"2018-08-01\",\r\n        \"2018-07-01\",\r\n        \"2018-05-01\",\r\n        \"2018-02-01\",\r\n        \"2018-01-01\",\r\n        \"2017-08-01\",\r\n        \"2017-06-01\",\r\n        \"2017-05-10\",\r\n        \"2017-05-01\",\r\n        \"2017-03-01\",\r\n        \"2016-09-01\",\r\n        \"2016-07-01\",\r\n        \"2016-06-01\",\r\n        \"2016-02-01\",\r\n        \"2015-11-01\",\r\n        \"2015-01-01\",\r\n        \"2014-04-01-preview\"\r\n      ]\r\n    },\r\n    {\r\n      \"resourceType\": \"subscriptions/tagnames\",\r\n      \"locations\": [],\r\n      \"apiVersions\": [\r\n        \"2018-11-01\",\r\n        \"2018-09-01\",\r\n        \"2018-08-01\",\r\n        \"2018-07-01\",\r\n        \"2018-05-01\",\r\n        \"2018-02-01\",\r\n        \"2018-01-01\",\r\n        \"2017-08-01\",\r\n        \"2017-06-01\",\r\n        \"2017-05-10\",\r\n        \"2017-05-01\",\r\n        \"2017-03-01\",\r\n        \"2016-09-01\",\r\n        \"2016-07-01\",\r\n        \"2016-06-01\",\r\n        \"2016-02-01\",\r\n        \"2015-11-01\",\r\n        \"2015-01-01\",\r\n        \"2014-04-01-preview\"\r\n      ]\r\n    },\r\n    {\r\n      \"resourceType\": \"subscriptions/tagNames/tagValues\",\r\n      \"locations\": [],\r\n      \"apiVersions\": [\r\n        \"2018-11-01\",\r\n        \"2018-09-01\",\r\n        \"2018-08-01\",\r\n        \"2018-07-01\",\r\n        \"2018-05-01\",\r\n        \"2018-02-01\",\r\n        \"2018-01-01\",\r\n        \"2017-08-01\",\r\n        \"2017-06-01\",\r\n        \"2017-05-10\",\r\n        \"2017-05-01\",\r\n        \"2017-03-01\",\r\n        \"2016-09-01\",\r\n        \"2016-07-01\",\r\n        \"2016-06-01\",\r\n        \"2016-02-01\",\r\n        \"2015-11-01\",\r\n        \"2015-01-01\",\r\n        \"2014-04-01-preview\"\r\n      ]\r\n    },\r\n    {\r\n      \"resourceType\": \"deployments\",\r\n      \"locations\": [],\r\n      \"apiVersions\": [\r\n        \"2018-11-01\",\r\n        \"2018-09-01\",\r\n        \"2018-08-01\",\r\n        \"2018-07-01\",\r\n        \"2018-05-01\",\r\n        \"2018-02-01\",\r\n        \"2018-01-01\",\r\n        \"2017-08-01\",\r\n        \"2017-06-01\",\r\n        \"2017-05-10\",\r\n        \"2017-05-01\",\r\n        \"2017-03-01\",\r\n        \"2016-09-01\",\r\n        \"2016-07-01\",\r\n        \"2016-06-01\",\r\n        \"2016-02-01\",\r\n        \"2015-11-01\",\r\n        \"2015-01-01\",\r\n        \"2014-04-01-preview\"\r\n      ]\r\n    },\r\n    {\r\n      \"resourceType\": \"deployments/operations\",\r\n      \"locations\": [],\r\n      \"apiVersions\": [\r\n        \"2018-11-01\",\r\n        \"2018-09-01\",\r\n        \"2018-08-01\",\r\n        \"2018-07-01\",\r\n        \"2018-05-01\",\r\n        \"2018-02-01\",\r\n        \"2018-01-01\",\r\n        \"2017-08-01\",\r\n        \"2017-06-01\",\r\n        \"2017-05-10\",\r\n        \"2017-05-01\",\r\n        \"2017-03-01\",\r\n        \"2016-09-01\",\r\n        \"2016-07-01\",\r\n        \"2016-06-01\",\r\n        \"2016-02-01\",\r\n        \"2015-11-01\",\r\n        \"2015-01-01\",\r\n        \"2014-04-01-preview\"\r\n      ]\r\n    },\r\n    {\r\n      \"resourceType\": \"links\",\r\n      \"locations\": [],\r\n      \"apiVersions\": [\r\n        \"2018-11-01\",\r\n        \"2018-09-01\",\r\n        \"2018-08-01\",\r\n        \"2018-07-01\",\r\n        \"2018-05-01\",\r\n        \"2018-02-01\",\r\n        \"2018-01-01\",\r\n        \"2017-08-01\",\r\n        \"2017-06-01\",\r\n        \"2017-05-10\",\r\n        \"2017-05-01\",\r\n        \"2017-03-01\",\r\n        \"2016-09-01\",\r\n        \"2016-07-01\",\r\n        \"2016-06-01\",\r\n        \"2016-02-01\",\r\n        \"2015-11-01\",\r\n        \"2015-01-01\",\r\n        \"2014-04-01-preview\"\r\n      ]\r\n    },\r\n    {\r\n      \"resourceType\": \"operations\",\r\n      \"locations\": [],\r\n      \"apiVersions\": [\r\n        \"2015-01-01\"\r\n      ]\r\n    }\r\n  ],\r\n  \"registrationState\": \"Registered\"\r\n}",
      "StatusCode": 200
    },
    {
      "RequestUri": "/subscriptions/f34b22a3-2202-4fb1-b040-1332bd928c84/resourcegroups/RG-ps2557?api-version=2016-09-01",
      "EncodedRequestUri": "L3N1YnNjcmlwdGlvbnMvZjM0YjIyYTMtMjIwMi00ZmIxLWIwNDAtMTMzMmJkOTI4Yzg0L3Jlc291cmNlZ3JvdXBzL1JHLXBzMjU1Nz9hcGktdmVyc2lvbj0yMDE2LTA5LTAx",
      "RequestMethod": "PUT",
      "RequestBody": "{\r\n  \"location\": \"West US\"\r\n}",
      "RequestHeaders": {
        "x-ms-client-request-id": [
          "19eb83d7-31b4-4de3-8493-9b566121ade9"
        ],
        "Accept-Language": [
          "en-US"
        ],
        "User-Agent": [
          "FxVersion/4.6.27019.06",
          "OSName/Windows",
          "OSVersion/Microsoft.Windows.10.0.17763.",
          "Microsoft.Azure.Management.Internal.Resources.ResourceManagementClient/1.1.11"
        ],
        "Content-Type": [
          "application/json; charset=utf-8"
        ],
        "Content-Length": [
          "29"
        ]
      },
      "ResponseHeaders": {
        "Cache-Control": [
          "no-cache"
        ],
        "Pragma": [
          "no-cache"
        ],
        "x-ms-ratelimit-remaining-subscription-writes": [
          "1198"
        ],
        "x-ms-request-id": [
          "c4131dfa-1d1d-4d76-9a1f-b610b7a82111"
        ],
        "x-ms-correlation-request-id": [
          "c4131dfa-1d1d-4d76-9a1f-b610b7a82111"
        ],
        "x-ms-routing-request-id": [
          "WESTUS2:20190105T011432Z:c4131dfa-1d1d-4d76-9a1f-b610b7a82111"
        ],
        "Strict-Transport-Security": [
          "max-age=31536000; includeSubDomains"
        ],
        "X-Content-Type-Options": [
          "nosniff"
        ],
        "Date": [
          "Sat, 05 Jan 2019 01:14:31 GMT"
        ],
        "Content-Length": [
          "171"
        ],
        "Content-Type": [
          "application/json; charset=utf-8"
        ],
        "Expires": [
          "-1"
        ]
      },
      "ResponseBody": "{\r\n  \"id\": \"/subscriptions/f34b22a3-2202-4fb1-b040-1332bd928c84/resourceGroups/RG-ps2557\",\r\n  \"name\": \"RG-ps2557\",\r\n  \"location\": \"westus\",\r\n  \"properties\": {\r\n    \"provisioningState\": \"Succeeded\"\r\n  }\r\n}",
      "StatusCode": 201
    },
    {
      "RequestUri": "/subscriptions/f34b22a3-2202-4fb1-b040-1332bd928c84/providers/Microsoft.Logic?api-version=2016-09-01",
      "EncodedRequestUri": "L3N1YnNjcmlwdGlvbnMvZjM0YjIyYTMtMjIwMi00ZmIxLWIwNDAtMTMzMmJkOTI4Yzg0L3Byb3ZpZGVycy9NaWNyb3NvZnQuTG9naWM/YXBpLXZlcnNpb249MjAxNi0wOS0wMQ==",
      "RequestMethod": "GET",
      "RequestBody": "",
      "RequestHeaders": {
        "x-ms-client-request-id": [
          "20f9664c-b701-4c30-ae75-585a80d0a94b"
        ],
        "Accept-Language": [
          "en-US"
        ],
        "User-Agent": [
          "FxVersion/4.6.27019.06",
          "OSName/Windows",
          "OSVersion/Microsoft.Windows.10.0.17763.",
          "Microsoft.Azure.Management.Internal.Resources.ResourceManagementClient/1.1.11"
        ]
      },
      "ResponseHeaders": {
        "Cache-Control": [
          "no-cache"
        ],
        "Pragma": [
          "no-cache"
        ],
        "x-ms-ratelimit-remaining-subscription-reads": [
          "11996"
        ],
        "x-ms-request-id": [
          "6ab2f571-1418-4801-bc46-812b2a9c61b0"
        ],
        "x-ms-correlation-request-id": [
          "6ab2f571-1418-4801-bc46-812b2a9c61b0"
        ],
        "x-ms-routing-request-id": [
          "WESTUS2:20190105T011432Z:6ab2f571-1418-4801-bc46-812b2a9c61b0"
        ],
        "Strict-Transport-Security": [
          "max-age=31536000; includeSubDomains"
        ],
        "X-Content-Type-Options": [
          "nosniff"
        ],
        "Date": [
          "Sat, 05 Jan 2019 01:14:31 GMT"
        ],
        "Content-Type": [
          "application/json; charset=utf-8"
        ],
        "Expires": [
          "-1"
        ],
        "Content-Length": [
          "3710"
        ]
      },
      "ResponseBody": "{\r\n  \"id\": \"/subscriptions/f34b22a3-2202-4fb1-b040-1332bd928c84/providers/Microsoft.Logic\",\r\n  \"namespace\": \"Microsoft.Logic\",\r\n  \"authorization\": {\r\n    \"applicationId\": \"7cd684f4-8a78-49b0-91ec-6a35d38739ba\",\r\n    \"roleDefinitionId\": \"cb3ef1fb-6e31-49e2-9d87-ed821053fe58\"\r\n  },\r\n  \"resourceTypes\": [\r\n    {\r\n      \"resourceType\": \"workflows\",\r\n      \"locations\": [\r\n        \"North Central US\",\r\n        \"Central US\",\r\n        \"South Central US\",\r\n        \"North Europe\",\r\n        \"West Europe\",\r\n        \"East Asia\",\r\n        \"Southeast Asia\",\r\n        \"West US\",\r\n        \"East US\",\r\n        \"East US 2\",\r\n        \"Japan West\",\r\n        \"Japan East\",\r\n        \"Australia East\",\r\n        \"Australia Southeast\",\r\n        \"South India\",\r\n        \"Central India\",\r\n        \"West India\",\r\n        \"Canada Central\",\r\n        \"Canada East\",\r\n        \"West US 2\",\r\n        \"West Central US\",\r\n        \"UK South\",\r\n        \"UK West\",\r\n        \"Brazil South\",\r\n        \"Central US EUAP\",\r\n        \"East US 2 EUAP\"\r\n      ],\r\n      \"apiVersions\": [\r\n        \"2018-07-01-preview\",\r\n        \"2017-07-01\",\r\n        \"2016-10-01\",\r\n        \"2016-06-01\",\r\n        \"2015-08-01-preview\",\r\n        \"2015-02-01-preview\"\r\n      ],\r\n      \"capabilities\": \"CrossResourceGroupResourceMove, CrossSubscriptionResourceMove, SystemAssignedResourceIdentity\"\r\n    },\r\n    {\r\n      \"resourceType\": \"locations/workflows\",\r\n      \"locations\": [\r\n        \"North Central US\",\r\n        \"Central US\",\r\n        \"South Central US\",\r\n        \"North Europe\",\r\n        \"West Europe\",\r\n        \"East Asia\",\r\n        \"Southeast Asia\",\r\n        \"West US\",\r\n        \"East US\",\r\n        \"East US 2\",\r\n        \"Japan West\",\r\n        \"Japan East\",\r\n        \"Australia East\",\r\n        \"Australia Southeast\",\r\n        \"South India\",\r\n        \"Central India\",\r\n        \"West India\",\r\n        \"Canada Central\",\r\n        \"Canada East\",\r\n        \"West US 2\",\r\n        \"West Central US\",\r\n        \"UK South\",\r\n        \"UK West\",\r\n        \"Brazil South\",\r\n        \"Central US EUAP\",\r\n        \"East US 2 EUAP\"\r\n      ],\r\n      \"apiVersions\": [\r\n        \"2018-07-01-preview\",\r\n        \"2017-07-01\",\r\n        \"2016-10-01\",\r\n        \"2016-06-01\",\r\n        \"2015-08-01-preview\",\r\n        \"2015-02-01-preview\"\r\n      ]\r\n    },\r\n    {\r\n      \"resourceType\": \"locations\",\r\n      \"locations\": [\r\n        \"North Central US\"\r\n      ],\r\n      \"apiVersions\": [\r\n        \"2018-07-01-preview\",\r\n        \"2017-07-01\",\r\n        \"2016-10-01\",\r\n        \"2016-06-01\",\r\n        \"2015-08-01-preview\",\r\n        \"2015-02-01-preview\"\r\n      ]\r\n    },\r\n    {\r\n      \"resourceType\": \"operations\",\r\n      \"locations\": [\r\n        \"North Central US\",\r\n        \"Central US\",\r\n        \"South Central US\",\r\n        \"North Europe\",\r\n        \"West Europe\",\r\n        \"East Asia\",\r\n        \"Southeast Asia\",\r\n        \"West US\",\r\n        \"East US\",\r\n        \"East US 2\",\r\n        \"Japan West\",\r\n        \"Japan East\",\r\n        \"Brazil South\",\r\n        \"Australia East\",\r\n        \"Australia Southeast\",\r\n        \"South India\",\r\n        \"Central India\",\r\n        \"West India\",\r\n        \"Canada Central\",\r\n        \"Canada East\",\r\n        \"West US 2\",\r\n        \"West Central US\",\r\n        \"UK South\",\r\n        \"UK West\"\r\n      ],\r\n      \"apiVersions\": [\r\n        \"2018-07-01-preview\",\r\n        \"2017-07-01\",\r\n        \"2016-10-01\",\r\n        \"2016-06-01\",\r\n        \"2015-08-01-preview\",\r\n        \"2015-02-01-preview\"\r\n      ]\r\n    },\r\n    {\r\n      \"resourceType\": \"integrationAccounts\",\r\n      \"locations\": [\r\n        \"North Central US\",\r\n        \"Central US\",\r\n        \"South Central US\",\r\n        \"North Europe\",\r\n        \"West Europe\",\r\n        \"East Asia\",\r\n        \"Southeast Asia\",\r\n        \"West US\",\r\n        \"East US\",\r\n        \"East US 2\",\r\n        \"Japan West\",\r\n        \"Japan East\",\r\n        \"Australia East\",\r\n        \"Australia Southeast\",\r\n        \"South India\",\r\n        \"Central India\",\r\n        \"West India\",\r\n        \"Canada Central\",\r\n        \"Canada East\",\r\n        \"West US 2\",\r\n        \"West Central US\",\r\n        \"UK South\",\r\n        \"UK West\",\r\n        \"Brazil South\",\r\n        \"Central US EUAP\",\r\n        \"East US 2 EUAP\"\r\n      ],\r\n      \"apiVersions\": [\r\n        \"2018-07-01-preview\",\r\n        \"2016-06-01\",\r\n        \"2015-08-01-preview\"\r\n      ],\r\n      \"capabilities\": \"CrossResourceGroupResourceMove, CrossSubscriptionResourceMove\"\r\n    },\r\n    {\r\n      \"resourceType\": \"hostingEnvironments\",\r\n      \"locations\": [\r\n        \"Brazil South\",\r\n        \"Central US EUAP\",\r\n        \"East US 2 EUAP\"\r\n      ],\r\n      \"apiVersions\": [\r\n        \"2018-04-01-privatepreview\"\r\n      ],\r\n      \"capabilities\": \"CrossResourceGroupResourceMove, CrossSubscriptionResourceMove\"\r\n    },\r\n    {\r\n      \"resourceType\": \"isolatedEnvironments\",\r\n      \"locations\": [\r\n        \"Brazil South\",\r\n        \"Central US EUAP\",\r\n        \"East US 2 EUAP\"\r\n      ],\r\n      \"apiVersions\": [\r\n        \"2018-07-01-preview\",\r\n        \"2018-03-01-preview\"\r\n      ],\r\n      \"capabilities\": \"None\"\r\n    },\r\n    {\r\n      \"resourceType\": \"integrationServiceEnvironments\",\r\n      \"locations\": [\r\n        \"North Central US\",\r\n        \"Central US\",\r\n        \"South Central US\",\r\n        \"North Europe\",\r\n        \"West Europe\",\r\n        \"East Asia\",\r\n        \"Southeast Asia\",\r\n        \"West US\",\r\n        \"East US\",\r\n        \"East US 2\",\r\n        \"Japan West\",\r\n        \"Japan East\",\r\n        \"Brazil South\",\r\n        \"Central US EUAP\",\r\n        \"East US 2 EUAP\",\r\n        \"Australia East\",\r\n        \"Australia Southeast\",\r\n        \"South India\",\r\n        \"Central India\",\r\n        \"West India\",\r\n        \"Canada Central\",\r\n        \"Canada East\",\r\n        \"West US 2\",\r\n        \"West Central US\",\r\n        \"UK South\",\r\n        \"UK West\"\r\n      ],\r\n      \"apiVersions\": [\r\n        \"2018-07-01-preview\",\r\n        \"2018-03-01-preview\"\r\n      ],\r\n      \"capabilities\": \"None\"\r\n    }\r\n  ],\r\n  \"registrationState\": \"Registered\"\r\n}",
      "StatusCode": 200
    },
    {
      "RequestUri": "/subscriptions/f34b22a3-2202-4fb1-b040-1332bd928c84/resourceGroups/RG-ps2557/providers/Microsoft.Logic/integrationAccounts/IA-ps5446?api-version=2018-07-01-preview",
      "EncodedRequestUri": "L3N1YnNjcmlwdGlvbnMvZjM0YjIyYTMtMjIwMi00ZmIxLWIwNDAtMTMzMmJkOTI4Yzg0L3Jlc291cmNlR3JvdXBzL1JHLXBzMjU1Ny9wcm92aWRlcnMvTWljcm9zb2Z0LkxvZ2ljL2ludGVncmF0aW9uQWNjb3VudHMvSUEtcHM1NDQ2P2FwaS12ZXJzaW9uPTIwMTgtMDctMDEtcHJldmlldw==",
      "RequestMethod": "GET",
      "RequestBody": "",
      "RequestHeaders": {
        "x-ms-client-request-id": [
          "4f341480-fb73-497e-87c0-f3a4e52e4040"
        ],
        "Accept-Language": [
          "en-US"
        ],
        "User-Agent": [
          "FxVersion/4.6.27019.06",
          "OSName/Windows",
          "OSVersion/Microsoft.Windows.10.0.17763.",
          "Microsoft.Azure.Management.Logic.LogicManagementClient/4.0.0.0"
        ]
      },
      "ResponseHeaders": {
        "Cache-Control": [
          "no-cache"
        ],
        "Pragma": [
          "no-cache"
        ],
        "x-ms-failure-cause": [
          "gateway"
        ],
        "x-ms-request-id": [
          "43c8ff44-81ac-43d8-9f3c-d825468893a7"
        ],
        "x-ms-correlation-request-id": [
          "43c8ff44-81ac-43d8-9f3c-d825468893a7"
        ],
        "x-ms-routing-request-id": [
          "WESTUS2:20190105T011432Z:43c8ff44-81ac-43d8-9f3c-d825468893a7"
        ],
        "Strict-Transport-Security": [
          "max-age=31536000; includeSubDomains"
        ],
        "X-Content-Type-Options": [
          "nosniff"
        ],
        "Date": [
          "Sat, 05 Jan 2019 01:14:32 GMT"
        ],
        "Content-Type": [
          "application/json; charset=utf-8"
        ],
        "Expires": [
          "-1"
        ],
        "Content-Length": [
          "158"
        ]
      },
      "ResponseBody": "{\r\n  \"error\": {\r\n    \"code\": \"ResourceNotFound\",\r\n    \"message\": \"The Resource 'Microsoft.Logic/integrationAccounts/IA-ps5446' under resource group 'RG-ps2557' was not found.\"\r\n  }\r\n}",
      "StatusCode": 404
    },
    {
      "RequestUri": "/subscriptions/f34b22a3-2202-4fb1-b040-1332bd928c84/resourceGroups/RG-ps2557/providers/Microsoft.Logic/integrationAccounts/IA-ps5446?api-version=2018-07-01-preview",
      "EncodedRequestUri": "L3N1YnNjcmlwdGlvbnMvZjM0YjIyYTMtMjIwMi00ZmIxLWIwNDAtMTMzMmJkOTI4Yzg0L3Jlc291cmNlR3JvdXBzL1JHLXBzMjU1Ny9wcm92aWRlcnMvTWljcm9zb2Z0LkxvZ2ljL2ludGVncmF0aW9uQWNjb3VudHMvSUEtcHM1NDQ2P2FwaS12ZXJzaW9uPTIwMTgtMDctMDEtcHJldmlldw==",
      "RequestMethod": "PUT",
      "RequestBody": "{\r\n  \"properties\": {},\r\n  \"sku\": {\r\n    \"name\": \"Standard\"\r\n  },\r\n  \"location\": \"West US\"\r\n}",
      "RequestHeaders": {
        "x-ms-client-request-id": [
          "ef8ca544-d8fc-4fc1-879c-7379f3209daa"
        ],
        "Accept-Language": [
          "en-US"
        ],
        "User-Agent": [
          "FxVersion/4.6.27019.06",
          "OSName/Windows",
          "OSVersion/Microsoft.Windows.10.0.17763.",
          "Microsoft.Azure.Management.Logic.LogicManagementClient/4.0.0.0"
        ],
        "Content-Type": [
          "application/json; charset=utf-8"
        ],
        "Content-Length": [
          "92"
        ]
      },
      "ResponseHeaders": {
        "Cache-Control": [
          "no-cache"
        ],
        "Pragma": [
          "no-cache"
        ],
        "x-ms-request-id": [
          "westus:b993c2b8-c152-4007-8a75-7573ede63f9b"
        ],
        "Strict-Transport-Security": [
          "max-age=31536000; includeSubDomains"
        ],
        "x-ms-ratelimit-remaining-subscription-writes": [
          "1185"
        ],
        "x-ms-correlation-request-id": [
          "25aedf4d-98c1-473a-9396-55ae30997525"
        ],
        "x-ms-routing-request-id": [
          "WESTUS2:20190105T011433Z:25aedf4d-98c1-473a-9396-55ae30997525"
        ],
        "X-Content-Type-Options": [
          "nosniff"
        ],
        "Date": [
          "Sat, 05 Jan 2019 01:14:32 GMT"
        ],
        "Content-Length": [
          "285"
        ],
        "Content-Type": [
          "application/json; charset=utf-8"
        ],
        "Expires": [
          "-1"
        ]
      },
      "ResponseBody": "{\r\n  \"properties\": {\r\n    \"state\": \"Enabled\"\r\n  },\r\n  \"sku\": {\r\n    \"name\": \"Standard\"\r\n  },\r\n  \"id\": \"/subscriptions/f34b22a3-2202-4fb1-b040-1332bd928c84/resourceGroups/RG-ps2557/providers/Microsoft.Logic/integrationAccounts/IA-ps5446\",\r\n  \"name\": \"IA-ps5446\",\r\n  \"type\": \"Microsoft.Logic/integrationAccounts\",\r\n  \"location\": \"West US\"\r\n}",
      "StatusCode": 201
    },
    {
      "RequestUri": "/subscriptions/f34b22a3-2202-4fb1-b040-1332bd928c84/resourceGroups/RG-ps2557/providers/Microsoft.Logic/integrationAccounts/IA-ps5446/assemblies/BCps2323?api-version=2018-07-01-preview",
      "EncodedRequestUri": "L3N1YnNjcmlwdGlvbnMvZjM0YjIyYTMtMjIwMi00ZmIxLWIwNDAtMTMzMmJkOTI4Yzg0L3Jlc291cmNlR3JvdXBzL1JHLXBzMjU1Ny9wcm92aWRlcnMvTWljcm9zb2Z0LkxvZ2ljL2ludGVncmF0aW9uQWNjb3VudHMvSUEtcHM1NDQ2L2Fzc2VtYmxpZXMvQkNwczIzMjM/YXBpLXZlcnNpb249MjAxOC0wNy0wMS1wcmV2aWV3",
      "RequestMethod": "GET",
      "RequestBody": "",
      "RequestHeaders": {
        "x-ms-client-request-id": [
          "ac1ad212-32ed-4fd7-81c5-b88a9792a109"
        ],
        "Accept-Language": [
          "en-US"
        ],
        "User-Agent": [
          "FxVersion/4.6.27019.06",
          "OSName/Windows",
          "OSVersion/Microsoft.Windows.10.0.17763.",
          "Microsoft.Azure.Management.Logic.LogicManagementClient/4.0.0.0"
        ]
      },
      "ResponseHeaders": {
        "Cache-Control": [
          "no-cache"
        ],
        "Pragma": [
          "no-cache"
        ],
        "x-ms-request-id": [
          "westus:464b6507-419f-4818-985b-a9c0e61f92ed"
        ],
        "Strict-Transport-Security": [
          "max-age=31536000; includeSubDomains"
        ],
        "x-ms-ratelimit-remaining-subscription-reads": [
          "11980"
        ],
        "x-ms-correlation-request-id": [
          "bb2ea9c0-90e5-4f9d-8967-514485504a3b"
        ],
        "x-ms-routing-request-id": [
          "WESTUS2:20190105T011433Z:bb2ea9c0-90e5-4f9d-8967-514485504a3b"
        ],
        "X-Content-Type-Options": [
          "nosniff"
        ],
        "Date": [
          "Sat, 05 Jan 2019 01:14:33 GMT"
        ],
        "Content-Length": [
          "128"
        ],
        "Content-Type": [
          "application/json; charset=utf-8"
        ],
        "Expires": [
          "-1"
        ]
      },
      "ResponseBody": "{\r\n  \"error\": {\r\n    \"code\": \"AssemblyNotFound\",\r\n    \"message\": \"The assembly 'BCps2323' could not be found in integration account 'IA-ps5446'.\"\r\n  }\r\n}",
      "StatusCode": 404
    },
    {
      "RequestUri": "/subscriptions/f34b22a3-2202-4fb1-b040-1332bd928c84/resourceGroups/RG-ps2557/providers/Microsoft.Logic/integrationAccounts/IA-ps5446/assemblies/BCps2323?api-version=2018-07-01-preview",
      "EncodedRequestUri": "L3N1YnNjcmlwdGlvbnMvZjM0YjIyYTMtMjIwMi00ZmIxLWIwNDAtMTMzMmJkOTI4Yzg0L3Jlc291cmNlR3JvdXBzL1JHLXBzMjU1Ny9wcm92aWRlcnMvTWljcm9zb2Z0LkxvZ2ljL2ludGVncmF0aW9uQWNjb3VudHMvSUEtcHM1NDQ2L2Fzc2VtYmxpZXMvQkNwczIzMjM/YXBpLXZlcnNpb249MjAxOC0wNy0wMS1wcmV2aWV3",
      "RequestMethod": "GET",
      "RequestBody": "",
      "RequestHeaders": {
        "x-ms-client-request-id": [
          "1a330b4c-7c16-4731-b05d-32b3a7c7a039"
        ],
        "Accept-Language": [
          "en-US"
        ],
        "User-Agent": [
          "FxVersion/4.6.27019.06",
          "OSName/Windows",
          "OSVersion/Microsoft.Windows.10.0.17763.",
          "Microsoft.Azure.Management.Logic.LogicManagementClient/4.0.0.0"
        ]
      },
      "ResponseHeaders": {
        "Cache-Control": [
          "no-cache"
        ],
        "Pragma": [
          "no-cache"
        ],
        "x-ms-request-id": [
          "westus:62366cc6-f041-4dcd-be2b-759a240395dc"
        ],
        "Strict-Transport-Security": [
          "max-age=31536000; includeSubDomains"
        ],
        "x-ms-ratelimit-remaining-subscription-reads": [
          "11979"
        ],
        "x-ms-correlation-request-id": [
          "2414219e-ed13-49ba-900c-fadeb26a7458"
        ],
        "x-ms-routing-request-id": [
          "WESTUS2:20190105T011433Z:2414219e-ed13-49ba-900c-fadeb26a7458"
        ],
        "X-Content-Type-Options": [
          "nosniff"
        ],
        "Date": [
          "Sat, 05 Jan 2019 01:14:33 GMT"
        ],
        "Content-Length": [
          "128"
        ],
        "Content-Type": [
          "application/json; charset=utf-8"
        ],
        "Expires": [
          "-1"
        ]
      },
      "ResponseBody": "{\r\n  \"error\": {\r\n    \"code\": \"AssemblyNotFound\",\r\n    \"message\": \"The assembly 'BCps2323' could not be found in integration account 'IA-ps5446'.\"\r\n  }\r\n}",
      "StatusCode": 404
    },
    {
      "RequestUri": "/subscriptions/f34b22a3-2202-4fb1-b040-1332bd928c84/resourceGroups/RG-ps2557/providers/Microsoft.Logic/integrationAccounts/IA-ps5446/assemblies/BCps2323?api-version=2018-07-01-preview",
      "EncodedRequestUri": "L3N1YnNjcmlwdGlvbnMvZjM0YjIyYTMtMjIwMi00ZmIxLWIwNDAtMTMzMmJkOTI4Yzg0L3Jlc291cmNlR3JvdXBzL1JHLXBzMjU1Ny9wcm92aWRlcnMvTWljcm9zb2Z0LkxvZ2ljL2ludGVncmF0aW9uQWNjb3VudHMvSUEtcHM1NDQ2L2Fzc2VtYmxpZXMvQkNwczIzMjM/YXBpLXZlcnNpb249MjAxOC0wNy0wMS1wcmV2aWV3",
      "RequestMethod": "GET",
      "RequestBody": "",
      "RequestHeaders": {
        "x-ms-client-request-id": [
          "dc5af592-950b-48f4-98b4-bfbb3e6ab4f8"
        ],
        "Accept-Language": [
          "en-US"
        ],
        "User-Agent": [
          "FxVersion/4.6.27019.06",
          "OSName/Windows",
          "OSVersion/Microsoft.Windows.10.0.17763.",
          "Microsoft.Azure.Management.Logic.LogicManagementClient/4.0.0.0"
        ]
      },
      "ResponseHeaders": {
        "Cache-Control": [
          "no-cache"
        ],
        "Pragma": [
          "no-cache"
        ],
        "x-ms-request-id": [
          "westus:436e9fc9-770f-4e06-81fc-94c8d52994d4"
        ],
        "Strict-Transport-Security": [
          "max-age=31536000; includeSubDomains"
        ],
        "x-ms-ratelimit-remaining-subscription-reads": [
          "11978"
        ],
        "x-ms-correlation-request-id": [
          "9694f48a-f952-4a8c-b41b-cf82eabfb8be"
        ],
        "x-ms-routing-request-id": [
          "WESTUS2:20190105T011434Z:9694f48a-f952-4a8c-b41b-cf82eabfb8be"
        ],
        "X-Content-Type-Options": [
          "nosniff"
        ],
        "Date": [
          "Sat, 05 Jan 2019 01:14:33 GMT"
        ],
        "Content-Length": [
          "128"
        ],
        "Content-Type": [
          "application/json; charset=utf-8"
        ],
        "Expires": [
          "-1"
        ]
      },
      "ResponseBody": "{\r\n  \"error\": {\r\n    \"code\": \"AssemblyNotFound\",\r\n    \"message\": \"The assembly 'BCps2323' could not be found in integration account 'IA-ps5446'.\"\r\n  }\r\n}",
      "StatusCode": 404
    },
    {
      "RequestUri": "/subscriptions/f34b22a3-2202-4fb1-b040-1332bd928c84/resourceGroups/RG-ps2557/providers/Microsoft.Logic/integrationAccounts/IA-ps5446/assemblies/BCps2323?api-version=2018-07-01-preview",
      "EncodedRequestUri": "L3N1YnNjcmlwdGlvbnMvZjM0YjIyYTMtMjIwMi00ZmIxLWIwNDAtMTMzMmJkOTI4Yzg0L3Jlc291cmNlR3JvdXBzL1JHLXBzMjU1Ny9wcm92aWRlcnMvTWljcm9zb2Z0LkxvZ2ljL2ludGVncmF0aW9uQWNjb3VudHMvSUEtcHM1NDQ2L2Fzc2VtYmxpZXMvQkNwczIzMjM/YXBpLXZlcnNpb249MjAxOC0wNy0wMS1wcmV2aWV3",
      "RequestMethod": "GET",
      "RequestBody": "",
      "RequestHeaders": {
        "x-ms-client-request-id": [
          "a8b30b79-e091-4705-98d1-6a4c138ec309"
        ],
        "Accept-Language": [
          "en-US"
        ],
        "User-Agent": [
          "FxVersion/4.6.27019.06",
          "OSName/Windows",
          "OSVersion/Microsoft.Windows.10.0.17763.",
          "Microsoft.Azure.Management.Logic.LogicManagementClient/4.0.0.0"
        ]
      },
      "ResponseHeaders": {
        "Cache-Control": [
          "no-cache"
        ],
        "Pragma": [
          "no-cache"
        ],
        "x-ms-request-id": [
          "westus:6870ab67-9c16-4823-9d0b-71c63e518c06"
        ],
        "Strict-Transport-Security": [
          "max-age=31536000; includeSubDomains"
        ],
        "x-ms-ratelimit-remaining-subscription-reads": [
          "11977"
        ],
        "x-ms-correlation-request-id": [
          "7933ef63-2960-4d83-9689-a597e07f47f0"
        ],
        "x-ms-routing-request-id": [
          "WESTUS2:20190105T011434Z:7933ef63-2960-4d83-9689-a597e07f47f0"
        ],
        "X-Content-Type-Options": [
          "nosniff"
        ],
        "Date": [
          "Sat, 05 Jan 2019 01:14:34 GMT"
        ],
        "Content-Length": [
          "128"
        ],
        "Content-Type": [
          "application/json; charset=utf-8"
        ],
        "Expires": [
          "-1"
        ]
      },
      "ResponseBody": "{\r\n  \"error\": {\r\n    \"code\": \"AssemblyNotFound\",\r\n    \"message\": \"The assembly 'BCps2323' could not be found in integration account 'IA-ps5446'.\"\r\n  }\r\n}",
      "StatusCode": 404
    },
    {
      "RequestUri": "/subscriptions/f34b22a3-2202-4fb1-b040-1332bd928c84/resourceGroups/RG-ps2557/providers/Microsoft.Logic/integrationAccounts/IA-ps5446/assemblies/BCps2323?api-version=2018-07-01-preview",
      "EncodedRequestUri": "L3N1YnNjcmlwdGlvbnMvZjM0YjIyYTMtMjIwMi00ZmIxLWIwNDAtMTMzMmJkOTI4Yzg0L3Jlc291cmNlR3JvdXBzL1JHLXBzMjU1Ny9wcm92aWRlcnMvTWljcm9zb2Z0LkxvZ2ljL2ludGVncmF0aW9uQWNjb3VudHMvSUEtcHM1NDQ2L2Fzc2VtYmxpZXMvQkNwczIzMjM/YXBpLXZlcnNpb249MjAxOC0wNy0wMS1wcmV2aWV3",
      "RequestMethod": "GET",
      "RequestBody": "",
      "RequestHeaders": {
        "x-ms-client-request-id": [
          "3340e18b-ab7a-44da-917e-e6b2e192704a"
        ],
        "Accept-Language": [
          "en-US"
        ],
        "User-Agent": [
          "FxVersion/4.6.27019.06",
          "OSName/Windows",
          "OSVersion/Microsoft.Windows.10.0.17763.",
          "Microsoft.Azure.Management.Logic.LogicManagementClient/4.0.0.0"
        ]
      },
      "ResponseHeaders": {
        "Cache-Control": [
          "no-cache"
        ],
        "Pragma": [
          "no-cache"
        ],
        "x-ms-request-id": [
          "westus:111394c6-96aa-4509-8f00-b0d8eeb4e6b5"
        ],
        "Strict-Transport-Security": [
          "max-age=31536000; includeSubDomains"
        ],
        "x-ms-ratelimit-remaining-subscription-reads": [
          "11976"
        ],
        "x-ms-correlation-request-id": [
          "e202919c-2e2f-492f-821c-690fb5ae54a4"
        ],
        "x-ms-routing-request-id": [
          "WESTUS2:20190105T011434Z:e202919c-2e2f-492f-821c-690fb5ae54a4"
        ],
        "X-Content-Type-Options": [
          "nosniff"
        ],
        "Date": [
          "Sat, 05 Jan 2019 01:14:34 GMT"
        ],
        "Content-Length": [
          "128"
        ],
        "Content-Type": [
          "application/json; charset=utf-8"
        ],
        "Expires": [
          "-1"
        ]
      },
      "ResponseBody": "{\r\n  \"error\": {\r\n    \"code\": \"AssemblyNotFound\",\r\n    \"message\": \"The assembly 'BCps2323' could not be found in integration account 'IA-ps5446'.\"\r\n  }\r\n}",
      "StatusCode": 404
    },
    {
      "RequestUri": "/subscriptions/f34b22a3-2202-4fb1-b040-1332bd928c84/resourceGroups/RG-ps2557/providers/Microsoft.Logic/integrationAccounts/IA-ps5446/batchConfigurations/BCps2323?api-version=2018-07-01-preview",
      "EncodedRequestUri": "L3N1YnNjcmlwdGlvbnMvZjM0YjIyYTMtMjIwMi00ZmIxLWIwNDAtMTMzMmJkOTI4Yzg0L3Jlc291cmNlR3JvdXBzL1JHLXBzMjU1Ny9wcm92aWRlcnMvTWljcm9zb2Z0LkxvZ2ljL2ludGVncmF0aW9uQWNjb3VudHMvSUEtcHM1NDQ2L2JhdGNoQ29uZmlndXJhdGlvbnMvQkNwczIzMjM/YXBpLXZlcnNpb249MjAxOC0wNy0wMS1wcmV2aWV3",
      "RequestMethod": "PUT",
      "RequestBody": "{\r\n  \"properties\": {\r\n    \"batchGroupName\": \"DEFAULT\",\r\n    \"releaseCriteria\": {\r\n      \"recurrence\": {\r\n        \"frequency\": \"Week\",\r\n        \"interval\": 1\r\n      }\r\n    }\r\n  }\r\n}",
      "RequestHeaders": {
        "x-ms-client-request-id": [
          "a398aeba-1c00-4e9d-b797-4e0d7a96b6e3"
        ],
        "Accept-Language": [
          "en-US"
        ],
        "User-Agent": [
          "FxVersion/4.6.27019.06",
          "OSName/Windows",
          "OSVersion/Microsoft.Windows.10.0.17763.",
          "Microsoft.Azure.Management.Logic.LogicManagementClient/4.0.0.0"
        ],
        "Content-Type": [
          "application/json; charset=utf-8"
        ],
        "Content-Length": [
          "180"
        ]
      },
      "ResponseHeaders": {
        "Cache-Control": [
          "no-cache"
        ],
        "Pragma": [
          "no-cache"
        ],
        "x-ms-request-id": [
          "westus:5e96c1c9-0a2b-42a3-86e0-1f80c6b74c2b"
        ],
        "Strict-Transport-Security": [
          "max-age=31536000; includeSubDomains"
        ],
        "x-ms-ratelimit-remaining-subscription-writes": [
          "1184"
        ],
        "x-ms-correlation-request-id": [
          "2b6c12cc-c637-4978-81e4-d19b0c942846"
        ],
        "x-ms-routing-request-id": [
          "WESTUS2:20190105T011433Z:2b6c12cc-c637-4978-81e4-d19b0c942846"
        ],
        "X-Content-Type-Options": [
          "nosniff"
        ],
        "Date": [
          "Sat, 05 Jan 2019 01:14:33 GMT"
        ],
        "Content-Length": [
          "452"
        ],
        "Content-Type": [
          "application/json; charset=utf-8"
        ],
        "Expires": [
          "-1"
        ]
      },
      "ResponseBody": "{\r\n  \"properties\": {\r\n    \"batchGroupName\": \"DEFAULT\",\r\n    \"releaseCriteria\": {\r\n      \"recurrence\": {\r\n        \"frequency\": \"Week\",\r\n        \"interval\": 1\r\n      }\r\n    },\r\n    \"createdTime\": \"2019-01-05T01:14:33.3830148Z\",\r\n    \"changedTime\": \"2019-01-05T01:14:33.3946228Z\"\r\n  },\r\n  \"id\": \"/subscriptions/f34b22a3-2202-4fb1-b040-1332bd928c84/resourceGroups/RG-ps2557/providers/Microsoft.Logic/integrationAccounts/IA-ps5446/batchConfigurations/BCps2323\",\r\n  \"name\": \"BCps2323\",\r\n  \"type\": \"Microsoft.Logic/integrationAccounts/batchConfigurations\"\r\n}",
      "StatusCode": 201
    },
    {
      "RequestUri": "/subscriptions/f34b22a3-2202-4fb1-b040-1332bd928c84/resourceGroups/RG-ps2557/providers/Microsoft.Logic/integrationAccounts/IA-ps5446/batchConfigurations/BCps2323?api-version=2018-07-01-preview",
      "EncodedRequestUri": "L3N1YnNjcmlwdGlvbnMvZjM0YjIyYTMtMjIwMi00ZmIxLWIwNDAtMTMzMmJkOTI4Yzg0L3Jlc291cmNlR3JvdXBzL1JHLXBzMjU1Ny9wcm92aWRlcnMvTWljcm9zb2Z0LkxvZ2ljL2ludGVncmF0aW9uQWNjb3VudHMvSUEtcHM1NDQ2L2JhdGNoQ29uZmlndXJhdGlvbnMvQkNwczIzMjM/YXBpLXZlcnNpb249MjAxOC0wNy0wMS1wcmV2aWV3",
      "RequestMethod": "PUT",
      "RequestBody": "{\r\n  \"properties\": {\r\n    \"batchGroupName\": \"DEFAULT\",\r\n    \"releaseCriteria\": {\r\n      \"recurrence\": {\r\n        \"frequency\": \"Week\",\r\n        \"interval\": 1\r\n      }\r\n    }\r\n  }\r\n}",
      "RequestHeaders": {
        "x-ms-client-request-id": [
          "65bba9f3-164d-448b-9868-4dc2a7b96ef6"
        ],
        "Accept-Language": [
          "en-US"
        ],
        "User-Agent": [
          "FxVersion/4.6.27019.06",
          "OSName/Windows",
          "OSVersion/Microsoft.Windows.10.0.17763.",
          "Microsoft.Azure.Management.Logic.LogicManagementClient/4.0.0.0"
        ],
        "Content-Type": [
          "application/json; charset=utf-8"
        ],
        "Content-Length": [
          "180"
        ]
      },
      "ResponseHeaders": {
        "Cache-Control": [
          "no-cache"
        ],
        "Pragma": [
          "no-cache"
        ],
        "Vary": [
          "Accept-Encoding"
        ],
        "x-ms-request-id": [
          "westus:de210385-e6dc-4dd1-964b-6d78d9695a9a"
        ],
        "Strict-Transport-Security": [
          "max-age=31536000; includeSubDomains"
        ],
        "x-ms-ratelimit-remaining-subscription-writes": [
          "1183"
        ],
        "x-ms-correlation-request-id": [
          "34680b17-3ee7-4aa9-be29-6bb21315ad99"
        ],
        "x-ms-routing-request-id": [
          "WESTUS2:20190105T011434Z:34680b17-3ee7-4aa9-be29-6bb21315ad99"
        ],
        "X-Content-Type-Options": [
          "nosniff"
        ],
        "Date": [
          "Sat, 05 Jan 2019 01:14:33 GMT"
        ],
        "Content-Length": [
          "452"
        ],
        "Content-Type": [
          "application/json; charset=utf-8"
        ],
        "Expires": [
          "-1"
        ]
      },
      "ResponseBody": "{\r\n  \"properties\": {\r\n    \"batchGroupName\": \"DEFAULT\",\r\n    \"releaseCriteria\": {\r\n      \"recurrence\": {\r\n        \"frequency\": \"Week\",\r\n        \"interval\": 1\r\n      }\r\n    },\r\n    \"createdTime\": \"2019-01-05T01:14:33.3830148Z\",\r\n    \"changedTime\": \"2019-01-05T01:14:33.9660294Z\"\r\n  },\r\n  \"id\": \"/subscriptions/f34b22a3-2202-4fb1-b040-1332bd928c84/resourceGroups/RG-ps2557/providers/Microsoft.Logic/integrationAccounts/IA-ps5446/batchConfigurations/BCps2323\",\r\n  \"name\": \"BCps2323\",\r\n  \"type\": \"Microsoft.Logic/integrationAccounts/batchConfigurations\"\r\n}",
      "StatusCode": 200
    },
    {
      "RequestUri": "/subscriptions/f34b22a3-2202-4fb1-b040-1332bd928c84/resourceGroups/RG-ps2557/providers/Microsoft.Logic/integrationAccounts/IA-ps5446/batchConfigurations/BCps2323?api-version=2018-07-01-preview",
      "EncodedRequestUri": "L3N1YnNjcmlwdGlvbnMvZjM0YjIyYTMtMjIwMi00ZmIxLWIwNDAtMTMzMmJkOTI4Yzg0L3Jlc291cmNlR3JvdXBzL1JHLXBzMjU1Ny9wcm92aWRlcnMvTWljcm9zb2Z0LkxvZ2ljL2ludGVncmF0aW9uQWNjb3VudHMvSUEtcHM1NDQ2L2JhdGNoQ29uZmlndXJhdGlvbnMvQkNwczIzMjM/YXBpLXZlcnNpb249MjAxOC0wNy0wMS1wcmV2aWV3",
      "RequestMethod": "PUT",
      "RequestBody": "{\r\n  \"properties\": {\r\n    \"batchGroupName\": \"DEFAULT\",\r\n    \"releaseCriteria\": {\r\n      \"recurrence\": {\r\n        \"frequency\": \"Week\",\r\n        \"interval\": 1\r\n      }\r\n    }\r\n  }\r\n}",
      "RequestHeaders": {
        "x-ms-client-request-id": [
          "2b723277-2fee-4519-8b82-d332ced89bff"
        ],
        "Accept-Language": [
          "en-US"
        ],
        "User-Agent": [
          "FxVersion/4.6.27019.06",
          "OSName/Windows",
          "OSVersion/Microsoft.Windows.10.0.17763.",
          "Microsoft.Azure.Management.Logic.LogicManagementClient/4.0.0.0"
        ],
        "Content-Type": [
          "application/json; charset=utf-8"
        ],
        "Content-Length": [
          "180"
        ]
      },
      "ResponseHeaders": {
        "Cache-Control": [
          "no-cache"
        ],
        "Pragma": [
          "no-cache"
        ],
        "Vary": [
          "Accept-Encoding"
        ],
        "x-ms-request-id": [
          "westus:b02738a4-85aa-4eaa-951d-b818a179655c"
        ],
        "Strict-Transport-Security": [
          "max-age=31536000; includeSubDomains"
        ],
        "x-ms-ratelimit-remaining-subscription-writes": [
          "1182"
        ],
        "x-ms-correlation-request-id": [
          "cd53fe01-5efc-43f9-8b46-6698bce3441b"
        ],
        "x-ms-routing-request-id": [
          "WESTUS2:20190105T011434Z:cd53fe01-5efc-43f9-8b46-6698bce3441b"
        ],
        "X-Content-Type-Options": [
          "nosniff"
        ],
        "Date": [
          "Sat, 05 Jan 2019 01:14:34 GMT"
        ],
        "Content-Length": [
          "452"
        ],
        "Content-Type": [
          "application/json; charset=utf-8"
        ],
        "Expires": [
          "-1"
        ]
      },
      "ResponseBody": "{\r\n  \"properties\": {\r\n    \"batchGroupName\": \"DEFAULT\",\r\n    \"releaseCriteria\": {\r\n      \"recurrence\": {\r\n        \"frequency\": \"Week\",\r\n        \"interval\": 1\r\n      }\r\n    },\r\n    \"createdTime\": \"2019-01-05T01:14:33.3830148Z\",\r\n    \"changedTime\": \"2019-01-05T01:14:34.2605065Z\"\r\n  },\r\n  \"id\": \"/subscriptions/f34b22a3-2202-4fb1-b040-1332bd928c84/resourceGroups/RG-ps2557/providers/Microsoft.Logic/integrationAccounts/IA-ps5446/batchConfigurations/BCps2323\",\r\n  \"name\": \"BCps2323\",\r\n  \"type\": \"Microsoft.Logic/integrationAccounts/batchConfigurations\"\r\n}",
      "StatusCode": 200
    },
    {
      "RequestUri": "/subscriptions/f34b22a3-2202-4fb1-b040-1332bd928c84/resourceGroups/RG-ps2557/providers/Microsoft.Logic/integrationAccounts/IA-ps5446/batchConfigurations/BCps2323?api-version=2018-07-01-preview",
      "EncodedRequestUri": "L3N1YnNjcmlwdGlvbnMvZjM0YjIyYTMtMjIwMi00ZmIxLWIwNDAtMTMzMmJkOTI4Yzg0L3Jlc291cmNlR3JvdXBzL1JHLXBzMjU1Ny9wcm92aWRlcnMvTWljcm9zb2Z0LkxvZ2ljL2ludGVncmF0aW9uQWNjb3VudHMvSUEtcHM1NDQ2L2JhdGNoQ29uZmlndXJhdGlvbnMvQkNwczIzMjM/YXBpLXZlcnNpb249MjAxOC0wNy0wMS1wcmV2aWV3",
      "RequestMethod": "PUT",
      "RequestBody": "{\r\n  \"properties\": {\r\n    \"batchGroupName\": \"DEFAULT\",\r\n    \"releaseCriteria\": {\r\n      \"recurrence\": {\r\n        \"frequency\": \"Week\",\r\n        \"interval\": 1\r\n      }\r\n    }\r\n  }\r\n}",
      "RequestHeaders": {
        "x-ms-client-request-id": [
          "5840f9c4-2751-494d-a720-e246526665ef"
        ],
        "Accept-Language": [
          "en-US"
        ],
        "User-Agent": [
          "FxVersion/4.6.27019.06",
          "OSName/Windows",
          "OSVersion/Microsoft.Windows.10.0.17763.",
          "Microsoft.Azure.Management.Logic.LogicManagementClient/4.0.0.0"
        ],
        "Content-Type": [
          "application/json; charset=utf-8"
        ],
        "Content-Length": [
          "180"
        ]
      },
      "ResponseHeaders": {
        "Cache-Control": [
          "no-cache"
        ],
        "Pragma": [
          "no-cache"
        ],
        "Vary": [
          "Accept-Encoding"
        ],
        "x-ms-request-id": [
          "westus:d25c07ba-119b-4251-b041-fe67c8be4a04"
        ],
        "Strict-Transport-Security": [
          "max-age=31536000; includeSubDomains"
        ],
        "x-ms-ratelimit-remaining-subscription-writes": [
          "1181"
        ],
        "x-ms-correlation-request-id": [
          "5ca50c09-6c45-4c30-8041-585e436f030c"
        ],
        "x-ms-routing-request-id": [
          "WESTUS2:20190105T011434Z:5ca50c09-6c45-4c30-8041-585e436f030c"
        ],
        "X-Content-Type-Options": [
          "nosniff"
        ],
        "Date": [
          "Sat, 05 Jan 2019 01:14:34 GMT"
        ],
        "Content-Length": [
          "452"
        ],
        "Content-Type": [
          "application/json; charset=utf-8"
        ],
        "Expires": [
          "-1"
        ]
      },
      "ResponseBody": "{\r\n  \"properties\": {\r\n    \"batchGroupName\": \"DEFAULT\",\r\n    \"releaseCriteria\": {\r\n      \"recurrence\": {\r\n        \"frequency\": \"Week\",\r\n        \"interval\": 1\r\n      }\r\n    },\r\n    \"createdTime\": \"2019-01-05T01:14:33.3830148Z\",\r\n    \"changedTime\": \"2019-01-05T01:14:34.5338545Z\"\r\n  },\r\n  \"id\": \"/subscriptions/f34b22a3-2202-4fb1-b040-1332bd928c84/resourceGroups/RG-ps2557/providers/Microsoft.Logic/integrationAccounts/IA-ps5446/batchConfigurations/BCps2323\",\r\n  \"name\": \"BCps2323\",\r\n  \"type\": \"Microsoft.Logic/integrationAccounts/batchConfigurations\"\r\n}",
      "StatusCode": 200
    },
    {
      "RequestUri": "/subscriptions/f34b22a3-2202-4fb1-b040-1332bd928c84/resourceGroups/RG-ps2557/providers/Microsoft.Logic/integrationAccounts/IA-ps5446/batchConfigurations/BCps2323?api-version=2018-07-01-preview",
      "EncodedRequestUri": "L3N1YnNjcmlwdGlvbnMvZjM0YjIyYTMtMjIwMi00ZmIxLWIwNDAtMTMzMmJkOTI4Yzg0L3Jlc291cmNlR3JvdXBzL1JHLXBzMjU1Ny9wcm92aWRlcnMvTWljcm9zb2Z0LkxvZ2ljL2ludGVncmF0aW9uQWNjb3VudHMvSUEtcHM1NDQ2L2JhdGNoQ29uZmlndXJhdGlvbnMvQkNwczIzMjM/YXBpLXZlcnNpb249MjAxOC0wNy0wMS1wcmV2aWV3",
      "RequestMethod": "PUT",
      "RequestBody": "{\r\n  \"properties\": {\r\n    \"batchGroupName\": \"DEFAULT\",\r\n    \"releaseCriteria\": {\r\n      \"recurrence\": {\r\n        \"frequency\": \"Week\",\r\n        \"interval\": 1\r\n      }\r\n    }\r\n  }\r\n}",
      "RequestHeaders": {
        "x-ms-client-request-id": [
          "c599452d-eb1a-4baf-849b-1b03a85cbef4"
        ],
        "Accept-Language": [
          "en-US"
        ],
        "User-Agent": [
          "FxVersion/4.6.27019.06",
          "OSName/Windows",
          "OSVersion/Microsoft.Windows.10.0.17763.",
          "Microsoft.Azure.Management.Logic.LogicManagementClient/4.0.0.0"
        ],
        "Content-Type": [
          "application/json; charset=utf-8"
        ],
        "Content-Length": [
          "180"
        ]
      },
      "ResponseHeaders": {
        "Cache-Control": [
          "no-cache"
        ],
        "Pragma": [
          "no-cache"
        ],
        "Vary": [
          "Accept-Encoding"
        ],
        "x-ms-request-id": [
          "westus:4f13a600-4640-4e6c-b5f2-9d68161bba21"
        ],
        "Strict-Transport-Security": [
          "max-age=31536000; includeSubDomains"
        ],
        "x-ms-ratelimit-remaining-subscription-writes": [
          "1180"
        ],
        "x-ms-correlation-request-id": [
          "f9586ca4-5e3a-48bc-9168-e834df267604"
        ],
        "x-ms-routing-request-id": [
          "WESTUS2:20190105T011434Z:f9586ca4-5e3a-48bc-9168-e834df267604"
        ],
        "X-Content-Type-Options": [
          "nosniff"
        ],
        "Date": [
          "Sat, 05 Jan 2019 01:14:34 GMT"
        ],
        "Content-Length": [
          "452"
        ],
        "Content-Type": [
          "application/json; charset=utf-8"
        ],
        "Expires": [
          "-1"
        ]
      },
      "ResponseBody": "{\r\n  \"properties\": {\r\n    \"batchGroupName\": \"DEFAULT\",\r\n    \"releaseCriteria\": {\r\n      \"recurrence\": {\r\n        \"frequency\": \"Week\",\r\n        \"interval\": 1\r\n      }\r\n    },\r\n    \"createdTime\": \"2019-01-05T01:14:33.3830148Z\",\r\n    \"changedTime\": \"2019-01-05T01:14:34.8087647Z\"\r\n  },\r\n  \"id\": \"/subscriptions/f34b22a3-2202-4fb1-b040-1332bd928c84/resourceGroups/RG-ps2557/providers/Microsoft.Logic/integrationAccounts/IA-ps5446/batchConfigurations/BCps2323\",\r\n  \"name\": \"BCps2323\",\r\n  \"type\": \"Microsoft.Logic/integrationAccounts/batchConfigurations\"\r\n}",
      "StatusCode": 200
    },
    {
      "RequestUri": "/subscriptions/f34b22a3-2202-4fb1-b040-1332bd928c84/resourceGroups/RG-ps2557/providers/Microsoft.Logic/integrationAccounts/IA-ps5446/assemblies/BCps2323?api-version=2018-07-01-preview",
      "EncodedRequestUri": "L3N1YnNjcmlwdGlvbnMvZjM0YjIyYTMtMjIwMi00ZmIxLWIwNDAtMTMzMmJkOTI4Yzg0L3Jlc291cmNlR3JvdXBzL1JHLXBzMjU1Ny9wcm92aWRlcnMvTWljcm9zb2Z0LkxvZ2ljL2ludGVncmF0aW9uQWNjb3VudHMvSUEtcHM1NDQ2L2Fzc2VtYmxpZXMvQkNwczIzMjM/YXBpLXZlcnNpb249MjAxOC0wNy0wMS1wcmV2aWV3",
      "RequestMethod": "DELETE",
      "RequestBody": "",
      "RequestHeaders": {
        "x-ms-client-request-id": [
          "e23d2eb8-ab26-4552-98e2-0c46fd9c750a"
        ],
        "Accept-Language": [
          "en-US"
        ],
        "User-Agent": [
          "FxVersion/4.6.27019.06",
          "OSName/Windows",
          "OSVersion/Microsoft.Windows.10.0.17763.",
          "Microsoft.Azure.Management.Logic.LogicManagementClient/4.0.0.0"
        ]
      },
      "ResponseHeaders": {
        "Cache-Control": [
          "no-cache"
        ],
        "Pragma": [
          "no-cache"
        ],
        "x-ms-request-id": [
          "westus:20670196-1bb0-4d44-9c27-5b4c4d0067d4"
        ],
        "Strict-Transport-Security": [
          "max-age=31536000; includeSubDomains"
        ],
        "x-ms-ratelimit-remaining-subscription-deletes": [
          "14995"
        ],
        "x-ms-correlation-request-id": [
          "fa613cda-452c-4bc0-bd4f-f79597d09dc1"
        ],
        "x-ms-routing-request-id": [
          "WESTUS2:20190105T011433Z:fa613cda-452c-4bc0-bd4f-f79597d09dc1"
        ],
        "X-Content-Type-Options": [
          "nosniff"
        ],
        "Date": [
          "Sat, 05 Jan 2019 01:14:33 GMT"
        ],
        "Expires": [
          "-1"
        ]
      },
      "ResponseBody": "",
      "StatusCode": 204
    },
    {
      "RequestUri": "/subscriptions/f34b22a3-2202-4fb1-b040-1332bd928c84/resourceGroups/RG-ps2557/providers/Microsoft.Logic/integrationAccounts/IA-ps5446/assemblies/BCps2323?api-version=2018-07-01-preview",
      "EncodedRequestUri": "L3N1YnNjcmlwdGlvbnMvZjM0YjIyYTMtMjIwMi00ZmIxLWIwNDAtMTMzMmJkOTI4Yzg0L3Jlc291cmNlR3JvdXBzL1JHLXBzMjU1Ny9wcm92aWRlcnMvTWljcm9zb2Z0LkxvZ2ljL2ludGVncmF0aW9uQWNjb3VudHMvSUEtcHM1NDQ2L2Fzc2VtYmxpZXMvQkNwczIzMjM/YXBpLXZlcnNpb249MjAxOC0wNy0wMS1wcmV2aWV3",
      "RequestMethod": "DELETE",
      "RequestBody": "",
      "RequestHeaders": {
        "x-ms-client-request-id": [
          "001bf598-dbf7-49c3-ae7c-7a6caadc8cad"
        ],
        "Accept-Language": [
          "en-US"
        ],
        "User-Agent": [
          "FxVersion/4.6.27019.06",
          "OSName/Windows",
          "OSVersion/Microsoft.Windows.10.0.17763.",
          "Microsoft.Azure.Management.Logic.LogicManagementClient/4.0.0.0"
        ]
      },
      "ResponseHeaders": {
        "Cache-Control": [
          "no-cache"
        ],
        "Pragma": [
          "no-cache"
        ],
        "x-ms-request-id": [
          "westus:cd876110-bd7b-444f-9197-19b55052a57c"
        ],
        "Strict-Transport-Security": [
          "max-age=31536000; includeSubDomains"
        ],
        "x-ms-ratelimit-remaining-subscription-deletes": [
          "14994"
        ],
        "x-ms-correlation-request-id": [
          "a62dfe17-63cd-404c-a0f4-802789144483"
        ],
        "x-ms-routing-request-id": [
          "WESTUS2:20190105T011434Z:a62dfe17-63cd-404c-a0f4-802789144483"
        ],
        "X-Content-Type-Options": [
          "nosniff"
        ],
        "Date": [
          "Sat, 05 Jan 2019 01:14:33 GMT"
        ],
        "Expires": [
          "-1"
        ]
      },
      "ResponseBody": "",
      "StatusCode": 204
    },
    {
      "RequestUri": "/subscriptions/f34b22a3-2202-4fb1-b040-1332bd928c84/resourceGroups/RG-ps2557/providers/Microsoft.Logic/integrationAccounts/IA-ps5446/assemblies/BCps2323?api-version=2018-07-01-preview",
      "EncodedRequestUri": "L3N1YnNjcmlwdGlvbnMvZjM0YjIyYTMtMjIwMi00ZmIxLWIwNDAtMTMzMmJkOTI4Yzg0L3Jlc291cmNlR3JvdXBzL1JHLXBzMjU1Ny9wcm92aWRlcnMvTWljcm9zb2Z0LkxvZ2ljL2ludGVncmF0aW9uQWNjb3VudHMvSUEtcHM1NDQ2L2Fzc2VtYmxpZXMvQkNwczIzMjM/YXBpLXZlcnNpb249MjAxOC0wNy0wMS1wcmV2aWV3",
      "RequestMethod": "DELETE",
      "RequestBody": "",
      "RequestHeaders": {
        "x-ms-client-request-id": [
          "49b520e8-d9e2-484c-aae7-4c44b3767622"
        ],
        "Accept-Language": [
          "en-US"
        ],
        "User-Agent": [
          "FxVersion/4.6.27019.06",
          "OSName/Windows",
          "OSVersion/Microsoft.Windows.10.0.17763.",
          "Microsoft.Azure.Management.Logic.LogicManagementClient/4.0.0.0"
        ]
      },
      "ResponseHeaders": {
        "Cache-Control": [
          "no-cache"
        ],
        "Pragma": [
          "no-cache"
        ],
        "x-ms-request-id": [
          "westus:f4af50a7-baf3-465c-b9e1-ffb03eef0135"
        ],
        "Strict-Transport-Security": [
          "max-age=31536000; includeSubDomains"
        ],
        "x-ms-ratelimit-remaining-subscription-deletes": [
          "14993"
        ],
        "x-ms-correlation-request-id": [
          "fa13cfef-8619-4d96-aa0c-e57feb8940d5"
        ],
        "x-ms-routing-request-id": [
          "WESTUS2:20190105T011434Z:fa13cfef-8619-4d96-aa0c-e57feb8940d5"
        ],
        "X-Content-Type-Options": [
          "nosniff"
        ],
        "Date": [
          "Sat, 05 Jan 2019 01:14:34 GMT"
        ],
        "Expires": [
          "-1"
        ]
      },
      "ResponseBody": "",
      "StatusCode": 204
    },
    {
      "RequestUri": "/subscriptions/f34b22a3-2202-4fb1-b040-1332bd928c84/resourceGroups/RG-ps2557/providers/Microsoft.Logic/integrationAccounts/IA-ps5446/assemblies/BCps2323?api-version=2018-07-01-preview",
      "EncodedRequestUri": "L3N1YnNjcmlwdGlvbnMvZjM0YjIyYTMtMjIwMi00ZmIxLWIwNDAtMTMzMmJkOTI4Yzg0L3Jlc291cmNlR3JvdXBzL1JHLXBzMjU1Ny9wcm92aWRlcnMvTWljcm9zb2Z0LkxvZ2ljL2ludGVncmF0aW9uQWNjb3VudHMvSUEtcHM1NDQ2L2Fzc2VtYmxpZXMvQkNwczIzMjM/YXBpLXZlcnNpb249MjAxOC0wNy0wMS1wcmV2aWV3",
      "RequestMethod": "DELETE",
      "RequestBody": "",
      "RequestHeaders": {
        "x-ms-client-request-id": [
          "4073c7d9-c68c-4c9f-b8f5-b1eec29a90d1"
        ],
        "Accept-Language": [
          "en-US"
        ],
        "User-Agent": [
          "FxVersion/4.6.27019.06",
          "OSName/Windows",
          "OSVersion/Microsoft.Windows.10.0.17763.",
          "Microsoft.Azure.Management.Logic.LogicManagementClient/4.0.0.0"
        ]
      },
      "ResponseHeaders": {
        "Cache-Control": [
          "no-cache"
        ],
        "Pragma": [
          "no-cache"
        ],
        "x-ms-request-id": [
          "westus:fc713ce3-9062-4821-a800-d4468534decb"
        ],
        "Strict-Transport-Security": [
          "max-age=31536000; includeSubDomains"
        ],
        "x-ms-ratelimit-remaining-subscription-deletes": [
          "14992"
        ],
        "x-ms-correlation-request-id": [
          "8b4b9ae3-9de3-47a7-90b9-9b04b991db18"
        ],
        "x-ms-routing-request-id": [
          "WESTUS2:20190105T011434Z:8b4b9ae3-9de3-47a7-90b9-9b04b991db18"
        ],
        "X-Content-Type-Options": [
          "nosniff"
        ],
        "Date": [
          "Sat, 05 Jan 2019 01:14:34 GMT"
        ],
        "Expires": [
          "-1"
        ]
      },
      "ResponseBody": "",
      "StatusCode": 204
    },
    {
      "RequestUri": "/subscriptions/f34b22a3-2202-4fb1-b040-1332bd928c84/resourceGroups/RG-ps2557/providers/Microsoft.Logic/integrationAccounts/IA-ps5446/assemblies/BCps2323?api-version=2018-07-01-preview",
      "EncodedRequestUri": "L3N1YnNjcmlwdGlvbnMvZjM0YjIyYTMtMjIwMi00ZmIxLWIwNDAtMTMzMmJkOTI4Yzg0L3Jlc291cmNlR3JvdXBzL1JHLXBzMjU1Ny9wcm92aWRlcnMvTWljcm9zb2Z0LkxvZ2ljL2ludGVncmF0aW9uQWNjb3VudHMvSUEtcHM1NDQ2L2Fzc2VtYmxpZXMvQkNwczIzMjM/YXBpLXZlcnNpb249MjAxOC0wNy0wMS1wcmV2aWV3",
      "RequestMethod": "DELETE",
      "RequestBody": "",
      "RequestHeaders": {
        "x-ms-client-request-id": [
          "0ae801f2-b6d9-49d9-a702-16744608d54e"
        ],
        "Accept-Language": [
          "en-US"
        ],
        "User-Agent": [
          "FxVersion/4.6.27019.06",
          "OSName/Windows",
          "OSVersion/Microsoft.Windows.10.0.17763.",
          "Microsoft.Azure.Management.Logic.LogicManagementClient/4.0.0.0"
        ]
      },
      "ResponseHeaders": {
        "Cache-Control": [
          "no-cache"
        ],
        "Pragma": [
          "no-cache"
        ],
        "x-ms-request-id": [
          "westus:01c34d3a-ecd4-440a-a948-28fb8aa9fd5f"
        ],
        "Strict-Transport-Security": [
          "max-age=31536000; includeSubDomains"
        ],
        "x-ms-ratelimit-remaining-subscription-deletes": [
          "14991"
        ],
        "x-ms-correlation-request-id": [
          "19bb787b-2563-4052-99f7-10604dcb9cd5"
        ],
        "x-ms-routing-request-id": [
          "WESTUS2:20190105T011434Z:19bb787b-2563-4052-99f7-10604dcb9cd5"
        ],
        "X-Content-Type-Options": [
          "nosniff"
        ],
        "Date": [
          "Sat, 05 Jan 2019 01:14:34 GMT"
        ],
        "Expires": [
          "-1"
        ]
      },
      "ResponseBody": "",
      "StatusCode": 204
    },
    {
      "RequestUri": "/subscriptions/f34b22a3-2202-4fb1-b040-1332bd928c84/resourceGroups/RG-ps2557/providers/Microsoft.Logic/integrationAccounts/IA-ps5446?api-version=2018-07-01-preview",
      "EncodedRequestUri": "L3N1YnNjcmlwdGlvbnMvZjM0YjIyYTMtMjIwMi00ZmIxLWIwNDAtMTMzMmJkOTI4Yzg0L3Jlc291cmNlR3JvdXBzL1JHLXBzMjU1Ny9wcm92aWRlcnMvTWljcm9zb2Z0LkxvZ2ljL2ludGVncmF0aW9uQWNjb3VudHMvSUEtcHM1NDQ2P2FwaS12ZXJzaW9uPTIwMTgtMDctMDEtcHJldmlldw==",
      "RequestMethod": "DELETE",
      "RequestBody": "",
      "RequestHeaders": {
        "x-ms-client-request-id": [
          "7bc3706f-c317-4120-a40b-450eed52ac87"
        ],
        "Accept-Language": [
          "en-US"
        ],
        "User-Agent": [
          "FxVersion/4.6.27019.06",
          "OSName/Windows",
          "OSVersion/Microsoft.Windows.10.0.17763.",
          "Microsoft.Azure.Management.Logic.LogicManagementClient/4.0.0.0"
        ]
      },
      "ResponseHeaders": {
        "Cache-Control": [
          "no-cache"
        ],
        "Pragma": [
          "no-cache"
        ],
        "x-ms-request-id": [
          "westus:a406eb36-e16d-4a5d-b88b-6eb4d918d62d"
        ],
        "Strict-Transport-Security": [
          "max-age=31536000; includeSubDomains"
        ],
        "x-ms-ratelimit-remaining-subscription-deletes": [
          "14990"
        ],
        "x-ms-correlation-request-id": [
          "0480e3a2-9c49-49f9-95e2-710313089504"
        ],
        "x-ms-routing-request-id": [
          "WESTUS2:20190105T011435Z:0480e3a2-9c49-49f9-95e2-710313089504"
        ],
        "X-Content-Type-Options": [
          "nosniff"
        ],
        "Date": [
          "Sat, 05 Jan 2019 01:14:35 GMT"
        ],
        "Expires": [
          "-1"
        ],
        "Content-Length": [
          "0"
        ]
      },
      "ResponseBody": "",
      "StatusCode": 200
    }
  ],
  "Names": {
    "Test-RemoveIntegrationAccountBatchConfiguration": [
      "ps2557",
      "ps5446",
      "ps2323"
    ]
  },
  "Variables": {
    "SubscriptionId": "f34b22a3-2202-4fb1-b040-1332bd928c84"
  }
}